ARM GAS  C:\Users\Rolf\AppData\Local\Temp\ccyb6oZa.s 			page 1


   1              		.syntax unified
   2              		.cpu cortex-m4
   3              		.eabi_attribute 27, 1
   4              		.fpu fpv4-sp-d16
   5              		.eabi_attribute 20, 1
   6              		.eabi_attribute 21, 1
   7              		.eabi_attribute 23, 3
   8              		.eabi_attribute 24, 1
   9              		.eabi_attribute 25, 1
  10              		.eabi_attribute 26, 1
  11              		.eabi_attribute 30, 1
  12              		.eabi_attribute 34, 1
  13              		.eabi_attribute 18, 4
  14              		.thumb
  15              		.syntax unified
  16              		.file	"cy_device.c"
  17              		.text
  18              	.Ltext0:
  19              		.cfi_sections	.debug_frame
  20              		.section	.text.Cy_PDL_Init,"ax",%progbits
  21              		.align	2
  22              		.global	Cy_PDL_Init
  23              		.thumb
  24              		.thumb_func
  25              		.type	Cy_PDL_Init, %function
  26              	Cy_PDL_Init:
  27              	.LFB0:
  28              		.file 1 "Generated_Source\\PSoC6\\pdl\\drivers\\peripheral\\device\\cy_device.c"
   1:Generated_Source\PSoC6\pdl\drivers\peripheral\device/cy_device.c **** /***************************************************************************//**
   2:Generated_Source\PSoC6\pdl\drivers\peripheral\device/cy_device.c **** * \file cy_device.c
   3:Generated_Source\PSoC6\pdl\drivers\peripheral\device/cy_device.c **** * \version 1.0
   4:Generated_Source\PSoC6\pdl\drivers\peripheral\device/cy_device.c **** *
   5:Generated_Source\PSoC6\pdl\drivers\peripheral\device/cy_device.c **** * This file provides the definitions for core and peripheral block HW base
   6:Generated_Source\PSoC6\pdl\drivers\peripheral\device/cy_device.c **** * addresses, versions, and parameters.
   7:Generated_Source\PSoC6\pdl\drivers\peripheral\device/cy_device.c **** *
   8:Generated_Source\PSoC6\pdl\drivers\peripheral\device/cy_device.c **** ********************************************************************************
   9:Generated_Source\PSoC6\pdl\drivers\peripheral\device/cy_device.c **** * \copyright
  10:Generated_Source\PSoC6\pdl\drivers\peripheral\device/cy_device.c **** * Copyright 2018, Cypress Semiconductor Corporation. All rights reserved.
  11:Generated_Source\PSoC6\pdl\drivers\peripheral\device/cy_device.c **** * You may use this file only in accordance with the license, terms, conditions,
  12:Generated_Source\PSoC6\pdl\drivers\peripheral\device/cy_device.c **** * disclaimers, and limitations in the end user license agreement accompanying
  13:Generated_Source\PSoC6\pdl\drivers\peripheral\device/cy_device.c **** * the software package with which this file was provided.
  14:Generated_Source\PSoC6\pdl\drivers\peripheral\device/cy_device.c **** *******************************************************************************/
  15:Generated_Source\PSoC6\pdl\drivers\peripheral\device/cy_device.c **** 
  16:Generated_Source\PSoC6\pdl\drivers\peripheral\device/cy_device.c **** #include "cy_device.h"
  17:Generated_Source\PSoC6\pdl\drivers\peripheral\device/cy_device.c **** 
  18:Generated_Source\PSoC6\pdl\drivers\peripheral\device/cy_device.c **** /*******************************************************************************
  19:Generated_Source\PSoC6\pdl\drivers\peripheral\device/cy_device.c **** *                   Global Variables
  20:Generated_Source\PSoC6\pdl\drivers\peripheral\device/cy_device.c **** *******************************************************************************/
  21:Generated_Source\PSoC6\pdl\drivers\peripheral\device/cy_device.c **** 
  22:Generated_Source\PSoC6\pdl\drivers\peripheral\device/cy_device.c **** /* This is set in Cy_PDL_Init() to the device information relevant
  23:Generated_Source\PSoC6\pdl\drivers\peripheral\device/cy_device.c ****  * for the current target.
  24:Generated_Source\PSoC6\pdl\drivers\peripheral\device/cy_device.c ****  */
  25:Generated_Source\PSoC6\pdl\drivers\peripheral\device/cy_device.c **** const cy_stc_device_t * cy_device;
  26:Generated_Source\PSoC6\pdl\drivers\peripheral\device/cy_device.c **** 
  27:Generated_Source\PSoC6\pdl\drivers\peripheral\device/cy_device.c **** /* Platform and peripheral block configuration */
  28:Generated_Source\PSoC6\pdl\drivers\peripheral\device/cy_device.c **** const cy_stc_device_t cy_deviceIpBlockCfgPSoC6_01 =
  29:Generated_Source\PSoC6\pdl\drivers\peripheral\device/cy_device.c **** {
ARM GAS  C:\Users\Rolf\AppData\Local\Temp\ccyb6oZa.s 			page 2


  30:Generated_Source\PSoC6\pdl\drivers\peripheral\device/cy_device.c ****     /* Base HW addresses */
  31:Generated_Source\PSoC6\pdl\drivers\peripheral\device/cy_device.c ****     /* cpussBase                 */ 0x40210000UL,
  32:Generated_Source\PSoC6\pdl\drivers\peripheral\device/cy_device.c ****     /* flashcBase                */ 0x40250000UL,
  33:Generated_Source\PSoC6\pdl\drivers\peripheral\device/cy_device.c ****     /* periBase                  */ 0x40010000UL,
  34:Generated_Source\PSoC6\pdl\drivers\peripheral\device/cy_device.c ****     /* udbBase                   */ 0x40340000UL,
  35:Generated_Source\PSoC6\pdl\drivers\peripheral\device/cy_device.c ****     /* protBase                  */ 0x40240000UL,
  36:Generated_Source\PSoC6\pdl\drivers\peripheral\device/cy_device.c ****     /* hsiomBase                 */ 0x40310000UL,
  37:Generated_Source\PSoC6\pdl\drivers\peripheral\device/cy_device.c ****     /* gpioBase                  */ 0x40320000UL,
  38:Generated_Source\PSoC6\pdl\drivers\peripheral\device/cy_device.c ****     /* passBase                  */ 0x411F0000UL,
  39:Generated_Source\PSoC6\pdl\drivers\peripheral\device/cy_device.c ****     /* ipcBase                   */ 0x40230000UL,
  40:Generated_Source\PSoC6\pdl\drivers\peripheral\device/cy_device.c ****     /* cryptoBase                */ 0x40110000UL,
  41:Generated_Source\PSoC6\pdl\drivers\peripheral\device/cy_device.c **** 
  42:Generated_Source\PSoC6\pdl\drivers\peripheral\device/cy_device.c ****     /* IP block versions */
  43:Generated_Source\PSoC6\pdl\drivers\peripheral\device/cy_device.c ****     /* cpussVersion              */ 1U,
  44:Generated_Source\PSoC6\pdl\drivers\peripheral\device/cy_device.c ****     /* cryptoVersion             */ 1U,
  45:Generated_Source\PSoC6\pdl\drivers\peripheral\device/cy_device.c ****     /* dwVersion                 */ 1U,
  46:Generated_Source\PSoC6\pdl\drivers\peripheral\device/cy_device.c ****     /* flashcVersion             */ 1U,
  47:Generated_Source\PSoC6\pdl\drivers\peripheral\device/cy_device.c ****     /* gpioVersion               */ 1U,
  48:Generated_Source\PSoC6\pdl\drivers\peripheral\device/cy_device.c ****     /* hsiomVersion              */ 1U,
  49:Generated_Source\PSoC6\pdl\drivers\peripheral\device/cy_device.c ****     /* ipcVersion                */ 1U,
  50:Generated_Source\PSoC6\pdl\drivers\peripheral\device/cy_device.c ****     /* periVersion               */ 1U,
  51:Generated_Source\PSoC6\pdl\drivers\peripheral\device/cy_device.c ****     /* protVersion               */ 1U,
  52:Generated_Source\PSoC6\pdl\drivers\peripheral\device/cy_device.c **** 
  53:Generated_Source\PSoC6\pdl\drivers\peripheral\device/cy_device.c ****     /* Parameters  */
  54:Generated_Source\PSoC6\pdl\drivers\peripheral\device/cy_device.c ****     /* cpussIpcNr                */ 16U,
  55:Generated_Source\PSoC6\pdl\drivers\peripheral\device/cy_device.c ****     /* cpussIpcIrqNr             */ 16U,
  56:Generated_Source\PSoC6\pdl\drivers\peripheral\device/cy_device.c ****     /* cpussDwChNr               */ 16U,
  57:Generated_Source\PSoC6\pdl\drivers\peripheral\device/cy_device.c ****     /* cpussFlashPaSize          */ 128U,
  58:Generated_Source\PSoC6\pdl\drivers\peripheral\device/cy_device.c ****     /* cpussIpc0Irq              */ 25,
  59:Generated_Source\PSoC6\pdl\drivers\peripheral\device/cy_device.c ****     /* cpussFmIrq                */ 85,
  60:Generated_Source\PSoC6\pdl\drivers\peripheral\device/cy_device.c ****     /* cpussNotConnectedIrq      */ 240,
  61:Generated_Source\PSoC6\pdl\drivers\peripheral\device/cy_device.c ****     /* srssNumClkpath            */ 5U,
  62:Generated_Source\PSoC6\pdl\drivers\peripheral\device/cy_device.c ****     /* srssNumPll                */ 1U,
  63:Generated_Source\PSoC6\pdl\drivers\peripheral\device/cy_device.c ****     /* srssNumHfroot             */ 5U,
  64:Generated_Source\PSoC6\pdl\drivers\peripheral\device/cy_device.c ****     /* periClockNr               */ 59U,
  65:Generated_Source\PSoC6\pdl\drivers\peripheral\device/cy_device.c ****     /* smifDeviceNr              */ 4U,
  66:Generated_Source\PSoC6\pdl\drivers\peripheral\device/cy_device.c ****     /* passSarChannels           */ 16U,
  67:Generated_Source\PSoC6\pdl\drivers\peripheral\device/cy_device.c ****     /* epMonitorNr               */ 28u,
  68:Generated_Source\PSoC6\pdl\drivers\peripheral\device/cy_device.c ****     /* udbPresent                */ 1U,
  69:Generated_Source\PSoC6\pdl\drivers\peripheral\device/cy_device.c ****     /* sysPmSimoPresent          */ 1U,
  70:Generated_Source\PSoC6\pdl\drivers\peripheral\device/cy_device.c ****     /* protBusMasterMask         */ 0xC00FUL,
  71:Generated_Source\PSoC6\pdl\drivers\peripheral\device/cy_device.c ****     /* cryptoMemSize             */ 1024u,
  72:Generated_Source\PSoC6\pdl\drivers\peripheral\device/cy_device.c ****     /* flashRwwRequired          */ 1U,
  73:Generated_Source\PSoC6\pdl\drivers\peripheral\device/cy_device.c ****     /* flashPipeRequired         */ 1U,
  74:Generated_Source\PSoC6\pdl\drivers\peripheral\device/cy_device.c ****     /* flashWriteDelay           */ 1U,
  75:Generated_Source\PSoC6\pdl\drivers\peripheral\device/cy_device.c ****     /* flashProgramDelay         */ 1U,
  76:Generated_Source\PSoC6\pdl\drivers\peripheral\device/cy_device.c ****     /* flashEraseDelay           */ 1U,
  77:Generated_Source\PSoC6\pdl\drivers\peripheral\device/cy_device.c ****     /* flashCtlMainWs0Freq       */ 29U,
  78:Generated_Source\PSoC6\pdl\drivers\peripheral\device/cy_device.c ****     /* flashCtlMainWs1Freq       */ 58U,
  79:Generated_Source\PSoC6\pdl\drivers\peripheral\device/cy_device.c ****     /* flashCtlMainWs2Freq       */ 87U,
  80:Generated_Source\PSoC6\pdl\drivers\peripheral\device/cy_device.c ****     /* flashCtlMainWs3Freq       */ 120U,
  81:Generated_Source\PSoC6\pdl\drivers\peripheral\device/cy_device.c ****     /* flashCtlMainWs4Freq       */ 150U,
  82:Generated_Source\PSoC6\pdl\drivers\peripheral\device/cy_device.c **** 
  83:Generated_Source\PSoC6\pdl\drivers\peripheral\device/cy_device.c ****     /* Peripheral register offsets */
  84:Generated_Source\PSoC6\pdl\drivers\peripheral\device/cy_device.c **** 
  85:Generated_Source\PSoC6\pdl\drivers\peripheral\device/cy_device.c ****     /* DW registers */
  86:Generated_Source\PSoC6\pdl\drivers\peripheral\device/cy_device.c ****     /* dwChOffset                */ offsetof(DW_V1_Type, CH_STRUCT),
ARM GAS  C:\Users\Rolf\AppData\Local\Temp\ccyb6oZa.s 			page 3


  87:Generated_Source\PSoC6\pdl\drivers\peripheral\device/cy_device.c ****     /* dwChSize                  */ sizeof(DW_CH_STRUCT_V1_Type),
  88:Generated_Source\PSoC6\pdl\drivers\peripheral\device/cy_device.c ****     /* dwChCtlPrioPos            */ (uint8_t)DW_CH_STRUCT_CH_CTL_PRIO_Pos,
  89:Generated_Source\PSoC6\pdl\drivers\peripheral\device/cy_device.c ****     /* dwChCtlPreemptablePos     */ (uint8_t)DW_CH_STRUCT_CH_CTL_PREEMPTABLE_Pos,
  90:Generated_Source\PSoC6\pdl\drivers\peripheral\device/cy_device.c ****     /* dwStatusChIdxPos          */ (uint8_t)DW_STATUS_CH_IDX_Pos,
  91:Generated_Source\PSoC6\pdl\drivers\peripheral\device/cy_device.c ****     /* dwStatusChIdxMsk          */ DW_STATUS_CH_IDX_Msk,
  92:Generated_Source\PSoC6\pdl\drivers\peripheral\device/cy_device.c **** 
  93:Generated_Source\PSoC6\pdl\drivers\peripheral\device/cy_device.c ****     /* PERI registers */
  94:Generated_Source\PSoC6\pdl\drivers\peripheral\device/cy_device.c ****     /* periTrCmdOffset           */ offsetof(PERI_V1_Type, TR_CMD),
  95:Generated_Source\PSoC6\pdl\drivers\peripheral\device/cy_device.c ****     /* periTrCmdGrSelMsk         */ PERI_TR_CMD_GROUP_SEL_Msk,
  96:Generated_Source\PSoC6\pdl\drivers\peripheral\device/cy_device.c ****     /* periTrGrOffset            */ offsetof(PERI_V1_Type, TR_GR),
  97:Generated_Source\PSoC6\pdl\drivers\peripheral\device/cy_device.c ****     /* periTrGrSize              */ sizeof(PERI_TR_GR_V1_Type),
  98:Generated_Source\PSoC6\pdl\drivers\peripheral\device/cy_device.c **** 
  99:Generated_Source\PSoC6\pdl\drivers\peripheral\device/cy_device.c ****     /* periDivCmdDivSelMsk       */ PERI_DIV_CMD_DIV_SEL_Msk,
 100:Generated_Source\PSoC6\pdl\drivers\peripheral\device/cy_device.c ****     /* periDivCmdTypeSelPos      */ PERI_DIV_CMD_TYPE_SEL_Pos,
 101:Generated_Source\PSoC6\pdl\drivers\peripheral\device/cy_device.c ****     /* periDivCmdPaDivSelPos     */ PERI_DIV_CMD_PA_DIV_SEL_Pos,
 102:Generated_Source\PSoC6\pdl\drivers\peripheral\device/cy_device.c ****     /* periDivCmdPaTypeSelPos    */ PERI_DIV_CMD_PA_TYPE_SEL_Pos,
 103:Generated_Source\PSoC6\pdl\drivers\peripheral\device/cy_device.c **** 
 104:Generated_Source\PSoC6\pdl\drivers\peripheral\device/cy_device.c ****     /* periDiv8CtlOffset         */ offsetof(PERI_V1_Type, DIV_8_CTL),
 105:Generated_Source\PSoC6\pdl\drivers\peripheral\device/cy_device.c ****     /* periDiv16CtlOffset        */ offsetof(PERI_V1_Type, DIV_16_CTL),
 106:Generated_Source\PSoC6\pdl\drivers\peripheral\device/cy_device.c ****     /* periDiv16_5CtlOffset      */ offsetof(PERI_V1_Type, DIV_16_5_CTL),
 107:Generated_Source\PSoC6\pdl\drivers\peripheral\device/cy_device.c ****     /* periDiv24_5CtlOffset      */ offsetof(PERI_V1_Type, DIV_24_5_CTL),
 108:Generated_Source\PSoC6\pdl\drivers\peripheral\device/cy_device.c **** 
 109:Generated_Source\PSoC6\pdl\drivers\peripheral\device/cy_device.c ****     /* GPIO registers */
 110:Generated_Source\PSoC6\pdl\drivers\peripheral\device/cy_device.c ****     /* gpioPrtIntrCfgOffset      */ offsetof(GPIO_PRT_V1_Type, INTR_CFG),
 111:Generated_Source\PSoC6\pdl\drivers\peripheral\device/cy_device.c ****     /* gpioPrtCfgOffset          */ offsetof(GPIO_PRT_V1_Type, CFG),
 112:Generated_Source\PSoC6\pdl\drivers\peripheral\device/cy_device.c ****     /* gpioPrtCfgInOffset        */ offsetof(GPIO_PRT_V1_Type, CFG_IN),
 113:Generated_Source\PSoC6\pdl\drivers\peripheral\device/cy_device.c ****     /* gpioPrtCfgOutOffset       */ offsetof(GPIO_PRT_V1_Type, CFG_OUT),
 114:Generated_Source\PSoC6\pdl\drivers\peripheral\device/cy_device.c ****     /* gpioPrtCfgSioOffset       */ offsetof(GPIO_PRT_V1_Type, CFG_SIO),
 115:Generated_Source\PSoC6\pdl\drivers\peripheral\device/cy_device.c **** 
 116:Generated_Source\PSoC6\pdl\drivers\peripheral\device/cy_device.c ****     /* CPUSS registers  */
 117:Generated_Source\PSoC6\pdl\drivers\peripheral\device/cy_device.c ****     /* cpussCm0ClockCtlOffset    */ offsetof(CPUSS_V1_Type, CM0_CLOCK_CTL),
 118:Generated_Source\PSoC6\pdl\drivers\peripheral\device/cy_device.c ****     /* cpussCm4ClockCtlOffset    */ offsetof(CPUSS_V1_Type, CM4_CLOCK_CTL),
 119:Generated_Source\PSoC6\pdl\drivers\peripheral\device/cy_device.c ****     /* cpussCm4StatusOffset      */ offsetof(CPUSS_V1_Type, CM4_STATUS),
 120:Generated_Source\PSoC6\pdl\drivers\peripheral\device/cy_device.c ****     /* cpussCm0StatusOffset      */ offsetof(CPUSS_V1_Type, CM0_STATUS),
 121:Generated_Source\PSoC6\pdl\drivers\peripheral\device/cy_device.c ****     /* cpussCm4PwrCtlOffset      */ offsetof(CPUSS_V1_Type, CM4_PWR_CTL),
 122:Generated_Source\PSoC6\pdl\drivers\peripheral\device/cy_device.c ****     /* cpussTrimRamCtlOffset     */ offsetof(CPUSS_V1_Type, TRIM_RAM_CTL),
 123:Generated_Source\PSoC6\pdl\drivers\peripheral\device/cy_device.c ****     /* cpussTrimRomCtlOffset     */ offsetof(CPUSS_V1_Type, TRIM_ROM_CTL),
 124:Generated_Source\PSoC6\pdl\drivers\peripheral\device/cy_device.c ****     /* cpussSysTickCtlOffset     */ offsetof(CPUSS_V1_Type, SYSTICK_CTL),
 125:Generated_Source\PSoC6\pdl\drivers\peripheral\device/cy_device.c **** 
 126:Generated_Source\PSoC6\pdl\drivers\peripheral\device/cy_device.c ****     /* cpussCm0NmiCtlOffset      */ (uint16_t)offsetof(CPUSS_V1_Type, CM0_NMI_CTL),
 127:Generated_Source\PSoC6\pdl\drivers\peripheral\device/cy_device.c ****     /* cpussCm4NmiCtlOffset      */ (uint16_t)offsetof(CPUSS_V1_Type, CM4_NMI_CTL),
 128:Generated_Source\PSoC6\pdl\drivers\peripheral\device/cy_device.c ****     /* cpussRomCtl               */ (uint16_t)offsetof(CPUSS_V1_Type, ROM_CTL),
 129:Generated_Source\PSoC6\pdl\drivers\peripheral\device/cy_device.c ****     /* cpussRam0Ctl0             */ (uint16_t)offsetof(CPUSS_V1_Type, RAM0_CTL0),
 130:Generated_Source\PSoC6\pdl\drivers\peripheral\device/cy_device.c ****     /* cpussRam1Ctl0             */ (uint16_t)offsetof(CPUSS_V1_Type, RAM1_CTL0),
 131:Generated_Source\PSoC6\pdl\drivers\peripheral\device/cy_device.c ****     /* cpussRam2Ctl0             */ (uint16_t)offsetof(CPUSS_V1_Type, RAM2_CTL0),
 132:Generated_Source\PSoC6\pdl\drivers\peripheral\device/cy_device.c **** 
 133:Generated_Source\PSoC6\pdl\drivers\peripheral\device/cy_device.c ****     /* IPC registers */
 134:Generated_Source\PSoC6\pdl\drivers\peripheral\device/cy_device.c ****     /* ipcStructSize             */ sizeof(IPC_STRUCT_V1_Type),
 135:Generated_Source\PSoC6\pdl\drivers\peripheral\device/cy_device.c ****     /* ipcLockStatusOffset       */ offsetof(IPC_STRUCT_V1_Type, LOCK_STATUS),
 136:Generated_Source\PSoC6\pdl\drivers\peripheral\device/cy_device.c **** };
 137:Generated_Source\PSoC6\pdl\drivers\peripheral\device/cy_device.c **** 
 138:Generated_Source\PSoC6\pdl\drivers\peripheral\device/cy_device.c **** const cy_stc_device_t cy_deviceIpBlockCfgPSoC6_02 =
 139:Generated_Source\PSoC6\pdl\drivers\peripheral\device/cy_device.c **** {
 140:Generated_Source\PSoC6\pdl\drivers\peripheral\device/cy_device.c ****     /* Base HW addresses */
 141:Generated_Source\PSoC6\pdl\drivers\peripheral\device/cy_device.c ****     /* cpussBase                 */ 0x40200000UL,
 142:Generated_Source\PSoC6\pdl\drivers\peripheral\device/cy_device.c ****     /* flashcBase                */ 0x40240000UL,
 143:Generated_Source\PSoC6\pdl\drivers\peripheral\device/cy_device.c ****     /* periBase                  */ 0x40000000UL,
ARM GAS  C:\Users\Rolf\AppData\Local\Temp\ccyb6oZa.s 			page 4


 144:Generated_Source\PSoC6\pdl\drivers\peripheral\device/cy_device.c ****     /* udbBase                   */ 0UL,
 145:Generated_Source\PSoC6\pdl\drivers\peripheral\device/cy_device.c ****     /* protBase                  */ 0x40230000UL,
 146:Generated_Source\PSoC6\pdl\drivers\peripheral\device/cy_device.c ****     /* hsiomBase                 */ 0x40300000UL,
 147:Generated_Source\PSoC6\pdl\drivers\peripheral\device/cy_device.c ****     /* gpioBase                  */ 0x40310000UL,
 148:Generated_Source\PSoC6\pdl\drivers\peripheral\device/cy_device.c ****     /* passBase                  */ 0x409F0000UL,
 149:Generated_Source\PSoC6\pdl\drivers\peripheral\device/cy_device.c ****     /* ipcBase                   */ 0x40220000UL,
 150:Generated_Source\PSoC6\pdl\drivers\peripheral\device/cy_device.c ****     /* cryptoBase                */ 0x40100000UL,
 151:Generated_Source\PSoC6\pdl\drivers\peripheral\device/cy_device.c **** 
 152:Generated_Source\PSoC6\pdl\drivers\peripheral\device/cy_device.c ****     /* IP block versions */
 153:Generated_Source\PSoC6\pdl\drivers\peripheral\device/cy_device.c ****     /* cpussVersion              */ 2U,
 154:Generated_Source\PSoC6\pdl\drivers\peripheral\device/cy_device.c ****     /* cryptoVersion             */ 2U,
 155:Generated_Source\PSoC6\pdl\drivers\peripheral\device/cy_device.c ****     /* dwVersion                 */ 2U,
 156:Generated_Source\PSoC6\pdl\drivers\peripheral\device/cy_device.c ****     /* flashcVersion             */ 2U,
 157:Generated_Source\PSoC6\pdl\drivers\peripheral\device/cy_device.c ****     /* gpioVersion               */ 2U,
 158:Generated_Source\PSoC6\pdl\drivers\peripheral\device/cy_device.c ****     /* hsiomVersion              */ 2U,
 159:Generated_Source\PSoC6\pdl\drivers\peripheral\device/cy_device.c ****     /* ipcVersion                */ 2U,
 160:Generated_Source\PSoC6\pdl\drivers\peripheral\device/cy_device.c ****     /* periVersion               */ 2U,
 161:Generated_Source\PSoC6\pdl\drivers\peripheral\device/cy_device.c ****     /* protVersion               */ 2U,
 162:Generated_Source\PSoC6\pdl\drivers\peripheral\device/cy_device.c **** 
 163:Generated_Source\PSoC6\pdl\drivers\peripheral\device/cy_device.c ****     /* Parameters */
 164:Generated_Source\PSoC6\pdl\drivers\peripheral\device/cy_device.c ****     /* cpussIpcNr                */ 16U,
 165:Generated_Source\PSoC6\pdl\drivers\peripheral\device/cy_device.c ****     /* cpussIpcIrqNr             */ 16U,
 166:Generated_Source\PSoC6\pdl\drivers\peripheral\device/cy_device.c ****     /* cpussDwChNr               */ 29U,
 167:Generated_Source\PSoC6\pdl\drivers\peripheral\device/cy_device.c ****     /* cpussFlashPaSize          */ 128U,
 168:Generated_Source\PSoC6\pdl\drivers\peripheral\device/cy_device.c ****     /* cpussIpc0Irq              */ 23,
 169:Generated_Source\PSoC6\pdl\drivers\peripheral\device/cy_device.c ****     /* cpussFmIrq                */ 117,
 170:Generated_Source\PSoC6\pdl\drivers\peripheral\device/cy_device.c ****     /* cpussNotConnectedIrq      */ 1023,
 171:Generated_Source\PSoC6\pdl\drivers\peripheral\device/cy_device.c ****     /* srssNumClkpath            */ 6U,
 172:Generated_Source\PSoC6\pdl\drivers\peripheral\device/cy_device.c ****     /* srssNumPll                */ 2U,
 173:Generated_Source\PSoC6\pdl\drivers\peripheral\device/cy_device.c ****     /* srssNumHfroot             */ 6U,
 174:Generated_Source\PSoC6\pdl\drivers\peripheral\device/cy_device.c ****     /* periClockNr               */ 54U,
 175:Generated_Source\PSoC6\pdl\drivers\peripheral\device/cy_device.c ****     /* smifDeviceNr              */ 4,
 176:Generated_Source\PSoC6\pdl\drivers\peripheral\device/cy_device.c ****     /* passSarChannels           */ 16U,
 177:Generated_Source\PSoC6\pdl\drivers\peripheral\device/cy_device.c ****     /* epMonitorNr               */ 32u,
 178:Generated_Source\PSoC6\pdl\drivers\peripheral\device/cy_device.c ****     /* udbPresent                */ 0U,
 179:Generated_Source\PSoC6\pdl\drivers\peripheral\device/cy_device.c ****     /* sysPmSimoPresent          */ 0U,
 180:Generated_Source\PSoC6\pdl\drivers\peripheral\device/cy_device.c ****     /* protBusMasterMask         */ 0xC07FUL,
 181:Generated_Source\PSoC6\pdl\drivers\peripheral\device/cy_device.c ****     /* cryptoMemSize             */ 1024u,
 182:Generated_Source\PSoC6\pdl\drivers\peripheral\device/cy_device.c ****     /* flashRwwRequired          */ 0U,
 183:Generated_Source\PSoC6\pdl\drivers\peripheral\device/cy_device.c ****     /* flashPipeRequired         */ 0U,
 184:Generated_Source\PSoC6\pdl\drivers\peripheral\device/cy_device.c ****     /* flashWriteDelay           */ 0U,
 185:Generated_Source\PSoC6\pdl\drivers\peripheral\device/cy_device.c ****     /* flashProgramDelay         */ 0U,
 186:Generated_Source\PSoC6\pdl\drivers\peripheral\device/cy_device.c ****     /* flashEraseDelay           */ 0U,
 187:Generated_Source\PSoC6\pdl\drivers\peripheral\device/cy_device.c ****     /* flashCtlMainWs0Freq       */ 25U,
 188:Generated_Source\PSoC6\pdl\drivers\peripheral\device/cy_device.c ****     /* flashCtlMainWs1Freq       */ 50U,
 189:Generated_Source\PSoC6\pdl\drivers\peripheral\device/cy_device.c ****     /* flashCtlMainWs2Freq       */ 75U,
 190:Generated_Source\PSoC6\pdl\drivers\peripheral\device/cy_device.c ****     /* flashCtlMainWs3Freq       */ 100U,
 191:Generated_Source\PSoC6\pdl\drivers\peripheral\device/cy_device.c ****     /* flashCtlMainWs4Freq       */ 125U,
 192:Generated_Source\PSoC6\pdl\drivers\peripheral\device/cy_device.c **** 
 193:Generated_Source\PSoC6\pdl\drivers\peripheral\device/cy_device.c ****     /* Peripheral register offsets */
 194:Generated_Source\PSoC6\pdl\drivers\peripheral\device/cy_device.c **** 
 195:Generated_Source\PSoC6\pdl\drivers\peripheral\device/cy_device.c ****     /* DW registers */
 196:Generated_Source\PSoC6\pdl\drivers\peripheral\device/cy_device.c ****     /* dwChOffset                */ offsetof(DW_V2_Type, CH_STRUCT),
 197:Generated_Source\PSoC6\pdl\drivers\peripheral\device/cy_device.c ****     /* dwChSize                  */ sizeof(DW_CH_STRUCT_V2_Type),
 198:Generated_Source\PSoC6\pdl\drivers\peripheral\device/cy_device.c ****     /* dwChCtlPrioPos            */ (uint8_t)DW_CH_STRUCT_V2_CH_CTL_PRIO_Pos,
 199:Generated_Source\PSoC6\pdl\drivers\peripheral\device/cy_device.c ****     /* dwChCtlPreemptablePos     */ (uint8_t)DW_CH_STRUCT_V2_CH_CTL_PREEMPTABLE_Pos,
 200:Generated_Source\PSoC6\pdl\drivers\peripheral\device/cy_device.c ****     /* dwStatusChIdxPos          */ (uint8_t)DW_V2_STATUS_CH_IDX_Pos,
ARM GAS  C:\Users\Rolf\AppData\Local\Temp\ccyb6oZa.s 			page 5


 201:Generated_Source\PSoC6\pdl\drivers\peripheral\device/cy_device.c ****     /* dwStatusChIdxMsk          */ DW_V2_STATUS_CH_IDX_Msk,
 202:Generated_Source\PSoC6\pdl\drivers\peripheral\device/cy_device.c **** 
 203:Generated_Source\PSoC6\pdl\drivers\peripheral\device/cy_device.c ****     /* PERI registers  */
 204:Generated_Source\PSoC6\pdl\drivers\peripheral\device/cy_device.c ****     /* periTrCmdOffset           */ offsetof(PERI_V2_Type, TR_CMD),
 205:Generated_Source\PSoC6\pdl\drivers\peripheral\device/cy_device.c ****     /* periTrCmdGrSelMsk         */ PERI_V2_TR_CMD_GROUP_SEL_Msk,
 206:Generated_Source\PSoC6\pdl\drivers\peripheral\device/cy_device.c ****     /* periTrGrOffset            */ offsetof(PERI_V2_Type, TR_GR),
 207:Generated_Source\PSoC6\pdl\drivers\peripheral\device/cy_device.c ****     /* periTrGrSize              */ sizeof(PERI_TR_GR_V2_Type),
 208:Generated_Source\PSoC6\pdl\drivers\peripheral\device/cy_device.c **** 
 209:Generated_Source\PSoC6\pdl\drivers\peripheral\device/cy_device.c ****     /* periDivCmdDivSelMsk       */ (uint8_t)PERI_V2_DIV_CMD_DIV_SEL_Msk,
 210:Generated_Source\PSoC6\pdl\drivers\peripheral\device/cy_device.c ****     /* periDivCmdTypeSelPos      */ (uint8_t)PERI_V2_DIV_CMD_TYPE_SEL_Pos,
 211:Generated_Source\PSoC6\pdl\drivers\peripheral\device/cy_device.c ****     /* periDivCmdPaDivSelPos     */ (uint8_t)PERI_V2_DIV_CMD_PA_DIV_SEL_Pos,
 212:Generated_Source\PSoC6\pdl\drivers\peripheral\device/cy_device.c ****     /* periDivCmdPaTypeSelPos    */ (uint8_t)PERI_V2_DIV_CMD_PA_TYPE_SEL_Pos,
 213:Generated_Source\PSoC6\pdl\drivers\peripheral\device/cy_device.c **** 
 214:Generated_Source\PSoC6\pdl\drivers\peripheral\device/cy_device.c ****     /* periDiv8CtlOffset         */ offsetof(PERI_V2_Type, DIV_8_CTL),
 215:Generated_Source\PSoC6\pdl\drivers\peripheral\device/cy_device.c ****     /* periDiv16CtlOffset        */ offsetof(PERI_V2_Type, DIV_16_CTL),
 216:Generated_Source\PSoC6\pdl\drivers\peripheral\device/cy_device.c ****     /* periDiv16_5CtlOffset      */ offsetof(PERI_V2_Type, DIV_16_5_CTL),
 217:Generated_Source\PSoC6\pdl\drivers\peripheral\device/cy_device.c ****     /* periDiv24_5CtlOffset      */ offsetof(PERI_V2_Type, DIV_24_5_CTL),
 218:Generated_Source\PSoC6\pdl\drivers\peripheral\device/cy_device.c **** 
 219:Generated_Source\PSoC6\pdl\drivers\peripheral\device/cy_device.c ****     /* GPIO registers  */
 220:Generated_Source\PSoC6\pdl\drivers\peripheral\device/cy_device.c ****     /* gpioPrtIntrCfgOffset      */ offsetof(GPIO_PRT_V2_Type, INTR_CFG),
 221:Generated_Source\PSoC6\pdl\drivers\peripheral\device/cy_device.c ****     /* gpioPrtCfgOffset          */ offsetof(GPIO_PRT_V2_Type, CFG),
 222:Generated_Source\PSoC6\pdl\drivers\peripheral\device/cy_device.c ****     /* gpioPrtCfgInOffset        */ offsetof(GPIO_PRT_V2_Type, CFG_IN),
 223:Generated_Source\PSoC6\pdl\drivers\peripheral\device/cy_device.c ****     /* gpioPrtCfgOutOffset       */ offsetof(GPIO_PRT_V2_Type, CFG_OUT),
 224:Generated_Source\PSoC6\pdl\drivers\peripheral\device/cy_device.c ****     /* gpioPrtCfgSioOffset       */ offsetof(GPIO_PRT_V2_Type, CFG_SIO),
 225:Generated_Source\PSoC6\pdl\drivers\peripheral\device/cy_device.c **** 
 226:Generated_Source\PSoC6\pdl\drivers\peripheral\device/cy_device.c ****     /* CPUSS registers */
 227:Generated_Source\PSoC6\pdl\drivers\peripheral\device/cy_device.c ****     /* cpussCm0ClockCtlOffset    */ offsetof(CPUSS_V2_Type, CM0_CLOCK_CTL),
 228:Generated_Source\PSoC6\pdl\drivers\peripheral\device/cy_device.c ****     /* cpussCm4ClockCtlOffset    */ offsetof(CPUSS_V2_Type, CM4_CLOCK_CTL),
 229:Generated_Source\PSoC6\pdl\drivers\peripheral\device/cy_device.c ****     /* cpussCm4StatusOffset      */ offsetof(CPUSS_V2_Type, CM4_STATUS),
 230:Generated_Source\PSoC6\pdl\drivers\peripheral\device/cy_device.c ****     /* cpussCm0StatusOffset      */ offsetof(CPUSS_V2_Type, CM0_STATUS),
 231:Generated_Source\PSoC6\pdl\drivers\peripheral\device/cy_device.c ****     /* cpussCm4PwrCtlOffset      */ offsetof(CPUSS_V2_Type, CM4_PWR_CTL),
 232:Generated_Source\PSoC6\pdl\drivers\peripheral\device/cy_device.c ****     /* cpussTrimRamCtlOffset     */ offsetof(CPUSS_V2_Type, TRIM_RAM_CTL),
 233:Generated_Source\PSoC6\pdl\drivers\peripheral\device/cy_device.c ****     /* cpussTrimRomCtlOffset     */ offsetof(CPUSS_V2_Type, TRIM_ROM_CTL),
 234:Generated_Source\PSoC6\pdl\drivers\peripheral\device/cy_device.c ****     /* cpussSysTickCtlOffset     */ offsetof(CPUSS_V2_Type, SYSTICK_CTL),
 235:Generated_Source\PSoC6\pdl\drivers\peripheral\device/cy_device.c ****     /* cpussCm0NmiCtlOffset      */ (uint16_t)offsetof(CPUSS_V2_Type, CM0_NMI_CTL),
 236:Generated_Source\PSoC6\pdl\drivers\peripheral\device/cy_device.c ****     /* cpussCm4NmiCtlOffset      */ (uint16_t)offsetof(CPUSS_V2_Type, CM4_NMI_CTL),
 237:Generated_Source\PSoC6\pdl\drivers\peripheral\device/cy_device.c ****     /* cpussRomCtl               */ (uint16_t)offsetof(CPUSS_V2_Type, ROM_CTL),
 238:Generated_Source\PSoC6\pdl\drivers\peripheral\device/cy_device.c ****     /* cpussRam0Ctl0             */ (uint16_t)offsetof(CPUSS_V2_Type, RAM0_CTL0),
 239:Generated_Source\PSoC6\pdl\drivers\peripheral\device/cy_device.c ****     /* cpussRam1Ctl0             */ (uint16_t)offsetof(CPUSS_V2_Type, RAM1_CTL0),
 240:Generated_Source\PSoC6\pdl\drivers\peripheral\device/cy_device.c ****     /* cpussRam2Ctl0             */ (uint16_t)offsetof(CPUSS_V2_Type, RAM2_CTL0),
 241:Generated_Source\PSoC6\pdl\drivers\peripheral\device/cy_device.c **** 
 242:Generated_Source\PSoC6\pdl\drivers\peripheral\device/cy_device.c ****     /* IPC registers */
 243:Generated_Source\PSoC6\pdl\drivers\peripheral\device/cy_device.c ****     /* ipcStructSize             */ sizeof(IPC_STRUCT_V2_Type),
 244:Generated_Source\PSoC6\pdl\drivers\peripheral\device/cy_device.c ****     /* ipcLockStatusOffset       */ offsetof(IPC_STRUCT_V2_Type, LOCK_STATUS),
 245:Generated_Source\PSoC6\pdl\drivers\peripheral\device/cy_device.c **** };
 246:Generated_Source\PSoC6\pdl\drivers\peripheral\device/cy_device.c **** 
 247:Generated_Source\PSoC6\pdl\drivers\peripheral\device/cy_device.c **** 
 248:Generated_Source\PSoC6\pdl\drivers\peripheral\device/cy_device.c **** /******************************************************************************
 249:Generated_Source\PSoC6\pdl\drivers\peripheral\device/cy_device.c **** * Function Name: Cy_PDL_Init
 250:Generated_Source\PSoC6\pdl\drivers\peripheral\device/cy_device.c **** ****************************************************************************//**
 251:Generated_Source\PSoC6\pdl\drivers\peripheral\device/cy_device.c **** *
 252:Generated_Source\PSoC6\pdl\drivers\peripheral\device/cy_device.c **** * \brief Initializes the platform and peripheral block configuration for the
 253:Generated_Source\PSoC6\pdl\drivers\peripheral\device/cy_device.c **** * given target device.
 254:Generated_Source\PSoC6\pdl\drivers\peripheral\device/cy_device.c **** *
 255:Generated_Source\PSoC6\pdl\drivers\peripheral\device/cy_device.c **** * \param device
 256:Generated_Source\PSoC6\pdl\drivers\peripheral\device/cy_device.c **** * Pointer to the platform and peripheral block configuration
 257:Generated_Source\PSoC6\pdl\drivers\peripheral\device/cy_device.c **** *
ARM GAS  C:\Users\Rolf\AppData\Local\Temp\ccyb6oZa.s 			page 6


 258:Generated_Source\PSoC6\pdl\drivers\peripheral\device/cy_device.c **** * \note
 259:Generated_Source\PSoC6\pdl\drivers\peripheral\device/cy_device.c **** * This function must be called prior calling any function in PDL.
 260:Generated_Source\PSoC6\pdl\drivers\peripheral\device/cy_device.c **** *
 261:Generated_Source\PSoC6\pdl\drivers\peripheral\device/cy_device.c **** *******************************************************************************/
 262:Generated_Source\PSoC6\pdl\drivers\peripheral\device/cy_device.c **** void Cy_PDL_Init(const cy_stc_device_t * device)
 263:Generated_Source\PSoC6\pdl\drivers\peripheral\device/cy_device.c **** {
  29              		.loc 1 263 0
  30              		.cfi_startproc
  31              		@ args = 0, pretend = 0, frame = 0
  32              		@ frame_needed = 0, uses_anonymous_args = 0
  33              		@ link register save eliminated.
  34              	.LVL0:
 264:Generated_Source\PSoC6\pdl\drivers\peripheral\device/cy_device.c ****     cy_device = device;
  35              		.loc 1 264 0
  36 0000 014B     		ldr	r3, .L2
  37 0002 1860     		str	r0, [r3]
  38 0004 7047     		bx	lr
  39              	.L3:
  40 0006 00BF     		.align	2
  41              	.L2:
  42 0008 00000000 		.word	cy_device
  43              		.cfi_endproc
  44              	.LFE0:
  45              		.size	Cy_PDL_Init, .-Cy_PDL_Init
  46              		.global	cy_deviceIpBlockCfgPSoC6_02
  47              		.global	cy_deviceIpBlockCfgPSoC6_01
  48              		.comm	cy_device,4,4
  49              		.section	.rodata
  50              		.align	2
  51              		.type	cy_deviceIpBlockCfgPSoC6_02, %object
  52              		.size	cy_deviceIpBlockCfgPSoC6_02, 184
  53              	cy_deviceIpBlockCfgPSoC6_02:
  54 0000 00002040 		.word	1075838976
  55 0004 00002440 		.word	1076101120
  56 0008 00000040 		.word	1073741824
  57 000c 00000000 		.word	0
  58 0010 00002340 		.word	1076035584
  59 0014 00003040 		.word	1076887552
  60 0018 00003140 		.word	1076953088
  61 001c 00009F40 		.word	1084162048
  62 0020 00002240 		.word	1075970048
  63 0024 00001040 		.word	1074790400
  64 0028 02       		.byte	2
  65 0029 02       		.byte	2
  66 002a 02       		.byte	2
  67 002b 02       		.byte	2
  68 002c 02       		.byte	2
  69 002d 02       		.byte	2
  70 002e 02       		.byte	2
  71 002f 02       		.byte	2
  72 0030 02       		.byte	2
  73 0031 10       		.byte	16
  74 0032 10       		.byte	16
  75 0033 1D       		.byte	29
  76 0034 80       		.byte	-128
  77 0035 00       		.space	1
  78 0036 1700     		.short	23
ARM GAS  C:\Users\Rolf\AppData\Local\Temp\ccyb6oZa.s 			page 7


  79 0038 7500     		.short	117
  80 003a FF03     		.short	1023
  81 003c 06       		.byte	6
  82 003d 02       		.byte	2
  83 003e 06       		.byte	6
  84 003f 36       		.byte	54
  85 0040 04       		.byte	4
  86 0041 10       		.byte	16
  87 0042 20       		.byte	32
  88 0043 00       		.byte	0
  89 0044 00       		.byte	0
  90 0045 000000   		.space	3
  91 0048 7FC00000 		.word	49279
  92 004c 00040000 		.word	1024
  93 0050 00       		.byte	0
  94 0051 00       		.byte	0
  95 0052 00       		.byte	0
  96 0053 00       		.byte	0
  97 0054 00       		.byte	0
  98 0055 19       		.byte	25
  99 0056 32       		.byte	50
 100 0057 4B       		.byte	75
 101 0058 64       		.byte	100
 102 0059 7D       		.byte	125
 103 005a 0080     		.short	-32768
 104 005c 4000     		.short	64
 105 005e 08       		.byte	8
 106 005f 0B       		.byte	11
 107 0060 10       		.byte	16
 108 0061 000000   		.space	3
 109 0064 0000FF01 		.word	33488896
 110 0068 2002     		.short	544
 111 006a 001F     		.short	7936
 112 006c 0080     		.short	-32768
 113 006e 0004     		.short	1024
 114 0070 FF       		.byte	-1
 115 0071 08       		.byte	8
 116 0072 10       		.byte	16
 117 0073 18       		.byte	24
 118 0074 0010     		.short	4096
 119 0076 0014     		.short	5120
 120 0078 0018     		.short	6144
 121 007a 001C     		.short	7168
 122 007c 40       		.byte	64
 123 007d 44       		.byte	68
 124 007e 48       		.byte	72
 125 007f 4C       		.byte	76
 126 0080 50       		.byte	80
 127 0081 000000   		.space	3
 128 0084 08100000 		.word	4104
 129 0088 08000000 		.word	8
 130 008c 04000000 		.word	4
 131 0090 04100000 		.word	4100
 132 0094 00120000 		.word	4608
 133 0098 04210000 		.word	8452
 134 009c 00210000 		.word	8448
 135 00a0 00160000 		.word	5632
ARM GAS  C:\Users\Rolf\AppData\Local\Temp\ccyb6oZa.s 			page 8


 136 00a4 4011     		.short	4416
 137 00a6 4002     		.short	576
 138 00a8 C413     		.short	5060
 139 00aa 0013     		.short	4864
 140 00ac 8013     		.short	4992
 141 00ae A013     		.short	5024
 142 00b0 2000     		.short	32
 143 00b2 0000     		.space	2
 144 00b4 1C000000 		.word	28
 145              		.type	cy_deviceIpBlockCfgPSoC6_01, %object
 146              		.size	cy_deviceIpBlockCfgPSoC6_01, 184
 147              	cy_deviceIpBlockCfgPSoC6_01:
 148 00b8 00002140 		.word	1075904512
 149 00bc 00002540 		.word	1076166656
 150 00c0 00000140 		.word	1073807360
 151 00c4 00003440 		.word	1077149696
 152 00c8 00002440 		.word	1076101120
 153 00cc 00003140 		.word	1076953088
 154 00d0 00003240 		.word	1077018624
 155 00d4 00001F41 		.word	1092550656
 156 00d8 00002340 		.word	1076035584
 157 00dc 00001140 		.word	1074855936
 158 00e0 01       		.byte	1
 159 00e1 01       		.byte	1
 160 00e2 01       		.byte	1
 161 00e3 01       		.byte	1
 162 00e4 01       		.byte	1
 163 00e5 01       		.byte	1
 164 00e6 01       		.byte	1
 165 00e7 01       		.byte	1
 166 00e8 01       		.byte	1
 167 00e9 10       		.byte	16
 168 00ea 10       		.byte	16
 169 00eb 10       		.byte	16
 170 00ec 80       		.byte	-128
 171 00ed 00       		.space	1
 172 00ee 1900     		.short	25
 173 00f0 5500     		.short	85
 174 00f2 F000     		.short	240
 175 00f4 05       		.byte	5
 176 00f5 01       		.byte	1
 177 00f6 05       		.byte	5
 178 00f7 3B       		.byte	59
 179 00f8 04       		.byte	4
 180 00f9 10       		.byte	16
 181 00fa 1C       		.byte	28
 182 00fb 01       		.byte	1
 183 00fc 01       		.byte	1
 184 00fd 000000   		.space	3
 185 0100 0FC00000 		.word	49167
 186 0104 00040000 		.word	1024
 187 0108 01       		.byte	1
 188 0109 01       		.byte	1
 189 010a 01       		.byte	1
 190 010b 01       		.byte	1
 191 010c 01       		.byte	1
 192 010d 1D       		.byte	29
ARM GAS  C:\Users\Rolf\AppData\Local\Temp\ccyb6oZa.s 			page 9


 193 010e 3A       		.byte	58
 194 010f 57       		.byte	87
 195 0110 78       		.byte	120
 196 0111 96       		.byte	-106
 197 0112 0008     		.short	2048
 198 0114 2000     		.short	32
 199 0116 10       		.byte	16
 200 0117 12       		.byte	18
 201 0118 08       		.byte	8
 202 0119 000000   		.space	3
 203 011c 001F0000 		.word	7936
 204 0120 0010     		.short	4096
 205 0122 000F     		.short	3840
 206 0124 0020     		.short	8192
 207 0126 0002     		.short	512
 208 0128 3F       		.byte	63
 209 0129 06       		.byte	6
 210 012a 08       		.byte	8
 211 012b 0E       		.byte	14
 212 012c 0008     		.short	2048
 213 012e 0009     		.short	2304
 214 0130 000A     		.short	2560
 215 0132 000B     		.short	2816
 216 0134 24       		.byte	36
 217 0135 28       		.byte	40
 218 0136 2C       		.byte	44
 219 0137 30       		.byte	48
 220 0138 34       		.byte	52
 221 0139 000000   		.space	3
 222 013c 10000000 		.word	16
 223 0140 90000000 		.word	144
 224 0144 88000000 		.word	136
 225 0148 08000000 		.word	8
 226 014c 80000000 		.word	128
 227 0150 04F00000 		.word	61444
 228 0154 00F00000 		.word	61440
 229 0158 40020000 		.word	576
 230 015c 2005     		.short	1312
 231 015e A000     		.short	160
 232 0160 D001     		.short	464
 233 0162 0001     		.short	256
 234 0164 8001     		.short	384
 235 0166 A001     		.short	416
 236 0168 2000     		.short	32
 237 016a 0000     		.space	2
 238 016c 10000000 		.word	16
 239              		.text
 240              	.Letext0:
 241              		.file 2 "c:\\program files (x86)\\cypress\\psoc creator\\4.4\\4.4\\psoc creator\\import\\gnu\\arm\
 242              		.file 3 "c:\\program files (x86)\\cypress\\psoc creator\\4.4\\4.4\\psoc creator\\import\\gnu\\arm\
 243              		.file 4 "Generated_Source\\PSoC6\\pdl\\drivers\\peripheral\\device\\cy_device.h"
 244              		.section	.debug_info,"",%progbits
 245              	.Ldebug_info0:
 246 0000 4D050000 		.4byte	0x54d
 247 0004 0400     		.2byte	0x4
 248 0006 00000000 		.4byte	.Ldebug_abbrev0
 249 000a 04       		.byte	0x4
ARM GAS  C:\Users\Rolf\AppData\Local\Temp\ccyb6oZa.s 			page 10


 250 000b 01       		.uleb128 0x1
 251 000c E5000000 		.4byte	.LASF109
 252 0010 0C       		.byte	0xc
 253 0011 10070000 		.4byte	.LASF110
 254 0015 7A070000 		.4byte	.LASF111
 255 0019 00000000 		.4byte	.Ldebug_ranges0+0
 256 001d 00000000 		.4byte	0
 257 0021 00000000 		.4byte	.Ldebug_line0
 258 0025 02       		.uleb128 0x2
 259 0026 01       		.byte	0x1
 260 0027 06       		.byte	0x6
 261 0028 EF030000 		.4byte	.LASF0
 262 002c 03       		.uleb128 0x3
 263 002d 12030000 		.4byte	.LASF2
 264 0031 02       		.byte	0x2
 265 0032 1D       		.byte	0x1d
 266 0033 37000000 		.4byte	0x37
 267 0037 02       		.uleb128 0x2
 268 0038 01       		.byte	0x1
 269 0039 08       		.byte	0x8
 270 003a C7030000 		.4byte	.LASF1
 271 003e 03       		.uleb128 0x3
 272 003f 5A060000 		.4byte	.LASF3
 273 0043 02       		.byte	0x2
 274 0044 29       		.byte	0x29
 275 0045 49000000 		.4byte	0x49
 276 0049 02       		.uleb128 0x2
 277 004a 02       		.byte	0x2
 278 004b 05       		.byte	0x5
 279 004c 8D000000 		.4byte	.LASF4
 280 0050 03       		.uleb128 0x3
 281 0051 BA010000 		.4byte	.LASF5
 282 0055 02       		.byte	0x2
 283 0056 2B       		.byte	0x2b
 284 0057 5B000000 		.4byte	0x5b
 285 005b 02       		.uleb128 0x2
 286 005c 02       		.byte	0x2
 287 005d 07       		.byte	0x7
 288 005e C8040000 		.4byte	.LASF6
 289 0062 02       		.uleb128 0x2
 290 0063 04       		.byte	0x4
 291 0064 05       		.byte	0x5
 292 0065 E0020000 		.4byte	.LASF7
 293 0069 03       		.uleb128 0x3
 294 006a 98010000 		.4byte	.LASF8
 295 006e 02       		.byte	0x2
 296 006f 41       		.byte	0x41
 297 0070 74000000 		.4byte	0x74
 298 0074 02       		.uleb128 0x2
 299 0075 04       		.byte	0x4
 300 0076 07       		.byte	0x7
 301 0077 C8050000 		.4byte	.LASF9
 302 007b 02       		.uleb128 0x2
 303 007c 08       		.byte	0x8
 304 007d 05       		.byte	0x5
 305 007e 8B020000 		.4byte	.LASF10
 306 0082 02       		.uleb128 0x2
ARM GAS  C:\Users\Rolf\AppData\Local\Temp\ccyb6oZa.s 			page 11


 307 0083 08       		.byte	0x8
 308 0084 07       		.byte	0x7
 309 0085 FB030000 		.4byte	.LASF11
 310 0089 04       		.uleb128 0x4
 311 008a 04       		.byte	0x4
 312 008b 05       		.byte	0x5
 313 008c 696E7400 		.ascii	"int\000"
 314 0090 02       		.uleb128 0x2
 315 0091 04       		.byte	0x4
 316 0092 07       		.byte	0x7
 317 0093 F6060000 		.4byte	.LASF12
 318 0097 03       		.uleb128 0x3
 319 0098 F5010000 		.4byte	.LASF13
 320 009c 03       		.byte	0x3
 321 009d 18       		.byte	0x18
 322 009e 2C000000 		.4byte	0x2c
 323 00a2 03       		.uleb128 0x3
 324 00a3 3F050000 		.4byte	.LASF14
 325 00a7 03       		.byte	0x3
 326 00a8 20       		.byte	0x20
 327 00a9 3E000000 		.4byte	0x3e
 328 00ad 03       		.uleb128 0x3
 329 00ae DB040000 		.4byte	.LASF15
 330 00b2 03       		.byte	0x3
 331 00b3 24       		.byte	0x24
 332 00b4 50000000 		.4byte	0x50
 333 00b8 03       		.uleb128 0x3
 334 00b9 31020000 		.4byte	.LASF16
 335 00bd 03       		.byte	0x3
 336 00be 30       		.byte	0x30
 337 00bf 69000000 		.4byte	0x69
 338 00c3 02       		.uleb128 0x2
 339 00c4 08       		.byte	0x8
 340 00c5 04       		.byte	0x4
 341 00c6 A2030000 		.4byte	.LASF17
 342 00ca 02       		.uleb128 0x2
 343 00cb 04       		.byte	0x4
 344 00cc 07       		.byte	0x7
 345 00cd A7000000 		.4byte	.LASF18
 346 00d1 05       		.uleb128 0x5
 347 00d2 B8       		.byte	0xb8
 348 00d3 04       		.byte	0x4
 349 00d4 34       		.byte	0x34
 350 00d5 E2040000 		.4byte	0x4e2
 351 00d9 06       		.uleb128 0x6
 352 00da A3010000 		.4byte	.LASF19
 353 00de 04       		.byte	0x4
 354 00df 37       		.byte	0x37
 355 00e0 B8000000 		.4byte	0xb8
 356 00e4 00       		.byte	0
 357 00e5 06       		.uleb128 0x6
 358 00e6 1B060000 		.4byte	.LASF20
 359 00ea 04       		.byte	0x4
 360 00eb 38       		.byte	0x38
 361 00ec B8000000 		.4byte	0xb8
 362 00f0 04       		.byte	0x4
 363 00f1 06       		.uleb128 0x6
ARM GAS  C:\Users\Rolf\AppData\Local\Temp\ccyb6oZa.s 			page 12


 364 00f2 E6030000 		.4byte	.LASF21
 365 00f6 04       		.byte	0x4
 366 00f7 39       		.byte	0x39
 367 00f8 B8000000 		.4byte	0xb8
 368 00fc 08       		.byte	0x8
 369 00fd 06       		.uleb128 0x6
 370 00fe 20050000 		.4byte	.LASF22
 371 0102 04       		.byte	0x4
 372 0103 3A       		.byte	0x3a
 373 0104 B8000000 		.4byte	0xb8
 374 0108 0C       		.byte	0xc
 375 0109 06       		.uleb128 0x6
 376 010a E1060000 		.4byte	.LASF23
 377 010e 04       		.byte	0x4
 378 010f 3B       		.byte	0x3b
 379 0110 B8000000 		.4byte	0xb8
 380 0114 10       		.byte	0x10
 381 0115 06       		.uleb128 0x6
 382 0116 71020000 		.4byte	.LASF24
 383 011a 04       		.byte	0x4
 384 011b 3C       		.byte	0x3c
 385 011c B8000000 		.4byte	0xb8
 386 0120 14       		.byte	0x14
 387 0121 06       		.uleb128 0x6
 388 0122 12040000 		.4byte	.LASF25
 389 0126 04       		.byte	0x4
 390 0127 3D       		.byte	0x3d
 391 0128 B8000000 		.4byte	0xb8
 392 012c 18       		.byte	0x18
 393 012d 06       		.uleb128 0x6
 394 012e 82020000 		.4byte	.LASF26
 395 0132 04       		.byte	0x4
 396 0133 3E       		.byte	0x3e
 397 0134 B8000000 		.4byte	0xb8
 398 0138 1C       		.byte	0x1c
 399 0139 06       		.uleb128 0x6
 400 013a D9060000 		.4byte	.LASF27
 401 013e 04       		.byte	0x4
 402 013f 3F       		.byte	0x3f
 403 0140 B8000000 		.4byte	0xb8
 404 0144 20       		.byte	0x20
 405 0145 06       		.uleb128 0x6
 406 0146 82000000 		.4byte	.LASF28
 407 014a 04       		.byte	0x4
 408 014b 40       		.byte	0x40
 409 014c B8000000 		.4byte	0xb8
 410 0150 24       		.byte	0x24
 411 0151 06       		.uleb128 0x6
 412 0152 AD010000 		.4byte	.LASF29
 413 0156 04       		.byte	0x4
 414 0157 43       		.byte	0x43
 415 0158 97000000 		.4byte	0x97
 416 015c 28       		.byte	0x28
 417 015d 06       		.uleb128 0x6
 418 015e 85050000 		.4byte	.LASF30
 419 0162 04       		.byte	0x4
 420 0163 44       		.byte	0x44
ARM GAS  C:\Users\Rolf\AppData\Local\Temp\ccyb6oZa.s 			page 13


 421 0164 97000000 		.4byte	0x97
 422 0168 29       		.byte	0x29
 423 0169 06       		.uleb128 0x6
 424 016a E8050000 		.4byte	.LASF31
 425 016e 04       		.byte	0x4
 426 016f 45       		.byte	0x45
 427 0170 97000000 		.4byte	0x97
 428 0174 2A       		.byte	0x2a
 429 0175 06       		.uleb128 0x6
 430 0176 BA040000 		.4byte	.LASF32
 431 017a 04       		.byte	0x4
 432 017b 46       		.byte	0x46
 433 017c 97000000 		.4byte	0x97
 434 0180 2B       		.byte	0x2b
 435 0181 06       		.uleb128 0x6
 436 0182 93050000 		.4byte	.LASF33
 437 0186 04       		.byte	0x4
 438 0187 47       		.byte	0x47
 439 0188 97000000 		.4byte	0x97
 440 018c 2C       		.byte	0x2c
 441 018d 06       		.uleb128 0x6
 442 018e 54000000 		.4byte	.LASF34
 443 0192 04       		.byte	0x4
 444 0193 48       		.byte	0x48
 445 0194 97000000 		.4byte	0x97
 446 0198 2D       		.byte	0x2d
 447 0199 06       		.uleb128 0x6
 448 019a B0000000 		.4byte	.LASF35
 449 019e 04       		.byte	0x4
 450 019f 49       		.byte	0x49
 451 01a0 97000000 		.4byte	0x97
 452 01a4 2E       		.byte	0x2e
 453 01a5 06       		.uleb128 0x6
 454 01a6 FD010000 		.4byte	.LASF36
 455 01aa 04       		.byte	0x4
 456 01ab 4A       		.byte	0x4a
 457 01ac 97000000 		.4byte	0x97
 458 01b0 2F       		.byte	0x2f
 459 01b1 06       		.uleb128 0x6
 460 01b2 D9000000 		.4byte	.LASF37
 461 01b6 04       		.byte	0x4
 462 01b7 4B       		.byte	0x4b
 463 01b8 97000000 		.4byte	0x97
 464 01bc 30       		.byte	0x30
 465 01bd 06       		.uleb128 0x6
 466 01be C5010000 		.4byte	.LASF38
 467 01c2 04       		.byte	0x4
 468 01c3 4E       		.byte	0x4e
 469 01c4 97000000 		.4byte	0x97
 470 01c8 31       		.byte	0x31
 471 01c9 06       		.uleb128 0x6
 472 01ca 4C060000 		.4byte	.LASF39
 473 01ce 04       		.byte	0x4
 474 01cf 4F       		.byte	0x4f
 475 01d0 97000000 		.4byte	0x97
 476 01d4 32       		.byte	0x32
 477 01d5 06       		.uleb128 0x6
ARM GAS  C:\Users\Rolf\AppData\Local\Temp\ccyb6oZa.s 			page 14


 478 01d6 76000000 		.4byte	.LASF40
 479 01da 04       		.byte	0x4
 480 01db 50       		.byte	0x50
 481 01dc 97000000 		.4byte	0x97
 482 01e0 33       		.byte	0x33
 483 01e1 06       		.uleb128 0x6
 484 01e2 00000000 		.4byte	.LASF41
 485 01e6 04       		.byte	0x4
 486 01e7 51       		.byte	0x51
 487 01e8 97000000 		.4byte	0x97
 488 01ec 34       		.byte	0x34
 489 01ed 06       		.uleb128 0x6
 490 01ee 4F020000 		.4byte	.LASF42
 491 01f2 04       		.byte	0x4
 492 01f3 52       		.byte	0x52
 493 01f4 A2000000 		.4byte	0xa2
 494 01f8 36       		.byte	0x36
 495 01f9 06       		.uleb128 0x6
 496 01fa 71040000 		.4byte	.LASF43
 497 01fe 04       		.byte	0x4
 498 01ff 53       		.byte	0x53
 499 0200 A2000000 		.4byte	0xa2
 500 0204 38       		.byte	0x38
 501 0205 06       		.uleb128 0x6
 502 0206 7C040000 		.4byte	.LASF44
 503 020a 04       		.byte	0x4
 504 020b 54       		.byte	0x54
 505 020c A2000000 		.4byte	0xa2
 506 0210 3A       		.byte	0x3a
 507 0211 06       		.uleb128 0x6
 508 0212 47050000 		.4byte	.LASF45
 509 0216 04       		.byte	0x4
 510 0217 55       		.byte	0x55
 511 0218 97000000 		.4byte	0x97
 512 021c 3C       		.byte	0x3c
 513 021d 06       		.uleb128 0x6
 514 021e 34050000 		.4byte	.LASF46
 515 0222 04       		.byte	0x4
 516 0223 56       		.byte	0x56
 517 0224 97000000 		.4byte	0x97
 518 0228 3D       		.byte	0x3d
 519 0229 06       		.uleb128 0x6
 520 022a 32000000 		.4byte	.LASF47
 521 022e 04       		.byte	0x4
 522 022f 57       		.byte	0x57
 523 0230 97000000 		.4byte	0x97
 524 0234 3E       		.byte	0x3e
 525 0235 06       		.uleb128 0x6
 526 0236 28050000 		.4byte	.LASF48
 527 023a 04       		.byte	0x4
 528 023b 58       		.byte	0x58
 529 023c 97000000 		.4byte	0x97
 530 0240 3F       		.byte	0x3f
 531 0241 06       		.uleb128 0x6
 532 0242 03070000 		.4byte	.LASF49
 533 0246 04       		.byte	0x4
 534 0247 59       		.byte	0x59
ARM GAS  C:\Users\Rolf\AppData\Local\Temp\ccyb6oZa.s 			page 15


 535 0248 97000000 		.4byte	0x97
 536 024c 40       		.byte	0x40
 537 024d 06       		.uleb128 0x6
 538 024e 3C060000 		.4byte	.LASF50
 539 0252 04       		.byte	0x4
 540 0253 5A       		.byte	0x5a
 541 0254 97000000 		.4byte	0x97
 542 0258 41       		.byte	0x41
 543 0259 06       		.uleb128 0x6
 544 025a F2050000 		.4byte	.LASF51
 545 025e 04       		.byte	0x4
 546 025f 5B       		.byte	0x5b
 547 0260 97000000 		.4byte	0x97
 548 0264 42       		.byte	0x42
 549 0265 06       		.uleb128 0x6
 550 0266 BC030000 		.4byte	.LASF52
 551 026a 04       		.byte	0x4
 552 026b 5C       		.byte	0x5c
 553 026c 97000000 		.4byte	0x97
 554 0270 43       		.byte	0x43
 555 0271 06       		.uleb128 0x6
 556 0272 D5030000 		.4byte	.LASF53
 557 0276 04       		.byte	0x4
 558 0277 5D       		.byte	0x5d
 559 0278 97000000 		.4byte	0x97
 560 027c 44       		.byte	0x44
 561 027d 06       		.uleb128 0x6
 562 027e E4040000 		.4byte	.LASF54
 563 0282 04       		.byte	0x4
 564 0283 5E       		.byte	0x5e
 565 0284 B8000000 		.4byte	0xb8
 566 0288 48       		.byte	0x48
 567 0289 06       		.uleb128 0x6
 568 028a 66050000 		.4byte	.LASF55
 569 028e 04       		.byte	0x4
 570 028f 5F       		.byte	0x5f
 571 0290 B8000000 		.4byte	0xb8
 572 0294 4C       		.byte	0x4c
 573 0295 06       		.uleb128 0x6
 574 0296 D0010000 		.4byte	.LASF56
 575 029a 04       		.byte	0x4
 576 029b 60       		.byte	0x60
 577 029c 97000000 		.4byte	0x97
 578 02a0 50       		.byte	0x50
 579 02a1 06       		.uleb128 0x6
 580 02a2 B9060000 		.4byte	.LASF57
 581 02a6 04       		.byte	0x4
 582 02a7 61       		.byte	0x61
 583 02a8 97000000 		.4byte	0x97
 584 02ac 51       		.byte	0x51
 585 02ad 06       		.uleb128 0x6
 586 02ae 97000000 		.4byte	.LASF58
 587 02b2 04       		.byte	0x4
 588 02b3 62       		.byte	0x62
 589 02b4 97000000 		.4byte	0x97
 590 02b8 52       		.byte	0x52
 591 02b9 06       		.uleb128 0x6
ARM GAS  C:\Users\Rolf\AppData\Local\Temp\ccyb6oZa.s 			page 16


 592 02ba 5F040000 		.4byte	.LASF59
 593 02be 04       		.byte	0x4
 594 02bf 63       		.byte	0x63
 595 02c0 97000000 		.4byte	0x97
 596 02c4 53       		.byte	0x53
 597 02c5 06       		.uleb128 0x6
 598 02c6 12020000 		.4byte	.LASF60
 599 02ca 04       		.byte	0x4
 600 02cb 64       		.byte	0x64
 601 02cc 97000000 		.4byte	0x97
 602 02d0 54       		.byte	0x54
 603 02d1 06       		.uleb128 0x6
 604 02d2 FE020000 		.4byte	.LASF61
 605 02d6 04       		.byte	0x4
 606 02d7 65       		.byte	0x65
 607 02d8 97000000 		.4byte	0x97
 608 02dc 55       		.byte	0x55
 609 02dd 06       		.uleb128 0x6
 610 02de B4050000 		.4byte	.LASF62
 611 02e2 04       		.byte	0x4
 612 02e3 66       		.byte	0x66
 613 02e4 97000000 		.4byte	0x97
 614 02e8 56       		.byte	0x56
 615 02e9 06       		.uleb128 0x6
 616 02ea 90060000 		.4byte	.LASF63
 617 02ee 04       		.byte	0x4
 618 02ef 67       		.byte	0x67
 619 02f0 97000000 		.4byte	0x97
 620 02f4 57       		.byte	0x57
 621 02f5 06       		.uleb128 0x6
 622 02f6 46030000 		.4byte	.LASF64
 623 02fa 04       		.byte	0x4
 624 02fb 68       		.byte	0x68
 625 02fc 97000000 		.4byte	0x97
 626 0300 58       		.byte	0x58
 627 0301 06       		.uleb128 0x6
 628 0302 66070000 		.4byte	.LASF65
 629 0306 04       		.byte	0x4
 630 0307 69       		.byte	0x69
 631 0308 97000000 		.4byte	0x97
 632 030c 59       		.byte	0x59
 633 030d 06       		.uleb128 0x6
 634 030e 27000000 		.4byte	.LASF66
 635 0312 04       		.byte	0x4
 636 0313 6E       		.byte	0x6e
 637 0314 AD000000 		.4byte	0xad
 638 0318 5A       		.byte	0x5a
 639 0319 06       		.uleb128 0x6
 640 031a 09020000 		.4byte	.LASF67
 641 031e 04       		.byte	0x4
 642 031f 6F       		.byte	0x6f
 643 0320 AD000000 		.4byte	0xad
 644 0324 5C       		.byte	0x5c
 645 0325 06       		.uleb128 0x6
 646 0326 22020000 		.4byte	.LASF68
 647 032a 04       		.byte	0x4
 648 032b 70       		.byte	0x70
ARM GAS  C:\Users\Rolf\AppData\Local\Temp\ccyb6oZa.s 			page 17


 649 032c 97000000 		.4byte	0x97
 650 0330 5E       		.byte	0x5e
 651 0331 06       		.uleb128 0x6
 652 0332 D4070000 		.4byte	.LASF69
 653 0336 04       		.byte	0x4
 654 0337 71       		.byte	0x71
 655 0338 97000000 		.4byte	0x97
 656 033c 5F       		.byte	0x5f
 657 033d 06       		.uleb128 0x6
 658 033e 99020000 		.4byte	.LASF70
 659 0342 04       		.byte	0x4
 660 0343 72       		.byte	0x72
 661 0344 97000000 		.4byte	0x97
 662 0348 60       		.byte	0x60
 663 0349 06       		.uleb128 0x6
 664 034a B9020000 		.4byte	.LASF71
 665 034e 04       		.byte	0x4
 666 034f 73       		.byte	0x73
 667 0350 B8000000 		.4byte	0xb8
 668 0354 64       		.byte	0x64
 669 0355 06       		.uleb128 0x6
 670 0356 56050000 		.4byte	.LASF72
 671 035a 04       		.byte	0x4
 672 035b 76       		.byte	0x76
 673 035c AD000000 		.4byte	0xad
 674 0360 68       		.byte	0x68
 675 0361 06       		.uleb128 0x6
 676 0362 83030000 		.4byte	.LASF73
 677 0366 04       		.byte	0x4
 678 0367 77       		.byte	0x77
 679 0368 AD000000 		.4byte	0xad
 680 036c 6A       		.byte	0x6a
 681 036d 06       		.uleb128 0x6
 682 036e AA020000 		.4byte	.LASF74
 683 0372 04       		.byte	0x4
 684 0373 78       		.byte	0x78
 685 0374 AD000000 		.4byte	0xad
 686 0378 6C       		.byte	0x6c
 687 0379 06       		.uleb128 0x6
 688 037a 95030000 		.4byte	.LASF75
 689 037e 04       		.byte	0x4
 690 037f 79       		.byte	0x79
 691 0380 AD000000 		.4byte	0xad
 692 0384 6E       		.byte	0x6e
 693 0385 06       		.uleb128 0x6
 694 0386 0C050000 		.4byte	.LASF76
 695 038a 04       		.byte	0x4
 696 038b 7B       		.byte	0x7b
 697 038c 97000000 		.4byte	0x97
 698 0390 70       		.byte	0x70
 699 0391 06       		.uleb128 0x6
 700 0392 3A020000 		.4byte	.LASF77
 701 0396 04       		.byte	0x4
 702 0397 7C       		.byte	0x7c
 703 0398 97000000 		.4byte	0x97
 704 039c 71       		.byte	0x71
 705 039d 06       		.uleb128 0x6
ARM GAS  C:\Users\Rolf\AppData\Local\Temp\ccyb6oZa.s 			page 18


 706 039e 26060000 		.4byte	.LASF78
 707 03a2 04       		.byte	0x4
 708 03a3 7D       		.byte	0x7d
 709 03a4 97000000 		.4byte	0x97
 710 03a8 72       		.byte	0x72
 711 03a9 06       		.uleb128 0x6
 712 03aa 79060000 		.4byte	.LASF79
 713 03ae 04       		.byte	0x4
 714 03af 7E       		.byte	0x7e
 715 03b0 97000000 		.4byte	0x97
 716 03b4 73       		.byte	0x73
 717 03b5 06       		.uleb128 0x6
 718 03b6 5A030000 		.4byte	.LASF80
 719 03ba 04       		.byte	0x4
 720 03bb 80       		.byte	0x80
 721 03bc AD000000 		.4byte	0xad
 722 03c0 74       		.byte	0x74
 723 03c1 06       		.uleb128 0x6
 724 03c2 33030000 		.4byte	.LASF81
 725 03c6 04       		.byte	0x4
 726 03c7 81       		.byte	0x81
 727 03c8 AD000000 		.4byte	0xad
 728 03cc 76       		.byte	0x76
 729 03cd 06       		.uleb128 0x6
 730 03ce A4060000 		.4byte	.LASF82
 731 03d2 04       		.byte	0x4
 732 03d3 82       		.byte	0x82
 733 03d4 AD000000 		.4byte	0xad
 734 03d8 78       		.byte	0x78
 735 03d9 06       		.uleb128 0x6
 736 03da A5040000 		.4byte	.LASF83
 737 03de 04       		.byte	0x4
 738 03df 83       		.byte	0x83
 739 03e0 AD000000 		.4byte	0xad
 740 03e4 7A       		.byte	0x7a
 741 03e5 06       		.uleb128 0x6
 742 03e6 E9020000 		.4byte	.LASF84
 743 03ea 04       		.byte	0x4
 744 03eb 86       		.byte	0x86
 745 03ec 97000000 		.4byte	0x97
 746 03f0 7C       		.byte	0x7c
 747 03f1 06       		.uleb128 0x6
 748 03f2 74050000 		.4byte	.LASF85
 749 03f6 04       		.byte	0x4
 750 03f7 87       		.byte	0x87
 751 03f8 97000000 		.4byte	0x97
 752 03fc 7D       		.byte	0x7d
 753 03fd 06       		.uleb128 0x6
 754 03fe FE050000 		.4byte	.LASF86
 755 0402 04       		.byte	0x4
 756 0403 88       		.byte	0x88
 757 0404 97000000 		.4byte	0x97
 758 0408 7E       		.byte	0x7e
 759 0409 06       		.uleb128 0x6
 760 040a 40000000 		.4byte	.LASF87
 761 040e 04       		.byte	0x4
 762 040f 89       		.byte	0x89
ARM GAS  C:\Users\Rolf\AppData\Local\Temp\ccyb6oZa.s 			page 19


 763 0410 97000000 		.4byte	0x97
 764 0414 7F       		.byte	0x7f
 765 0415 06       		.uleb128 0x6
 766 0416 E1010000 		.4byte	.LASF88
 767 041a 04       		.byte	0x4
 768 041b 8A       		.byte	0x8a
 769 041c 97000000 		.4byte	0x97
 770 0420 80       		.byte	0x80
 771 0421 06       		.uleb128 0x6
 772 0422 1C030000 		.4byte	.LASF89
 773 0426 04       		.byte	0x4
 774 0427 8D       		.byte	0x8d
 775 0428 B8000000 		.4byte	0xb8
 776 042c 84       		.byte	0x84
 777 042d 06       		.uleb128 0x6
 778 042e 6C030000 		.4byte	.LASF90
 779 0432 04       		.byte	0x4
 780 0433 8E       		.byte	0x8e
 781 0434 B8000000 		.4byte	0xb8
 782 0438 88       		.byte	0x88
 783 0439 06       		.uleb128 0x6
 784 043a 61000000 		.4byte	.LASF91
 785 043e 04       		.byte	0x4
 786 043f 8F       		.byte	0x8f
 787 0440 B8000000 		.4byte	0xb8
 788 0444 8C       		.byte	0x8c
 789 0445 06       		.uleb128 0x6
 790 0446 51070000 		.4byte	.LASF92
 791 044a 04       		.byte	0x4
 792 044b 90       		.byte	0x90
 793 044c B8000000 		.4byte	0xb8
 794 0450 90       		.byte	0x90
 795 0451 06       		.uleb128 0x6
 796 0452 9F050000 		.4byte	.LASF93
 797 0456 04       		.byte	0x4
 798 0457 91       		.byte	0x91
 799 0458 B8000000 		.4byte	0xb8
 800 045c 94       		.byte	0x94
 801 045d 06       		.uleb128 0x6
 802 045e 11000000 		.4byte	.LASF94
 803 0462 04       		.byte	0x4
 804 0463 92       		.byte	0x92
 805 0464 B8000000 		.4byte	0xb8
 806 0468 98       		.byte	0x98
 807 0469 06       		.uleb128 0x6
 808 046a F6040000 		.4byte	.LASF95
 809 046e 04       		.byte	0x4
 810 046f 93       		.byte	0x93
 811 0470 B8000000 		.4byte	0xb8
 812 0474 9C       		.byte	0x9c
 813 0475 06       		.uleb128 0x6
 814 0476 CA020000 		.4byte	.LASF96
 815 047a 04       		.byte	0x4
 816 047b 94       		.byte	0x94
 817 047c B8000000 		.4byte	0xb8
 818 0480 A0       		.byte	0xa0
 819 0481 06       		.uleb128 0x6
ARM GAS  C:\Users\Rolf\AppData\Local\Temp\ccyb6oZa.s 			page 20


 820 0482 5C020000 		.4byte	.LASF97
 821 0486 04       		.byte	0x4
 822 0487 95       		.byte	0x95
 823 0488 AD000000 		.4byte	0xad
 824 048c A4       		.byte	0xa4
 825 048d 06       		.uleb128 0x6
 826 048e 64060000 		.4byte	.LASF98
 827 0492 04       		.byte	0x4
 828 0493 96       		.byte	0x96
 829 0494 AD000000 		.4byte	0xad
 830 0498 A6       		.byte	0xa6
 831 0499 06       		.uleb128 0x6
 832 049a EA060000 		.4byte	.LASF99
 833 049e 04       		.byte	0x4
 834 049f 97       		.byte	0x97
 835 04a0 AD000000 		.4byte	0xad
 836 04a4 A8       		.byte	0xa8
 837 04a5 06       		.uleb128 0x6
 838 04a6 DA050000 		.4byte	.LASF100
 839 04aa 04       		.byte	0x4
 840 04ab 98       		.byte	0x98
 841 04ac AD000000 		.4byte	0xad
 842 04b0 AA       		.byte	0xaa
 843 04b1 06       		.uleb128 0x6
 844 04b2 BB000000 		.4byte	.LASF101
 845 04b6 04       		.byte	0x4
 846 04b7 99       		.byte	0x99
 847 04b8 AD000000 		.4byte	0xad
 848 04bc AC       		.byte	0xac
 849 04bd 06       		.uleb128 0x6
 850 04be AE030000 		.4byte	.LASF102
 851 04c2 04       		.byte	0x4
 852 04c3 9A       		.byte	0x9a
 853 04c4 AD000000 		.4byte	0xad
 854 04c8 AE       		.byte	0xae
 855 04c9 06       		.uleb128 0x6
 856 04ca CB060000 		.4byte	.LASF103
 857 04ce 04       		.byte	0x4
 858 04cf 9D       		.byte	0x9d
 859 04d0 AD000000 		.4byte	0xad
 860 04d4 B0       		.byte	0xb0
 861 04d5 06       		.uleb128 0x6
 862 04d6 91040000 		.4byte	.LASF104
 863 04da 04       		.byte	0x4
 864 04db 9E       		.byte	0x9e
 865 04dc B8000000 		.4byte	0xb8
 866 04e0 B4       		.byte	0xb4
 867 04e1 00       		.byte	0
 868 04e2 03       		.uleb128 0x3
 869 04e3 C9000000 		.4byte	.LASF105
 870 04e7 04       		.byte	0x4
 871 04e8 9F       		.byte	0x9f
 872 04e9 D1000000 		.4byte	0xd1
 873 04ed 07       		.uleb128 0x7
 874 04ee 53040000 		.4byte	.LASF112
 875 04f2 01       		.byte	0x1
 876 04f3 0601     		.2byte	0x106
ARM GAS  C:\Users\Rolf\AppData\Local\Temp\ccyb6oZa.s 			page 21


 877 04f5 00000000 		.4byte	.LFB0
 878 04f9 0C000000 		.4byte	.LFE0-.LFB0
 879 04fd 01       		.uleb128 0x1
 880 04fe 9C       		.byte	0x9c
 881 04ff 12050000 		.4byte	0x512
 882 0503 08       		.uleb128 0x8
 883 0504 7B020000 		.4byte	.LASF113
 884 0508 01       		.byte	0x1
 885 0509 0601     		.2byte	0x106
 886 050b 12050000 		.4byte	0x512
 887 050f 01       		.uleb128 0x1
 888 0510 50       		.byte	0x50
 889 0511 00       		.byte	0
 890 0512 09       		.uleb128 0x9
 891 0513 04       		.byte	0x4
 892 0514 18050000 		.4byte	0x518
 893 0518 0A       		.uleb128 0xa
 894 0519 E2040000 		.4byte	0x4e2
 895 051d 0B       		.uleb128 0xb
 896 051e 1B040000 		.4byte	.LASF106
 897 0522 01       		.byte	0x1
 898 0523 1C       		.byte	0x1c
 899 0524 18050000 		.4byte	0x518
 900 0528 05       		.uleb128 0x5
 901 0529 03       		.byte	0x3
 902 052a 00000000 		.4byte	cy_deviceIpBlockCfgPSoC6_01
 903 052e 0B       		.uleb128 0xb
 904 052f 37040000 		.4byte	.LASF107
 905 0533 01       		.byte	0x1
 906 0534 8A       		.byte	0x8a
 907 0535 18050000 		.4byte	0x518
 908 0539 05       		.uleb128 0x5
 909 053a 03       		.byte	0x3
 910 053b 00000000 		.4byte	cy_deviceIpBlockCfgPSoC6_02
 911 053f 0B       		.uleb128 0xb
 912 0540 11060000 		.4byte	.LASF108
 913 0544 01       		.byte	0x1
 914 0545 19       		.byte	0x19
 915 0546 12050000 		.4byte	0x512
 916 054a 05       		.uleb128 0x5
 917 054b 03       		.byte	0x3
 918 054c 00000000 		.4byte	cy_device
 919 0550 00       		.byte	0
 920              		.section	.debug_abbrev,"",%progbits
 921              	.Ldebug_abbrev0:
 922 0000 01       		.uleb128 0x1
 923 0001 11       		.uleb128 0x11
 924 0002 01       		.byte	0x1
 925 0003 25       		.uleb128 0x25
 926 0004 0E       		.uleb128 0xe
 927 0005 13       		.uleb128 0x13
 928 0006 0B       		.uleb128 0xb
 929 0007 03       		.uleb128 0x3
 930 0008 0E       		.uleb128 0xe
 931 0009 1B       		.uleb128 0x1b
 932 000a 0E       		.uleb128 0xe
 933 000b 55       		.uleb128 0x55
ARM GAS  C:\Users\Rolf\AppData\Local\Temp\ccyb6oZa.s 			page 22


 934 000c 17       		.uleb128 0x17
 935 000d 11       		.uleb128 0x11
 936 000e 01       		.uleb128 0x1
 937 000f 10       		.uleb128 0x10
 938 0010 17       		.uleb128 0x17
 939 0011 00       		.byte	0
 940 0012 00       		.byte	0
 941 0013 02       		.uleb128 0x2
 942 0014 24       		.uleb128 0x24
 943 0015 00       		.byte	0
 944 0016 0B       		.uleb128 0xb
 945 0017 0B       		.uleb128 0xb
 946 0018 3E       		.uleb128 0x3e
 947 0019 0B       		.uleb128 0xb
 948 001a 03       		.uleb128 0x3
 949 001b 0E       		.uleb128 0xe
 950 001c 00       		.byte	0
 951 001d 00       		.byte	0
 952 001e 03       		.uleb128 0x3
 953 001f 16       		.uleb128 0x16
 954 0020 00       		.byte	0
 955 0021 03       		.uleb128 0x3
 956 0022 0E       		.uleb128 0xe
 957 0023 3A       		.uleb128 0x3a
 958 0024 0B       		.uleb128 0xb
 959 0025 3B       		.uleb128 0x3b
 960 0026 0B       		.uleb128 0xb
 961 0027 49       		.uleb128 0x49
 962 0028 13       		.uleb128 0x13
 963 0029 00       		.byte	0
 964 002a 00       		.byte	0
 965 002b 04       		.uleb128 0x4
 966 002c 24       		.uleb128 0x24
 967 002d 00       		.byte	0
 968 002e 0B       		.uleb128 0xb
 969 002f 0B       		.uleb128 0xb
 970 0030 3E       		.uleb128 0x3e
 971 0031 0B       		.uleb128 0xb
 972 0032 03       		.uleb128 0x3
 973 0033 08       		.uleb128 0x8
 974 0034 00       		.byte	0
 975 0035 00       		.byte	0
 976 0036 05       		.uleb128 0x5
 977 0037 13       		.uleb128 0x13
 978 0038 01       		.byte	0x1
 979 0039 0B       		.uleb128 0xb
 980 003a 0B       		.uleb128 0xb
 981 003b 3A       		.uleb128 0x3a
 982 003c 0B       		.uleb128 0xb
 983 003d 3B       		.uleb128 0x3b
 984 003e 0B       		.uleb128 0xb
 985 003f 01       		.uleb128 0x1
 986 0040 13       		.uleb128 0x13
 987 0041 00       		.byte	0
 988 0042 00       		.byte	0
 989 0043 06       		.uleb128 0x6
 990 0044 0D       		.uleb128 0xd
ARM GAS  C:\Users\Rolf\AppData\Local\Temp\ccyb6oZa.s 			page 23


 991 0045 00       		.byte	0
 992 0046 03       		.uleb128 0x3
 993 0047 0E       		.uleb128 0xe
 994 0048 3A       		.uleb128 0x3a
 995 0049 0B       		.uleb128 0xb
 996 004a 3B       		.uleb128 0x3b
 997 004b 0B       		.uleb128 0xb
 998 004c 49       		.uleb128 0x49
 999 004d 13       		.uleb128 0x13
 1000 004e 38       		.uleb128 0x38
 1001 004f 0B       		.uleb128 0xb
 1002 0050 00       		.byte	0
 1003 0051 00       		.byte	0
 1004 0052 07       		.uleb128 0x7
 1005 0053 2E       		.uleb128 0x2e
 1006 0054 01       		.byte	0x1
 1007 0055 3F       		.uleb128 0x3f
 1008 0056 19       		.uleb128 0x19
 1009 0057 03       		.uleb128 0x3
 1010 0058 0E       		.uleb128 0xe
 1011 0059 3A       		.uleb128 0x3a
 1012 005a 0B       		.uleb128 0xb
 1013 005b 3B       		.uleb128 0x3b
 1014 005c 05       		.uleb128 0x5
 1015 005d 27       		.uleb128 0x27
 1016 005e 19       		.uleb128 0x19
 1017 005f 11       		.uleb128 0x11
 1018 0060 01       		.uleb128 0x1
 1019 0061 12       		.uleb128 0x12
 1020 0062 06       		.uleb128 0x6
 1021 0063 40       		.uleb128 0x40
 1022 0064 18       		.uleb128 0x18
 1023 0065 9742     		.uleb128 0x2117
 1024 0067 19       		.uleb128 0x19
 1025 0068 01       		.uleb128 0x1
 1026 0069 13       		.uleb128 0x13
 1027 006a 00       		.byte	0
 1028 006b 00       		.byte	0
 1029 006c 08       		.uleb128 0x8
 1030 006d 05       		.uleb128 0x5
 1031 006e 00       		.byte	0
 1032 006f 03       		.uleb128 0x3
 1033 0070 0E       		.uleb128 0xe
 1034 0071 3A       		.uleb128 0x3a
 1035 0072 0B       		.uleb128 0xb
 1036 0073 3B       		.uleb128 0x3b
 1037 0074 05       		.uleb128 0x5
 1038 0075 49       		.uleb128 0x49
 1039 0076 13       		.uleb128 0x13
 1040 0077 02       		.uleb128 0x2
 1041 0078 18       		.uleb128 0x18
 1042 0079 00       		.byte	0
 1043 007a 00       		.byte	0
 1044 007b 09       		.uleb128 0x9
 1045 007c 0F       		.uleb128 0xf
 1046 007d 00       		.byte	0
 1047 007e 0B       		.uleb128 0xb
ARM GAS  C:\Users\Rolf\AppData\Local\Temp\ccyb6oZa.s 			page 24


 1048 007f 0B       		.uleb128 0xb
 1049 0080 49       		.uleb128 0x49
 1050 0081 13       		.uleb128 0x13
 1051 0082 00       		.byte	0
 1052 0083 00       		.byte	0
 1053 0084 0A       		.uleb128 0xa
 1054 0085 26       		.uleb128 0x26
 1055 0086 00       		.byte	0
 1056 0087 49       		.uleb128 0x49
 1057 0088 13       		.uleb128 0x13
 1058 0089 00       		.byte	0
 1059 008a 00       		.byte	0
 1060 008b 0B       		.uleb128 0xb
 1061 008c 34       		.uleb128 0x34
 1062 008d 00       		.byte	0
 1063 008e 03       		.uleb128 0x3
 1064 008f 0E       		.uleb128 0xe
 1065 0090 3A       		.uleb128 0x3a
 1066 0091 0B       		.uleb128 0xb
 1067 0092 3B       		.uleb128 0x3b
 1068 0093 0B       		.uleb128 0xb
 1069 0094 49       		.uleb128 0x49
 1070 0095 13       		.uleb128 0x13
 1071 0096 3F       		.uleb128 0x3f
 1072 0097 19       		.uleb128 0x19
 1073 0098 02       		.uleb128 0x2
 1074 0099 18       		.uleb128 0x18
 1075 009a 00       		.byte	0
 1076 009b 00       		.byte	0
 1077 009c 00       		.byte	0
 1078              		.section	.debug_aranges,"",%progbits
 1079 0000 1C000000 		.4byte	0x1c
 1080 0004 0200     		.2byte	0x2
 1081 0006 00000000 		.4byte	.Ldebug_info0
 1082 000a 04       		.byte	0x4
 1083 000b 00       		.byte	0
 1084 000c 0000     		.2byte	0
 1085 000e 0000     		.2byte	0
 1086 0010 00000000 		.4byte	.LFB0
 1087 0014 0C000000 		.4byte	.LFE0-.LFB0
 1088 0018 00000000 		.4byte	0
 1089 001c 00000000 		.4byte	0
 1090              		.section	.debug_ranges,"",%progbits
 1091              	.Ldebug_ranges0:
 1092 0000 00000000 		.4byte	.LFB0
 1093 0004 0C000000 		.4byte	.LFE0
 1094 0008 00000000 		.4byte	0
 1095 000c 00000000 		.4byte	0
 1096              		.section	.debug_line,"",%progbits
 1097              	.Ldebug_line0:
 1098 0000 82010000 		.section	.debug_str,"MS",%progbits,1
 1098      02006B01 
 1098      00000201 
 1098      FB0E0D00 
 1098      01010101 
 1099              	.LASF41:
 1100 0000 63707573 		.ascii	"cpussFlashPaSize\000"
ARM GAS  C:\Users\Rolf\AppData\Local\Temp\ccyb6oZa.s 			page 25


 1100      73466C61 
 1100      73685061 
 1100      53697A65 
 1100      00
 1101              	.LASF94:
 1102 0011 63707573 		.ascii	"cpussTrimRamCtlOffset\000"
 1102      73547269 
 1102      6D52616D 
 1102      43746C4F 
 1102      66667365 
 1103              	.LASF66:
 1104 0027 64774368 		.ascii	"dwChOffset\000"
 1104      4F666673 
 1104      657400
 1105              	.LASF47:
 1106 0032 73727373 		.ascii	"srssNumHfroot\000"
 1106      4E756D48 
 1106      66726F6F 
 1106      7400
 1107              	.LASF87:
 1108 0040 6770696F 		.ascii	"gpioPrtCfgOutOffset\000"
 1108      50727443 
 1108      66674F75 
 1108      744F6666 
 1108      73657400 
 1109              	.LASF34:
 1110 0054 6873696F 		.ascii	"hsiomVersion\000"
 1110      6D566572 
 1110      73696F6E 
 1110      00
 1111              	.LASF91:
 1112 0061 63707573 		.ascii	"cpussCm4StatusOffset\000"
 1112      73436D34 
 1112      53746174 
 1112      75734F66 
 1112      66736574 
 1113              	.LASF40:
 1114 0076 63707573 		.ascii	"cpussDwChNr\000"
 1114      73447743 
 1114      684E7200 
 1115              	.LASF28:
 1116 0082 63727970 		.ascii	"cryptoBase\000"
 1116      746F4261 
 1116      736500
 1117              	.LASF4:
 1118 008d 73686F72 		.ascii	"short int\000"
 1118      7420696E 
 1118      7400
 1119              	.LASF58:
 1120 0097 666C6173 		.ascii	"flashWriteDelay\000"
 1120      68577269 
 1120      74654465 
 1120      6C617900 
 1121              	.LASF18:
 1122 00a7 73697A65 		.ascii	"sizetype\000"
 1122      74797065 
 1122      00
ARM GAS  C:\Users\Rolf\AppData\Local\Temp\ccyb6oZa.s 			page 26


 1123              	.LASF35:
 1124 00b0 69706356 		.ascii	"ipcVersion\000"
 1124      65727369 
 1124      6F6E00
 1125              	.LASF101:
 1126 00bb 63707573 		.ascii	"cpussRam1Ctl0\000"
 1126      7352616D 
 1126      3143746C 
 1126      3000
 1127              	.LASF105:
 1128 00c9 63795F73 		.ascii	"cy_stc_device_t\000"
 1128      74635F64 
 1128      65766963 
 1128      655F7400 
 1129              	.LASF37:
 1130 00d9 70726F74 		.ascii	"protVersion\000"
 1130      56657273 
 1130      696F6E00 
 1131              	.LASF109:
 1132 00e5 474E5520 		.ascii	"GNU C11 5.4.1 20160609 (release) [ARM/embedded-5-br"
 1132      43313120 
 1132      352E342E 
 1132      31203230 
 1132      31363036 
 1133 0118 616E6368 		.ascii	"anch revision 237715] -mcpu=cortex-m4 -mfloat-abi=s"
 1133      20726576 
 1133      6973696F 
 1133      6E203233 
 1133      37373135 
 1134 014b 6F667466 		.ascii	"oftfp -mfpu=fpv4-sp-d16 -mthumb -g -Og -ffunction-s"
 1134      70202D6D 
 1134      6670753D 
 1134      66707634 
 1134      2D73702D 
 1135 017e 65637469 		.ascii	"ections -ffat-lto-objects\000"
 1135      6F6E7320 
 1135      2D666661 
 1135      742D6C74 
 1135      6F2D6F62 
 1136              	.LASF8:
 1137 0198 5F5F7569 		.ascii	"__uint32_t\000"
 1137      6E743332 
 1137      5F7400
 1138              	.LASF19:
 1139 01a3 63707573 		.ascii	"cpussBase\000"
 1139      73426173 
 1139      6500
 1140              	.LASF29:
 1141 01ad 63707573 		.ascii	"cpussVersion\000"
 1141      73566572 
 1141      73696F6E 
 1141      00
 1142              	.LASF5:
 1143 01ba 5F5F7569 		.ascii	"__uint16_t\000"
 1143      6E743136 
 1143      5F7400
 1144              	.LASF38:
ARM GAS  C:\Users\Rolf\AppData\Local\Temp\ccyb6oZa.s 			page 27


 1145 01c5 63707573 		.ascii	"cpussIpcNr\000"
 1145      73497063 
 1145      4E7200
 1146              	.LASF56:
 1147 01d0 666C6173 		.ascii	"flashRwwRequired\000"
 1147      68527777 
 1147      52657175 
 1147      69726564 
 1147      00
 1148              	.LASF88:
 1149 01e1 6770696F 		.ascii	"gpioPrtCfgSioOffset\000"
 1149      50727443 
 1149      66675369 
 1149      6F4F6666 
 1149      73657400 
 1150              	.LASF13:
 1151 01f5 75696E74 		.ascii	"uint8_t\000"
 1151      385F7400 
 1152              	.LASF36:
 1153 01fd 70657269 		.ascii	"periVersion\000"
 1153      56657273 
 1153      696F6E00 
 1154              	.LASF67:
 1155 0209 64774368 		.ascii	"dwChSize\000"
 1155      53697A65 
 1155      00
 1156              	.LASF60:
 1157 0212 666C6173 		.ascii	"flashEraseDelay\000"
 1157      68457261 
 1157      73654465 
 1157      6C617900 
 1158              	.LASF68:
 1159 0222 64774368 		.ascii	"dwChCtlPrioPos\000"
 1159      43746C50 
 1159      72696F50 
 1159      6F7300
 1160              	.LASF16:
 1161 0231 75696E74 		.ascii	"uint32_t\000"
 1161      33325F74 
 1161      00
 1162              	.LASF77:
 1163 023a 70657269 		.ascii	"periDivCmdTypeSelPos\000"
 1163      44697643 
 1163      6D645479 
 1163      70655365 
 1163      6C506F73 
 1164              	.LASF42:
 1165 024f 63707573 		.ascii	"cpussIpc0Irq\000"
 1165      73497063 
 1165      30497271 
 1165      00
 1166              	.LASF97:
 1167 025c 63707573 		.ascii	"cpussCm0NmiCtlOffset\000"
 1167      73436D30 
 1167      4E6D6943 
 1167      746C4F66 
 1167      66736574 
ARM GAS  C:\Users\Rolf\AppData\Local\Temp\ccyb6oZa.s 			page 28


 1168              	.LASF24:
 1169 0271 6873696F 		.ascii	"hsiomBase\000"
 1169      6D426173 
 1169      6500
 1170              	.LASF113:
 1171 027b 64657669 		.ascii	"device\000"
 1171      636500
 1172              	.LASF26:
 1173 0282 70617373 		.ascii	"passBase\000"
 1173      42617365 
 1173      00
 1174              	.LASF10:
 1175 028b 6C6F6E67 		.ascii	"long long int\000"
 1175      206C6F6E 
 1175      6720696E 
 1175      7400
 1176              	.LASF70:
 1177 0299 64775374 		.ascii	"dwStatusChIdxPos\000"
 1177      61747573 
 1177      43684964 
 1177      78506F73 
 1177      00
 1178              	.LASF74:
 1179 02aa 70657269 		.ascii	"periTrGrOffset\000"
 1179      54724772 
 1179      4F666673 
 1179      657400
 1180              	.LASF71:
 1181 02b9 64775374 		.ascii	"dwStatusChIdxMsk\000"
 1181      61747573 
 1181      43684964 
 1181      784D736B 
 1181      00
 1182              	.LASF96:
 1183 02ca 63707573 		.ascii	"cpussSysTickCtlOffset\000"
 1183      73537973 
 1183      5469636B 
 1183      43746C4F 
 1183      66667365 
 1184              	.LASF7:
 1185 02e0 6C6F6E67 		.ascii	"long int\000"
 1185      20696E74 
 1185      00
 1186              	.LASF84:
 1187 02e9 6770696F 		.ascii	"gpioPrtIntrCfgOffset\000"
 1187      50727449 
 1187      6E747243 
 1187      66674F66 
 1187      66736574 
 1188              	.LASF61:
 1189 02fe 666C6173 		.ascii	"flashCtlMainWs0Freq\000"
 1189      6843746C 
 1189      4D61696E 
 1189      57733046 
 1189      72657100 
 1190              	.LASF2:
 1191 0312 5F5F7569 		.ascii	"__uint8_t\000"
ARM GAS  C:\Users\Rolf\AppData\Local\Temp\ccyb6oZa.s 			page 29


 1191      6E74385F 
 1191      7400
 1192              	.LASF89:
 1193 031c 63707573 		.ascii	"cpussCm0ClockCtlOffset\000"
 1193      73436D30 
 1193      436C6F63 
 1193      6B43746C 
 1193      4F666673 
 1194              	.LASF81:
 1195 0333 70657269 		.ascii	"periDiv16CtlOffset\000"
 1195      44697631 
 1195      3643746C 
 1195      4F666673 
 1195      657400
 1196              	.LASF64:
 1197 0346 666C6173 		.ascii	"flashCtlMainWs3Freq\000"
 1197      6843746C 
 1197      4D61696E 
 1197      57733346 
 1197      72657100 
 1198              	.LASF80:
 1199 035a 70657269 		.ascii	"periDiv8CtlOffset\000"
 1199      44697638 
 1199      43746C4F 
 1199      66667365 
 1199      7400
 1200              	.LASF90:
 1201 036c 63707573 		.ascii	"cpussCm4ClockCtlOffset\000"
 1201      73436D34 
 1201      436C6F63 
 1201      6B43746C 
 1201      4F666673 
 1202              	.LASF73:
 1203 0383 70657269 		.ascii	"periTrCmdGrSelMsk\000"
 1203      5472436D 
 1203      64477253 
 1203      656C4D73 
 1203      6B00
 1204              	.LASF75:
 1205 0395 70657269 		.ascii	"periTrGrSize\000"
 1205      54724772 
 1205      53697A65 
 1205      00
 1206              	.LASF17:
 1207 03a2 6C6F6E67 		.ascii	"long double\000"
 1207      20646F75 
 1207      626C6500 
 1208              	.LASF102:
 1209 03ae 63707573 		.ascii	"cpussRam2Ctl0\000"
 1209      7352616D 
 1209      3243746C 
 1209      3000
 1210              	.LASF52:
 1211 03bc 75646250 		.ascii	"udbPresent\000"
 1211      72657365 
 1211      6E7400
 1212              	.LASF1:
ARM GAS  C:\Users\Rolf\AppData\Local\Temp\ccyb6oZa.s 			page 30


 1213 03c7 756E7369 		.ascii	"unsigned char\000"
 1213      676E6564 
 1213      20636861 
 1213      7200
 1214              	.LASF53:
 1215 03d5 73797350 		.ascii	"sysPmSimoPresent\000"
 1215      6D53696D 
 1215      6F507265 
 1215      73656E74 
 1215      00
 1216              	.LASF21:
 1217 03e6 70657269 		.ascii	"periBase\000"
 1217      42617365 
 1217      00
 1218              	.LASF0:
 1219 03ef 7369676E 		.ascii	"signed char\000"
 1219      65642063 
 1219      68617200 
 1220              	.LASF11:
 1221 03fb 6C6F6E67 		.ascii	"long long unsigned int\000"
 1221      206C6F6E 
 1221      6720756E 
 1221      7369676E 
 1221      65642069 
 1222              	.LASF25:
 1223 0412 6770696F 		.ascii	"gpioBase\000"
 1223      42617365 
 1223      00
 1224              	.LASF106:
 1225 041b 63795F64 		.ascii	"cy_deviceIpBlockCfgPSoC6_01\000"
 1225      65766963 
 1225      65497042 
 1225      6C6F636B 
 1225      43666750 
 1226              	.LASF107:
 1227 0437 63795F64 		.ascii	"cy_deviceIpBlockCfgPSoC6_02\000"
 1227      65766963 
 1227      65497042 
 1227      6C6F636B 
 1227      43666750 
 1228              	.LASF112:
 1229 0453 43795F50 		.ascii	"Cy_PDL_Init\000"
 1229      444C5F49 
 1229      6E697400 
 1230              	.LASF59:
 1231 045f 666C6173 		.ascii	"flashProgramDelay\000"
 1231      6850726F 
 1231      6772616D 
 1231      44656C61 
 1231      7900
 1232              	.LASF43:
 1233 0471 63707573 		.ascii	"cpussFmIrq\000"
 1233      73466D49 
 1233      727100
 1234              	.LASF44:
 1235 047c 63707573 		.ascii	"cpussNotConnectedIrq\000"
 1235      734E6F74 
ARM GAS  C:\Users\Rolf\AppData\Local\Temp\ccyb6oZa.s 			page 31


 1235      436F6E6E 
 1235      65637465 
 1235      64497271 
 1236              	.LASF104:
 1237 0491 6970634C 		.ascii	"ipcLockStatusOffset\000"
 1237      6F636B53 
 1237      74617475 
 1237      734F6666 
 1237      73657400 
 1238              	.LASF83:
 1239 04a5 70657269 		.ascii	"periDiv24_5CtlOffset\000"
 1239      44697632 
 1239      345F3543 
 1239      746C4F66 
 1239      66736574 
 1240              	.LASF32:
 1241 04ba 666C6173 		.ascii	"flashcVersion\000"
 1241      68635665 
 1241      7273696F 
 1241      6E00
 1242              	.LASF6:
 1243 04c8 73686F72 		.ascii	"short unsigned int\000"
 1243      7420756E 
 1243      7369676E 
 1243      65642069 
 1243      6E7400
 1244              	.LASF15:
 1245 04db 75696E74 		.ascii	"uint16_t\000"
 1245      31365F74 
 1245      00
 1246              	.LASF54:
 1247 04e4 70726F74 		.ascii	"protBusMasterMask\000"
 1247      4275734D 
 1247      61737465 
 1247      724D6173 
 1247      6B00
 1248              	.LASF95:
 1249 04f6 63707573 		.ascii	"cpussTrimRomCtlOffset\000"
 1249      73547269 
 1249      6D526F6D 
 1249      43746C4F 
 1249      66667365 
 1250              	.LASF76:
 1251 050c 70657269 		.ascii	"periDivCmdDivSelMsk\000"
 1251      44697643 
 1251      6D644469 
 1251      7653656C 
 1251      4D736B00 
 1252              	.LASF22:
 1253 0520 75646242 		.ascii	"udbBase\000"
 1253      61736500 
 1254              	.LASF48:
 1255 0528 70657269 		.ascii	"periClockNr\000"
 1255      436C6F63 
 1255      6B4E7200 
 1256              	.LASF46:
 1257 0534 73727373 		.ascii	"srssNumPll\000"
ARM GAS  C:\Users\Rolf\AppData\Local\Temp\ccyb6oZa.s 			page 32


 1257      4E756D50 
 1257      6C6C00
 1258              	.LASF14:
 1259 053f 696E7431 		.ascii	"int16_t\000"
 1259      365F7400 
 1260              	.LASF45:
 1261 0547 73727373 		.ascii	"srssNumClkpath\000"
 1261      4E756D43 
 1261      6C6B7061 
 1261      746800
 1262              	.LASF72:
 1263 0556 70657269 		.ascii	"periTrCmdOffset\000"
 1263      5472436D 
 1263      644F6666 
 1263      73657400 
 1264              	.LASF55:
 1265 0566 63727970 		.ascii	"cryptoMemSize\000"
 1265      746F4D65 
 1265      6D53697A 
 1265      6500
 1266              	.LASF85:
 1267 0574 6770696F 		.ascii	"gpioPrtCfgOffset\000"
 1267      50727443 
 1267      66674F66 
 1267      66736574 
 1267      00
 1268              	.LASF30:
 1269 0585 63727970 		.ascii	"cryptoVersion\000"
 1269      746F5665 
 1269      7273696F 
 1269      6E00
 1270              	.LASF33:
 1271 0593 6770696F 		.ascii	"gpioVersion\000"
 1271      56657273 
 1271      696F6E00 
 1272              	.LASF93:
 1273 059f 63707573 		.ascii	"cpussCm4PwrCtlOffset\000"
 1273      73436D34 
 1273      50777243 
 1273      746C4F66 
 1273      66736574 
 1274              	.LASF62:
 1275 05b4 666C6173 		.ascii	"flashCtlMainWs1Freq\000"
 1275      6843746C 
 1275      4D61696E 
 1275      57733146 
 1275      72657100 
 1276              	.LASF9:
 1277 05c8 6C6F6E67 		.ascii	"long unsigned int\000"
 1277      20756E73 
 1277      69676E65 
 1277      6420696E 
 1277      7400
 1278              	.LASF100:
 1279 05da 63707573 		.ascii	"cpussRam0Ctl0\000"
 1279      7352616D 
 1279      3043746C 
ARM GAS  C:\Users\Rolf\AppData\Local\Temp\ccyb6oZa.s 			page 33


 1279      3000
 1280              	.LASF31:
 1281 05e8 64775665 		.ascii	"dwVersion\000"
 1281      7273696F 
 1281      6E00
 1282              	.LASF51:
 1283 05f2 65704D6F 		.ascii	"epMonitorNr\000"
 1283      6E69746F 
 1283      724E7200 
 1284              	.LASF86:
 1285 05fe 6770696F 		.ascii	"gpioPrtCfgInOffset\000"
 1285      50727443 
 1285      6667496E 
 1285      4F666673 
 1285      657400
 1286              	.LASF108:
 1287 0611 63795F64 		.ascii	"cy_device\000"
 1287      65766963 
 1287      6500
 1288              	.LASF20:
 1289 061b 666C6173 		.ascii	"flashcBase\000"
 1289      68634261 
 1289      736500
 1290              	.LASF78:
 1291 0626 70657269 		.ascii	"periDivCmdPaDivSelPos\000"
 1291      44697643 
 1291      6D645061 
 1291      44697653 
 1291      656C506F 
 1292              	.LASF50:
 1293 063c 70617373 		.ascii	"passSarChannels\000"
 1293      53617243 
 1293      68616E6E 
 1293      656C7300 
 1294              	.LASF39:
 1295 064c 63707573 		.ascii	"cpussIpcIrqNr\000"
 1295      73497063 
 1295      4972714E 
 1295      7200
 1296              	.LASF3:
 1297 065a 5F5F696E 		.ascii	"__int16_t\000"
 1297      7431365F 
 1297      7400
 1298              	.LASF98:
 1299 0664 63707573 		.ascii	"cpussCm4NmiCtlOffset\000"
 1299      73436D34 
 1299      4E6D6943 
 1299      746C4F66 
 1299      66736574 
 1300              	.LASF79:
 1301 0679 70657269 		.ascii	"periDivCmdPaTypeSelPos\000"
 1301      44697643 
 1301      6D645061 
 1301      54797065 
 1301      53656C50 
 1302              	.LASF63:
 1303 0690 666C6173 		.ascii	"flashCtlMainWs2Freq\000"
ARM GAS  C:\Users\Rolf\AppData\Local\Temp\ccyb6oZa.s 			page 34


 1303      6843746C 
 1303      4D61696E 
 1303      57733246 
 1303      72657100 
 1304              	.LASF82:
 1305 06a4 70657269 		.ascii	"periDiv16_5CtlOffset\000"
 1305      44697631 
 1305      365F3543 
 1305      746C4F66 
 1305      66736574 
 1306              	.LASF57:
 1307 06b9 666C6173 		.ascii	"flashPipeRequired\000"
 1307      68506970 
 1307      65526571 
 1307      75697265 
 1307      6400
 1308              	.LASF103:
 1309 06cb 69706353 		.ascii	"ipcStructSize\000"
 1309      74727563 
 1309      7453697A 
 1309      6500
 1310              	.LASF27:
 1311 06d9 69706342 		.ascii	"ipcBase\000"
 1311      61736500 
 1312              	.LASF23:
 1313 06e1 70726F74 		.ascii	"protBase\000"
 1313      42617365 
 1313      00
 1314              	.LASF99:
 1315 06ea 63707573 		.ascii	"cpussRomCtl\000"
 1315      73526F6D 
 1315      43746C00 
 1316              	.LASF12:
 1317 06f6 756E7369 		.ascii	"unsigned int\000"
 1317      676E6564 
 1317      20696E74 
 1317      00
 1318              	.LASF49:
 1319 0703 736D6966 		.ascii	"smifDeviceNr\000"
 1319      44657669 
 1319      63654E72 
 1319      00
 1320              	.LASF110:
 1321 0710 47656E65 		.ascii	"Generated_Source\\PSoC6\\pdl\\drivers\\peripheral\\"
 1321      72617465 
 1321      645F536F 
 1321      75726365 
 1321      5C50536F 
 1322 073e 64657669 		.ascii	"device\\cy_device.c\000"
 1322      63655C63 
 1322      795F6465 
 1322      76696365 
 1322      2E6300
 1323              	.LASF92:
 1324 0751 63707573 		.ascii	"cpussCm0StatusOffset\000"
 1324      73436D30 
 1324      53746174 
ARM GAS  C:\Users\Rolf\AppData\Local\Temp\ccyb6oZa.s 			page 35


 1324      75734F66 
 1324      66736574 
 1325              	.LASF65:
 1326 0766 666C6173 		.ascii	"flashCtlMainWs4Freq\000"
 1326      6843746C 
 1326      4D61696E 
 1326      57733446 
 1326      72657100 
 1327              	.LASF111:
 1328 077a 5C5C4D61 		.ascii	"\\\\Mac\\Data\\VScode\\GIT\\Onethinx_Project_Exampl"
 1328      635C4461 
 1328      74615C56 
 1328      53636F64 
 1328      655C4749 
 1329 07a7 65735C45 		.ascii	"es\\Example_HelloWorld\\Onethinx_Creator.cydsn\000"
 1329      78616D70 
 1329      6C655F48 
 1329      656C6C6F 
 1329      576F726C 
 1330              	.LASF69:
 1331 07d4 64774368 		.ascii	"dwChCtlPreemptablePos\000"
 1331      43746C50 
 1331      7265656D 
 1331      70746162 
 1331      6C65506F 
 1332              		.ident	"GCC: (GNU Tools for ARM Embedded Processors) 5.4.1 20160609 (release) [ARM/embedded-5-bran
