Archive member included to satisfy reference by file (symbol)

/Volumes/Data/VScode/GIT/VSCode_OnethinxPack_macOS/gcc-arm-none-eabi-10.3-2021.10/bin/../lib/gcc/arm-none-eabi/10.3.1/thumb/v7e-m+fp/softfp/libgcc.a(_arm_addsubdf3.o)
                              CMakeFiles/Example_HelloWorld.elf.dir/Onethinx_Creator.cydsn/Generated_Source/PSoC6/pdl/drivers/peripheral/sysclk/cy_sysclk.c.obj (__aeabi_f2d)
/Volumes/Data/VScode/GIT/VSCode_OnethinxPack_macOS/gcc-arm-none-eabi-10.3-2021.10/bin/../lib/gcc/arm-none-eabi/10.3.1/thumb/v7e-m+fp/softfp/libgcc.a(_arm_muldivdf3.o)
                              CMakeFiles/Example_HelloWorld.elf.dir/Onethinx_Creator.cydsn/Generated_Source/PSoC6/pdl/drivers/peripheral/sysclk/cy_sysclk.c.obj (__aeabi_ddiv)
/Volumes/Data/VScode/GIT/VSCode_OnethinxPack_macOS/gcc-arm-none-eabi-10.3-2021.10/bin/../lib/gcc/arm-none-eabi/10.3.1/thumb/v7e-m+fp/softfp/libgcc.a(_arm_fixunsdfsi.o)
                              CMakeFiles/Example_HelloWorld.elf.dir/Onethinx_Creator.cydsn/Generated_Source/PSoC6/pdl/drivers/peripheral/sysclk/cy_sysclk.c.obj (__aeabi_d2uiz)
/Volumes/Data/VScode/GIT/VSCode_OnethinxPack_macOS/gcc-arm-none-eabi-10.3-2021.10/bin/../lib/gcc/arm-none-eabi/10.3.1/thumb/v7e-m+fp/softfp/libgcc.a(_arm_truncdfsf2.o)
                              CMakeFiles/Example_HelloWorld.elf.dir/Onethinx_Creator.cydsn/Generated_Source/PSoC6/pdl/drivers/peripheral/sysclk/cy_sysclk.c.obj (__aeabi_d2f)
/Volumes/Data/VScode/GIT/VSCode_OnethinxPack_macOS/gcc-arm-none-eabi-10.3-2021.10/bin/../lib/gcc/arm-none-eabi/10.3.1/thumb/v7e-m+fp/softfp/libgcc.a(_aeabi_uldivmod.o)
                              CMakeFiles/Example_HelloWorld.elf.dir/Onethinx_Creator.cydsn/Generated_Source/PSoC6/pdl/drivers/peripheral/sysclk/cy_sysclk.c.obj (__aeabi_uldivmod)
/Volumes/Data/VScode/GIT/VSCode_OnethinxPack_macOS/gcc-arm-none-eabi-10.3-2021.10/bin/../lib/gcc/arm-none-eabi/10.3.1/thumb/v7e-m+fp/softfp/libgcc.a(_udivmoddi4.o)
                              /Volumes/Data/VScode/GIT/VSCode_OnethinxPack_macOS/gcc-arm-none-eabi-10.3-2021.10/bin/../lib/gcc/arm-none-eabi/10.3.1/thumb/v7e-m+fp/softfp/libgcc.a(_aeabi_uldivmod.o) (__udivmoddi4)
/Volumes/Data/VScode/GIT/VSCode_OnethinxPack_macOS/gcc-arm-none-eabi-10.3-2021.10/bin/../lib/gcc/arm-none-eabi/10.3.1/thumb/v7e-m+fp/softfp/libgcc.a(_dvmd_tls.o)
                              /Volumes/Data/VScode/GIT/VSCode_OnethinxPack_macOS/gcc-arm-none-eabi-10.3-2021.10/bin/../lib/gcc/arm-none-eabi/10.3.1/thumb/v7e-m+fp/softfp/libgcc.a(_aeabi_uldivmod.o) (__aeabi_ldiv0)
/Volumes/Data/VScode/GIT/VSCode_OnethinxPack_macOS/gcc-arm-none-eabi-10.3-2021.10/bin/../lib/gcc/arm-none-eabi/10.3.1/../../../../arm-none-eabi/lib/thumb/v7e-m+fp/softfp/libg.a(lib_a-exit.o)
                              /Volumes/Data/VScode/GIT/VSCode_OnethinxPack_macOS/gcc-arm-none-eabi-10.3-2021.10/bin/../lib/gcc/arm-none-eabi/10.3.1/../../../../arm-none-eabi/lib/thumb/v7e-m+fp/softfp/crt0.o (exit)
/Volumes/Data/VScode/GIT/VSCode_OnethinxPack_macOS/gcc-arm-none-eabi-10.3-2021.10/bin/../lib/gcc/arm-none-eabi/10.3.1/../../../../arm-none-eabi/lib/thumb/v7e-m+fp/softfp/libg.a(lib_a-impure.o)
                              /Volumes/Data/VScode/GIT/VSCode_OnethinxPack_macOS/gcc-arm-none-eabi-10.3-2021.10/bin/../lib/gcc/arm-none-eabi/10.3.1/../../../../arm-none-eabi/lib/thumb/v7e-m+fp/softfp/libg.a(lib_a-exit.o) (_global_impure_ptr)
/Volumes/Data/VScode/GIT/VSCode_OnethinxPack_macOS/gcc-arm-none-eabi-10.3-2021.10/bin/../lib/gcc/arm-none-eabi/10.3.1/../../../../arm-none-eabi/lib/thumb/v7e-m+fp/softfp/libg.a(lib_a-init.o)
                              /Volumes/Data/VScode/GIT/VSCode_OnethinxPack_macOS/gcc-arm-none-eabi-10.3-2021.10/bin/../lib/gcc/arm-none-eabi/10.3.1/../../../../arm-none-eabi/lib/thumb/v7e-m+fp/softfp/crt0.o (__libc_init_array)
/Volumes/Data/VScode/GIT/VSCode_OnethinxPack_macOS/gcc-arm-none-eabi-10.3-2021.10/bin/../lib/gcc/arm-none-eabi/10.3.1/../../../../arm-none-eabi/lib/thumb/v7e-m+fp/softfp/libg.a(lib_a-memcpy.o)
                              CMakeFiles/Example_HelloWorld.elf.dir/Onethinx_Creator.cydsn/Generated_Source/PSoC6/cyfitter_cfg.c.obj (memcpy)
/Volumes/Data/VScode/GIT/VSCode_OnethinxPack_macOS/gcc-arm-none-eabi-10.3-2021.10/bin/../lib/gcc/arm-none-eabi/10.3.1/../../../../arm-none-eabi/lib/thumb/v7e-m+fp/softfp/libg.a(lib_a-memset.o)
                              /Volumes/Data/VScode/GIT/VSCode_OnethinxPack_macOS/gcc-arm-none-eabi-10.3-2021.10/bin/../lib/gcc/arm-none-eabi/10.3.1/../../../../arm-none-eabi/lib/thumb/v7e-m+fp/softfp/crt0.o (memset)
/Volumes/Data/VScode/GIT/VSCode_OnethinxPack_macOS/gcc-arm-none-eabi-10.3-2021.10/bin/../lib/gcc/arm-none-eabi/10.3.1/../../../../arm-none-eabi/lib/thumb/v7e-m+fp/softfp/libg.a(lib_a-strncpy.o)
                              CMakeFiles/Example_HelloWorld.elf.dir/Onethinx_Creator.cydsn/Generated_Source/PSoC6/pdl/drivers/peripheral/syslib/cy_syslib.c.obj (strncpy)
[...]
Memory Configuration

Name             Origin             Length             Attributes
ram              0x0000000008000000 0x000000000003f000 xrw
flash            0x0000000010000000 0x00000000000e0000 xr
em_eeprom        0x0000000014000000 0x0000000000008000 xr
xip              0x0000000018000000 0x0000000008000000 xr
efuse            0x0000000090700000 0x0000000000100000 r
*default*        0x0000000000000000 0xffffffffffffffff

Linker script and memory map

LOAD /Volumes/Data/VScode/GIT/VSCode_OnethinxPack_macOS/gcc-arm-none-eabi-10.3-2021.10/bin/../lib/gcc/arm-none-eabi/10.3.1/thumb/v7e-m+fp/softfp/crti.o
LOAD /Volumes/Data/VScode/GIT/VSCode_OnethinxPack_macOS/gcc-arm-none-eabi-10.3-2021.10/bin/../lib/gcc/arm-none-eabi/10.3.1/thumb/v7e-m+fp/softfp/crtbegin.o
LOAD /Volumes/Data/VScode/GIT/VSCode_OnethinxPack_macOS/gcc-arm-none-eabi-10.3-2021.10/bin/../lib/gcc/arm-none-eabi/10.3.1/../../../../arm-none-eabi/lib/thumb/v7e-m+fp/softfp/crt0.o
LOAD CMakeFiles/Example_HelloWorld.elf.dir/source/OnethinxCore/OnethinxCore01.c.obj
LOAD CMakeFiles/Example_HelloWorld.elf.dir/source/main.c.obj
LOAD CMakeFiles/Example_HelloWorld.elf.dir/Onethinx_Creator.cydsn/Generated_Source/PSoC6/cyfitter_cfg.c.obj
LOAD CMakeFiles/Example_HelloWorld.elf.dir/Onethinx_Creator.cydsn/Generated_Source/PSoC6/cyfitter_sysint_cfg.c.obj
LOAD CMakeFiles/Example_HelloWorld.elf.dir/Onethinx_Creator.cydsn/Generated_Source/PSoC6/cymetadata.c.obj
LOAD CMakeFiles/Example_HelloWorld.elf.dir/Onethinx_Creator.cydsn/Generated_Source/PSoC6/pdl/drivers/peripheral/device/cy_device.c.obj
LOAD CMakeFiles/Example_HelloWorld.elf.dir/Onethinx_Creator.cydsn/Generated_Source/PSoC6/pdl/drivers/peripheral/efuse/cy_efuse.c.obj
LOAD CMakeFiles/Example_HelloWorld.elf.dir/Onethinx_Creator.cydsn/Generated_Source/PSoC6/pdl/drivers/peripheral/flash/cy_flash.c.obj
LOAD CMakeFiles/Example_HelloWorld.elf.dir/Onethinx_Creator.cydsn/Generated_Source/PSoC6/pdl/drivers/peripheral/gpio/cy_gpio.c.obj
LOAD CMakeFiles/Example_HelloWorld.elf.dir/Onethinx_Creator.cydsn/Generated_Source/PSoC6/pdl/drivers/peripheral/ipc/cy_ipc_drv.c.obj
LOAD CMakeFiles/Example_HelloWorld.elf.dir/Onethinx_Creator.cydsn/Generated_Source/PSoC6/pdl/drivers/peripheral/ipc/cy_ipc_pipe.c.obj
LOAD CMakeFiles/Example_HelloWorld.elf.dir/Onethinx_Creator.cydsn/Generated_Source/PSoC6/pdl/drivers/peripheral/ipc/cy_ipc_sema.c.obj
LOAD CMakeFiles/Example_HelloWorld.elf.dir/Onethinx_Creator.cydsn/Generated_Source/PSoC6/pdl/drivers/peripheral/lvd/cy_lvd.c.obj
LOAD CMakeFiles/Example_HelloWorld.elf.dir/Onethinx_Creator.cydsn/Generated_Source/PSoC6/pdl/drivers/peripheral/profile/cy_profile.c.obj
LOAD CMakeFiles/Example_HelloWorld.elf.dir/Onethinx_Creator.cydsn/Generated_Source/PSoC6/pdl/drivers/peripheral/prot/cy_prot.c.obj
LOAD CMakeFiles/Example_HelloWorld.elf.dir/Onethinx_Creator.cydsn/Generated_Source/PSoC6/pdl/drivers/peripheral/sysanalog/cy_sysanalog.c.obj
LOAD CMakeFiles/Example_HelloWorld.elf.dir/Onethinx_Creator.cydsn/Generated_Source/PSoC6/pdl/drivers/peripheral/sysclk/cy_sysclk.c.obj
LOAD CMakeFiles/Example_HelloWorld.elf.dir/Onethinx_Creator.cydsn/Generated_Source/PSoC6/pdl/drivers/peripheral/sysint/cy_sysint.c.obj
LOAD CMakeFiles/Example_HelloWorld.elf.dir/Onethinx_Creator.cydsn/Generated_Source/PSoC6/pdl/drivers/peripheral/syslib/cy_syslib.c.obj
LOAD CMakeFiles/Example_HelloWorld.elf.dir/Onethinx_Creator.cydsn/Generated_Source/PSoC6/pdl/drivers/peripheral/syspm/cy_syspm.c.obj
LOAD CMakeFiles/Example_HelloWorld.elf.dir/Onethinx_Creator.cydsn/Generated_Source/PSoC6/pdl/drivers/peripheral/systick/cy_systick.c.obj
LOAD CMakeFiles/Example_HelloWorld.elf.dir/Onethinx_Creator.cydsn/Generated_Source/PSoC6/pdl/drivers/peripheral/trigmux/cy_trigmux.c.obj
LOAD CMakeFiles/Example_HelloWorld.elf.dir/Onethinx_Creator.cydsn/Generated_Source/PSoC6/pdl/drivers/peripheral/wdt/cy_wdt.c.obj
LOAD CMakeFiles/Example_HelloWorld.elf.dir/Onethinx_Creator.cydsn/Generated_Source/PSoC6/pdl/middleware/ble/cy_ble_clk.c.obj
LOAD CMakeFiles/Example_HelloWorld.elf.dir/Onethinx_Creator.cydsn/system_psoc6_cm4.c.obj
LOAD CMakeFiles/Example_HelloWorld.elf.dir/Onethinx_Creator.cydsn/gcc/startup_psoc6_01_cm4.S.obj
LOAD CMakeFiles/Example_HelloWorld.elf.dir/Onethinx_Creator.cydsn/Generated_Source/PSoC6/pdl/drivers/peripheral/syslib/gcc/cy_syslib_gcc.S.obj
START GROUP
LOAD /Volumes/Data/VScode/GIT/VSCode_OnethinxPack_macOS/gcc-arm-none-eabi-10.3-2021.10/bin/../lib/gcc/arm-none-eabi/10.3.1/thumb/v7e-m+fp/softfp/libgcc.a
LOAD /Volumes/Data/VScode/GIT/VSCode_OnethinxPack_macOS/gcc-arm-none-eabi-10.3-2021.10/bin/../lib/gcc/arm-none-eabi/10.3.1/../../../../arm-none-eabi/lib/thumb/v7e-m+fp/softfp/libg.a
LOAD /Volumes/Data/VScode/GIT/VSCode_OnethinxPack_macOS/gcc-arm-none-eabi-10.3-2021.10/bin/../lib/gcc/arm-none-eabi/10.3.1/../../../../arm-none-eabi/lib/thumb/v7e-m+fp/softfp/libc.a
END GROUP
START GROUP
LOAD /Volumes/Data/VScode/GIT/VSCode_OnethinxPack_macOS/gcc-arm-none-eabi-10.3-2021.10/bin/../lib/gcc/arm-none-eabi/10.3.1/thumb/v7e-m+fp/softfp/libgcc.a
LOAD /Volumes/Data/VScode/GIT/VSCode_OnethinxPack_macOS/gcc-arm-none-eabi-10.3-2021.10/bin/../lib/gcc/arm-none-eabi/10.3.1/../../../../arm-none-eabi/lib/thumb/v7e-m+fp/softfp/libc.a
LOAD /Volumes/Data/VScode/GIT/VSCode_OnethinxPack_macOS/gcc-arm-none-eabi-10.3-2021.10/bin/../lib/gcc/arm-none-eabi/10.3.1/../../../../arm-none-eabi/lib/thumb/v7e-m+fp/softfp/libnosys.a
END GROUP
LOAD /Volumes/Data/VScode/GIT/VSCode_OnethinxPack_macOS/gcc-arm-none-eabi-10.3-2021.10/bin/../lib/gcc/arm-none-eabi/10.3.1/thumb/v7e-m+fp/softfp/crtend.o
LOAD /Volumes/Data/VScode/GIT/VSCode_OnethinxPack_macOS/gcc-arm-none-eabi-10.3-2021.10/bin/../lib/gcc/arm-none-eabi/10.3.1/thumb/v7e-m+fp/softfp/crtn.o
START GROUP
LOAD /Volumes/Data/VScode/GIT/VSCode_OnethinxPack_macOS/gcc-arm-none-eabi-10.3-2021.10/bin/../lib/gcc/arm-none-eabi/10.3.1/thumb/v7e-m+fp/softfp/libgcc.a
LOAD /Volumes/Data/VScode/GIT/VSCode_OnethinxPack_macOS/gcc-arm-none-eabi-10.3-2021.10/bin/../lib/gcc/arm-none-eabi/10.3.1/../../../../arm-none-eabi/lib/thumb/v7e-m+fp/softfp/libc.a
LOAD /Volumes/Data/VScode/GIT/VSCode_OnethinxPack_macOS/gcc-arm-none-eabi-10.3-2021.10/bin/../lib/gcc/arm-none-eabi/10.3.1/../../../../arm-none-eabi/lib/thumb/v7e-m+fp/softfp/libnosys.a
END GROUP
                0x0000000010000000                __cy_app_verify_start = 0x10000000
                0x00000000000dff00                __cy_app_verify_length = 0xdff00
START GROUP
LOAD /Volumes/Data/VScode/GIT/VSCode_OnethinxPack_macOS/gcc-arm-none-eabi-10.3-2021.10/bin/../lib/gcc/arm-none-eabi/10.3.1/thumb/v7e-m+fp/softfp/libgcc.a
LOAD /Volumes/Data/VScode/GIT/VSCode_OnethinxPack_macOS/gcc-arm-none-eabi-10.3-2021.10/bin/../lib/gcc/arm-none-eabi/10.3.1/../../../../arm-none-eabi/lib/thumb/v7e-m+fp/softfp/libc.a
LOAD /Volumes/Data/VScode/GIT/VSCode_OnethinxPack_macOS/gcc-arm-none-eabi-10.3-2021.10/bin/../lib/gcc/arm-none-eabi/10.3.1/../../../../arm-none-eabi/lib/thumb/v7e-m+fp/softfp/libm.a
LOAD /Volumes/Data/VScode/GIT/VSCode_OnethinxPack_macOS/gcc-arm-none-eabi-10.3-2021.10/bin/../lib/gcc/arm-none-eabi/10.3.1/../../../../arm-none-eabi/lib/thumb/v7e-m+fp/softfp/libnosys.a
END GROUP

.text           0x0000000010000000     0x3384
                0x0000000010000000                __Vectors = .
 *(.vectors)
 .vectors       0x0000000010000000      0x28c CMakeFiles/Example_HelloWorld.elf.dir/Onethinx_Creator.cydsn/gcc/startup_psoc6_01_cm4.S.obj
                0x000000001000028c                . = ALIGN (0x4)
                0x000000001000028c                __Vectors_End = .
                0x000000001000028c                __Vectors_Size = (__Vectors_End - __Vectors)
                0x0000000008001080                __end__ = .
                0x000000001000028c                . = ALIGN (0x4)
 *(.text*)
 .text          0x000000001000028c       0x40 /Volumes/Data/VScode/GIT/VSCode_OnethinxPack_macOS/gcc-arm-none-eabi-10.3-2021.10/bin/../lib/gcc/arm-none-eabi/10.3.1/thumb/v7e-m+fp/softfp/crtbegin.o
 .text.CM4_MessageCallback
                0x00000000100002cc        0x2 CMakeFiles/Example_HelloWorld.elf.dir/source/OnethinxCore/OnethinxCore01.c.obj
                0x00000000100002cc                CM4_MessageCallback
 *fill*         0x00000000100002ce        0x2 
 .text.CM4_ReleaseCallback
                0x00000000100002d0        0xc CMakeFiles/Example_HelloWorld.elf.dir/source/OnethinxCore/OnethinxCore01.c.obj
                0x00000000100002d0                CM4_ReleaseCallback
 .text.coreComm
                0x00000000100002dc       0xc0 CMakeFiles/Example_HelloWorld.elf.dir/source/OnethinxCore/OnethinxCore01.c.obj
                0x00000000100002dc                coreComm
 .text.LoRaWAN_Init
                0x000000001000039c       0x88 CMakeFiles/Example_HelloWorld.elf.dir/source/OnethinxCore/OnethinxCore01.c.obj
                0x000000001000039c                LoRaWAN_Init
 .text.LoRaWAN_Join
                0x0000000010000424       0x10 CMakeFiles/Example_HelloWorld.elf.dir/source/OnethinxCore/OnethinxCore01.c.obj
                0x0000000010000424                LoRaWAN_Join
 .text.LoRaWAN_GetInfo
                0x0000000010000434       0x18 CMakeFiles/Example_HelloWorld.elf.dir/source/OnethinxCore/OnethinxCore01.c.obj
                0x0000000010000434                LoRaWAN_GetInfo
 .text.LoRaWAN_Send
                0x000000001000044c       0x1c CMakeFiles/Example_HelloWorld.elf.dir/source/OnethinxCore/OnethinxCore01.c.obj
                0x000000001000044c                LoRaWAN_Send
 .text.LoRaWAN_Sleep
                0x0000000010000468       0x98 CMakeFiles/Example_HelloWorld.elf.dir/source/OnethinxCore/OnethinxCore01.c.obj
                0x0000000010000468                LoRaWAN_Sleep
 .text.main     0x0000000010000500       0xf8 CMakeFiles/Example_HelloWorld.elf.dir/source/main.c.obj
                0x0000000010000500                main
 .text.cfg_write_bytes32
                0x00000000100005f8       0x38 CMakeFiles/Example_HelloWorld.elf.dir/Onethinx_Creator.cydsn/Generated_Source/PSoC6/cyfitter_cfg.c.obj
 .text.AnalogSetDefault
                0x0000000010000630       0x14 CMakeFiles/Example_HelloWorld.elf.dir/Onethinx_Creator.cydsn/Generated_Source/PSoC6/cyfitter_cfg.c.obj
 .text.ClockInit
                0x0000000010000644      0x1ac CMakeFiles/Example_HelloWorld.elf.dir/Onethinx_Creator.cydsn/Generated_Source/PSoC6/cyfitter_cfg.c.obj
 .text.CYMEMZERO
                0x00000000100007f0        0xc CMakeFiles/Example_HelloWorld.elf.dir/Onethinx_Creator.cydsn/Generated_Source/PSoC6/cyfitter_cfg.c.obj
 .text.CYCONFIGCPYCODE
                0x00000000100007fc        0x8 CMakeFiles/Example_HelloWorld.elf.dir/Onethinx_Creator.cydsn/Generated_Source/PSoC6/cyfitter_cfg.c.obj
 .text.Cy_SystemInit
                0x0000000010000804      0x11c CMakeFiles/Example_HelloWorld.elf.dir/Onethinx_Creator.cydsn/Generated_Source/PSoC6/cyfitter_cfg.c.obj
                0x0000000010000804                Cy_SystemInit
 .text.Cy_PDL_Init
                0x0000000010000920        0xc CMakeFiles/Example_HelloWorld.elf.dir/Onethinx_Creator.cydsn/Generated_Source/PSoC6/pdl/drivers/peripheral/device/cy_device.c.obj
                0x0000000010000920                Cy_PDL_Init
 .text.Cy_Flash_ProcessOpcode
                0x000000001000092c       0xd0 CMakeFiles/Example_HelloWorld.elf.dir/Onethinx_Creator.cydsn/Generated_Source/PSoC6/pdl/drivers/peripheral/flash/cy_flash.c.obj
 .text.Cy_Flash_OperationStatus
                0x00000000100009fc       0x5c CMakeFiles/Example_HelloWorld.elf.dir/Onethinx_Creator.cydsn/Generated_Source/PSoC6/pdl/drivers/peripheral/flash/cy_flash.c.obj
 .text.Cy_Flash_InitExt
                0x0000000010000a58       0x80 CMakeFiles/Example_HelloWorld.elf.dir/Onethinx_Creator.cydsn/Generated_Source/PSoC6/pdl/drivers/peripheral/flash/cy_flash.c.obj
                0x0000000010000a58                Cy_Flash_InitExt
 .text.Cy_Flash_Init
                0x0000000010000ad8       0x10 CMakeFiles/Example_HelloWorld.elf.dir/Onethinx_Creator.cydsn/Generated_Source/PSoC6/pdl/drivers/peripheral/flash/cy_flash.c.obj
                0x0000000010000ad8                Cy_Flash_Init
 .text.Cy_GPIO_Pin_Init
                0x0000000010000ae8      0x360 CMakeFiles/Example_HelloWorld.elf.dir/Onethinx_Creator.cydsn/Generated_Source/PSoC6/pdl/drivers/peripheral/gpio/cy_gpio.c.obj
                0x0000000010000ae8                Cy_GPIO_Pin_Init
 .text.Cy_GPIO_Port_Init
                0x0000000010000e48       0xf8 CMakeFiles/Example_HelloWorld.elf.dir/Onethinx_Creator.cydsn/Generated_Source/PSoC6/pdl/drivers/peripheral/gpio/cy_gpio.c.obj
                0x0000000010000e48                Cy_GPIO_Port_Init
 .text.Cy_IPC_Drv_LockRelease
                0x0000000010000f40       0x40 CMakeFiles/Example_HelloWorld.elf.dir/Onethinx_Creator.cydsn/Generated_Source/PSoC6/pdl/drivers/peripheral/ipc/cy_ipc_drv.c.obj
                0x0000000010000f40                Cy_IPC_Drv_LockRelease
 .text.Cy_IPC_Drv_SendMsgWord
                0x0000000010000f80       0x34 CMakeFiles/Example_HelloWorld.elf.dir/Onethinx_Creator.cydsn/Generated_Source/PSoC6/pdl/drivers/peripheral/ipc/cy_ipc_drv.c.obj
                0x0000000010000f80                Cy_IPC_Drv_SendMsgWord
 .text.Cy_IPC_Drv_ReadMsgWord
                0x0000000010000fb4       0x38 CMakeFiles/Example_HelloWorld.elf.dir/Onethinx_Creator.cydsn/Generated_Source/PSoC6/pdl/drivers/peripheral/ipc/cy_ipc_drv.c.obj
                0x0000000010000fb4                Cy_IPC_Drv_ReadMsgWord
 .text.Cy_IPC_Pipe_Config
                0x0000000010000fec       0x14 CMakeFiles/Example_HelloWorld.elf.dir/Onethinx_Creator.cydsn/Generated_Source/PSoC6/pdl/drivers/peripheral/ipc/cy_ipc_pipe.c.obj
                0x0000000010000fec                Cy_IPC_Pipe_Config
 .text.Cy_IPC_Pipe_EndpointInit
                0x0000000010001000       0xec CMakeFiles/Example_HelloWorld.elf.dir/Onethinx_Creator.cydsn/Generated_Source/PSoC6/pdl/drivers/peripheral/ipc/cy_ipc_pipe.c.obj
                0x0000000010001000                Cy_IPC_Pipe_EndpointInit
 .text.Cy_IPC_Pipe_Init
                0x00000000100010ec       0xd4 CMakeFiles/Example_HelloWorld.elf.dir/Onethinx_Creator.cydsn/Generated_Source/PSoC6/pdl/drivers/peripheral/ipc/cy_ipc_pipe.c.obj
                0x00000000100010ec                Cy_IPC_Pipe_Init
 .text.Cy_IPC_Pipe_SendMessage
                0x00000000100011c0       0xa4 CMakeFiles/Example_HelloWorld.elf.dir/Onethinx_Creator.cydsn/Generated_Source/PSoC6/pdl/drivers/peripheral/ipc/cy_ipc_pipe.c.obj
                0x00000000100011c0                Cy_IPC_Pipe_SendMessage
 .text.Cy_IPC_Pipe_RegisterCallback
                0x0000000010001264       0x54 CMakeFiles/Example_HelloWorld.elf.dir/Onethinx_Creator.cydsn/Generated_Source/PSoC6/pdl/drivers/peripheral/ipc/cy_ipc_pipe.c.obj
                0x0000000010001264                Cy_IPC_Pipe_RegisterCallback
 .text.Cy_IPC_Pipe_ExecCallback
                0x00000000100012b8       0xcc CMakeFiles/Example_HelloWorld.elf.dir/Onethinx_Creator.cydsn/Generated_Source/PSoC6/pdl/drivers/peripheral/ipc/cy_ipc_pipe.c.obj
                0x00000000100012b8                Cy_IPC_Pipe_ExecCallback
 .text.Cy_IPC_Pipe_ExecuteCallback
                0x0000000010001384       0x30 CMakeFiles/Example_HelloWorld.elf.dir/Onethinx_Creator.cydsn/Generated_Source/PSoC6/pdl/drivers/peripheral/ipc/cy_ipc_pipe.c.obj
                0x0000000010001384                Cy_IPC_Pipe_ExecuteCallback
 .text.Cy_IPC_Sema_InitExt
                0x00000000100013b4       0xb0 CMakeFiles/Example_HelloWorld.elf.dir/Onethinx_Creator.cydsn/Generated_Source/PSoC6/pdl/drivers/peripheral/ipc/cy_ipc_sema.c.obj
                0x00000000100013b4                Cy_IPC_Sema_InitExt
 .text.Cy_IPC_Sema_Init
                0x0000000010001464       0x6c CMakeFiles/Example_HelloWorld.elf.dir/Onethinx_Creator.cydsn/Generated_Source/PSoC6/pdl/drivers/peripheral/ipc/cy_ipc_sema.c.obj
                0x0000000010001464                Cy_IPC_Sema_Init
 .text.Cy_IPC_Sema_Clear
                0x00000000100014d0       0x7c CMakeFiles/Example_HelloWorld.elf.dir/Onethinx_Creator.cydsn/Generated_Source/PSoC6/pdl/drivers/peripheral/ipc/cy_ipc_sema.c.obj
                0x00000000100014d0                Cy_IPC_Sema_Clear
 .text.Cy_IPC_Sema_Status
                0x000000001000154c       0x40 CMakeFiles/Example_HelloWorld.elf.dir/Onethinx_Creator.cydsn/Generated_Source/PSoC6/pdl/drivers/peripheral/ipc/cy_ipc_sema.c.obj
                0x000000001000154c                Cy_IPC_Sema_Status
 .text.Cy_SysClk_ClkPathSetSource
                0x000000001000158c       0x5c CMakeFiles/Example_HelloWorld.elf.dir/Onethinx_Creator.cydsn/Generated_Source/PSoC6/pdl/drivers/peripheral/sysclk/cy_sysclk.c.obj
                0x000000001000158c                Cy_SysClk_ClkPathSetSource
 .text.Cy_SysInt_SetVector
                0x00000000100015e8       0x48 CMakeFiles/Example_HelloWorld.elf.dir/Onethinx_Creator.cydsn/Generated_Source/PSoC6/pdl/drivers/peripheral/sysint/cy_sysint.c.obj
                0x00000000100015e8                Cy_SysInt_SetVector
 .text.Cy_SysInt_Init
                0x0000000010001630       0x74 CMakeFiles/Example_HelloWorld.elf.dir/Onethinx_Creator.cydsn/Generated_Source/PSoC6/pdl/drivers/peripheral/sysint/cy_sysint.c.obj
                0x0000000010001630                Cy_SysInt_Init
 .text.Cy_SysLib_Delay
                0x00000000100016a4       0x30 CMakeFiles/Example_HelloWorld.elf.dir/Onethinx_Creator.cydsn/Generated_Source/PSoC6/pdl/drivers/peripheral/syslib/cy_syslib.c.obj
                0x00000000100016a4                Cy_SysLib_Delay
 .text.Cy_SysLib_Halt
                0x00000000100016d4        0x4 CMakeFiles/Example_HelloWorld.elf.dir/Onethinx_Creator.cydsn/Generated_Source/PSoC6/pdl/drivers/peripheral/syslib/cy_syslib.c.obj
                0x00000000100016d4                Cy_SysLib_Halt
 .text.Cy_SysLib_AssertFailed
                0x00000000100016d8       0x1c CMakeFiles/Example_HelloWorld.elf.dir/Onethinx_Creator.cydsn/Generated_Source/PSoC6/pdl/drivers/peripheral/syslib/cy_syslib.c.obj
                0x00000000100016d8                Cy_SysLib_AssertFailed
 .text.Cy_SysLib_ProcessingFault
                0x00000000100016f4        0x2 CMakeFiles/Example_HelloWorld.elf.dir/Onethinx_Creator.cydsn/Generated_Source/PSoC6/pdl/drivers/peripheral/syslib/cy_syslib.c.obj
                0x00000000100016f4                Cy_SysLib_ProcessingFault
 *fill*         0x00000000100016f6        0x2 
 .text.Cy_SysLib_FaultHandler
                0x00000000100016f8       0xa4 CMakeFiles/Example_HelloWorld.elf.dir/Onethinx_Creator.cydsn/Generated_Source/PSoC6/pdl/drivers/peripheral/syslib/cy_syslib.c.obj
                0x00000000100016f8                Cy_SysLib_FaultHandler
 .text.Cy_SysLib_SetWaitStates
                0x000000001000179c       0xd0 CMakeFiles/Example_HelloWorld.elf.dir/Onethinx_Creator.cydsn/Generated_Source/PSoC6/pdl/drivers/peripheral/syslib/cy_syslib.c.obj
                0x000000001000179c                Cy_SysLib_SetWaitStates
 .text.Cy_SysPm_ExecuteCallback
                0x000000001000186c       0xd0 CMakeFiles/Example_HelloWorld.elf.dir/Onethinx_Creator.cydsn/Generated_Source/PSoC6/pdl/drivers/peripheral/syspm/cy_syspm.c.obj
                0x000000001000186c                Cy_SysPm_ExecuteCallback
 .text.Cy_SysPm_CpuEnterSleep
                0x000000001000193c       0x98 CMakeFiles/Example_HelloWorld.elf.dir/Onethinx_Creator.cydsn/Generated_Source/PSoC6/pdl/drivers/peripheral/syspm/cy_syspm.c.obj
                0x000000001000193c                Cy_SysPm_CpuEnterSleep
 .text.Cy_SysPm_SaveRegisters
                0x00000000100019d4       0x84 CMakeFiles/Example_HelloWorld.elf.dir/Onethinx_Creator.cydsn/Generated_Source/PSoC6/pdl/drivers/peripheral/syspm/cy_syspm.c.obj
                0x00000000100019d4                Cy_SysPm_SaveRegisters
 .text.Cy_SysPm_RestoreRegisters
                0x0000000010001a58       0x84 CMakeFiles/Example_HelloWorld.elf.dir/Onethinx_Creator.cydsn/Generated_Source/PSoC6/pdl/drivers/peripheral/syspm/cy_syspm.c.obj
                0x0000000010001a58                Cy_SysPm_RestoreRegisters
 .text.Cy_SysPm_CpuEnterDeepSleep
                0x0000000010001adc      0x114 CMakeFiles/Example_HelloWorld.elf.dir/Onethinx_Creator.cydsn/Generated_Source/PSoC6/pdl/drivers/peripheral/syspm/cy_syspm.c.obj
                0x0000000010001adc                Cy_SysPm_CpuEnterDeepSleep
 .text.Cy_SysTick_SetClockSource
                0x0000000010001bf0       0x38 CMakeFiles/Example_HelloWorld.elf.dir/Onethinx_Creator.cydsn/Generated_Source/PSoC6/pdl/drivers/peripheral/systick/cy_systick.c.obj
                0x0000000010001bf0                Cy_SysTick_SetClockSource
 .text.Cy_TrigMux_Connect
                0x0000000010001c28       0xd0 CMakeFiles/Example_HelloWorld.elf.dir/Onethinx_Creator.cydsn/Generated_Source/PSoC6/pdl/drivers/peripheral/trigmux/cy_trigmux.c.obj
                0x0000000010001c28                Cy_TrigMux_Connect
 .text.Cy_SysIpcPipeIsrCm4
                0x0000000010001cf8        0xa CMakeFiles/Example_HelloWorld.elf.dir/Onethinx_Creator.cydsn/system_psoc6_cm4.c.obj
                0x0000000010001cf8                Cy_SysIpcPipeIsrCm4
 *fill*         0x0000000010001d02        0x2 
 .text.SystemCoreClockUpdate
                0x0000000010001d04      0x1bc CMakeFiles/Example_HelloWorld.elf.dir/Onethinx_Creator.cydsn/system_psoc6_cm4.c.obj
                0x0000000010001d04                SystemCoreClockUpdate
 .text.SystemInit
                0x0000000010001ec0       0x48 CMakeFiles/Example_HelloWorld.elf.dir/Onethinx_Creator.cydsn/system_psoc6_cm4.c.obj
                0x0000000010001ec0                SystemInit
 .text.Cy_SystemInitFpuEnable
                0x0000000010001f08       0x28 CMakeFiles/Example_HelloWorld.elf.dir/Onethinx_Creator.cydsn/system_psoc6_cm4.c.obj
                0x0000000010001f08                Cy_SystemInitFpuEnable
 .text          0x0000000010001f30       0x84 CMakeFiles/Example_HelloWorld.elf.dir/Onethinx_Creator.cydsn/gcc/startup_psoc6_01_cm4.S.obj
                0x0000000010001f30                Cy_OnResetUser
                0x0000000010001f32                Reset_Handler
                0x0000000010001f94                cpuss_interrupts_ipc_6_IRQHandler
                0x0000000010001f94                DebugMon_Handler
                0x0000000010001f94                tcpwm_1_interrupts_11_IRQHandler
                0x0000000010001f94                cpuss_interrupts_ipc_0_IRQHandler
                0x0000000010001f94                tcpwm_1_interrupts_15_IRQHandler
                0x0000000010001f94                tcpwm_1_interrupts_13_IRQHandler
                0x0000000010001f94                cpuss_interrupts_dw1_8_IRQHandler
                0x0000000010001f94                tcpwm_0_interrupts_0_IRQHandler
                0x0000000010001f94                SysTick_Handler
                0x0000000010001f94                cpuss_interrupt_fm_IRQHandler
                0x0000000010001f94                cpuss_interrupts_ipc_7_IRQHandler
                0x0000000010001f94                tcpwm_1_interrupts_14_IRQHandler
                0x0000000010001f94                cpuss_interrupts_dw0_11_IRQHandler
                0x0000000010001f94                tcpwm_1_interrupts_9_IRQHandler
                0x0000000010001f94                cpuss_interrupts_cm0_cti_1_IRQHandler
                0x0000000010001f94                tcpwm_1_interrupts_22_IRQHandler
                0x0000000010001f94                cpuss_interrupts_dw0_4_IRQHandler
                0x0000000010001f94                PendSV_Handler
                0x0000000010001f94                NMI_Handler
                0x0000000010001f94                cpuss_interrupts_dw1_12_IRQHandler
                0x0000000010001f94                tcpwm_1_interrupts_12_IRQHandler
                0x0000000010001f94                smif_interrupt_IRQHandler
                0x0000000010001f94                tcpwm_1_interrupts_2_IRQHandler
                0x0000000010001f94                cpuss_interrupts_ipc_13_IRQHandler
                0x0000000010001f94                udb_interrupts_11_IRQHandler
                0x0000000010001f94                tcpwm_1_interrupts_18_IRQHandler
                0x0000000010001f94                tcpwm_0_interrupts_2_IRQHandler
                0x0000000010001f94                cpuss_interrupts_dw0_13_IRQHandler
                0x0000000010001f94                udb_interrupts_2_IRQHandler
                0x0000000010001f94                cpuss_interrupts_dw1_7_IRQHandler
                0x0000000010001f94                ioss_interrupts_gpio_1_IRQHandler
                0x0000000010001f94                ioss_interrupts_gpio_7_IRQHandler
                0x0000000010001f94                scb_5_interrupt_IRQHandler
                0x0000000010001f94                udb_interrupts_6_IRQHandler
                0x0000000010001f94                cpuss_interrupts_fault_1_IRQHandler
                0x0000000010001f94                cpuss_interrupts_ipc_4_IRQHandler
                0x0000000010001f94                cpuss_interrupts_ipc_5_IRQHandler
                0x0000000010001f94                cpuss_interrupts_dw1_10_IRQHandler
                0x0000000010001f94                udb_interrupts_0_IRQHandler
                0x0000000010001f94                tcpwm_1_interrupts_6_IRQHandler
                0x0000000010001f94                scb_4_interrupt_IRQHandler
                0x0000000010001f94                pass_interrupt_dacs_IRQHandler
                0x0000000010001f94                ioss_interrupts_gpio_2_IRQHandler
                0x0000000010001f94                cpuss_interrupts_dw1_9_IRQHandler
                0x0000000010001f94                cpuss_interrupts_dw1_13_IRQHandler
                0x0000000010001f94                scb_2_interrupt_IRQHandler
                0x0000000010001f94                cpuss_interrupts_dw0_3_IRQHandler
                0x0000000010001f94                cpuss_interrupts_dw0_5_IRQHandler
                0x0000000010001f94                cpuss_interrupts_dw1_2_IRQHandler
                0x0000000010001f94                cpuss_interrupts_cm0_cti_0_IRQHandler
                0x0000000010001f94                ioss_interrupts_gpio_13_IRQHandler
                0x0000000010001f94                lpcomp_interrupt_IRQHandler
                0x0000000010001f94                udb_interrupts_5_IRQHandler
                0x0000000010001f94                srss_interrupt_IRQHandler
                0x0000000010001f94                udb_interrupts_12_IRQHandler
                0x0000000010001f94                scb_0_interrupt_IRQHandler
                0x0000000010001f94                csd_interrupt_IRQHandler
                0x0000000010001f94                udb_interrupts_1_IRQHandler
                0x0000000010001f94                profile_interrupt_IRQHandler
                0x0000000010001f94                tcpwm_1_interrupts_1_IRQHandler
                0x0000000010001f94                cpuss_interrupts_ipc_12_IRQHandler
                0x0000000010001f94                tcpwm_1_interrupts_3_IRQHandler
                0x0000000010001f94                tcpwm_0_interrupts_7_IRQHandler
                0x0000000010001f94                cpuss_interrupts_dw1_1_IRQHandler
                0x0000000010001f94                cpuss_interrupts_dw1_0_IRQHandler
                0x0000000010001f94                cpuss_interrupts_dw0_9_IRQHandler
                0x0000000010001f94                tcpwm_1_interrupts_23_IRQHandler
                0x0000000010001f94                udb_interrupts_4_IRQHandler
                0x0000000010001f94                tcpwm_1_interrupts_20_IRQHandler
                0x0000000010001f94                ioss_interrupt_gpio_IRQHandler
                0x0000000010001f94                tcpwm_0_interrupts_1_IRQHandler
                0x0000000010001f94                ioss_interrupts_gpio_8_IRQHandler
                0x0000000010001f94                tcpwm_0_interrupts_6_IRQHandler
                0x0000000010001f94                scb_7_interrupt_IRQHandler
                0x0000000010001f94                tcpwm_1_interrupts_7_IRQHandler
                0x0000000010001f94                cpuss_interrupts_ipc_11_IRQHandler
                0x0000000010001f94                udb_interrupts_13_IRQHandler
                0x0000000010001f94                cpuss_interrupts_dw0_15_IRQHandler
                0x0000000010001f94                udb_interrupts_7_IRQHandler
                0x0000000010001f94                cpuss_interrupts_dw1_6_IRQHandler
                0x0000000010001f94                cpuss_interrupt_crypto_IRQHandler
                0x0000000010001f94                scb_1_interrupt_IRQHandler
                0x0000000010001f94                Default_Handler
                0x0000000010001f94                usb_interrupt_hi_IRQHandler
                0x0000000010001f94                tcpwm_1_interrupts_0_IRQHandler
                0x0000000010001f94                udb_interrupts_9_IRQHandler
                0x0000000010001f94                audioss_interrupt_pdm_IRQHandler
                0x0000000010001f94                srss_interrupt_mcwdt_0_IRQHandler
                0x0000000010001f94                scb_3_interrupt_IRQHandler
                0x0000000010001f94                pass_interrupt_ctbs_IRQHandler
                0x0000000010001f94                udb_interrupts_8_IRQHandler
                0x0000000010001f94                ioss_interrupts_gpio_3_IRQHandler
                0x0000000010001f94                scb_6_interrupt_IRQHandler
                0x0000000010001f94                cpuss_interrupts_cm4_cti_0_IRQHandler
                0x0000000010001f94                cpuss_interrupts_dw1_3_IRQHandler
                0x0000000010001f94                pass_interrupt_sar_IRQHandler
                0x0000000010001f94                ioss_interrupts_gpio_0_IRQHandler
                0x0000000010001f94                ioss_interrupts_gpio_14_IRQHandler
                0x0000000010001f94                tcpwm_0_interrupts_4_IRQHandler
                0x0000000010001f94                udb_interrupts_3_IRQHandler
                0x0000000010001f94                tcpwm_0_interrupts_5_IRQHandler
                0x0000000010001f94                cpuss_interrupts_ipc_15_IRQHandler
                0x0000000010001f94                cpuss_interrupts_cm4_cti_1_IRQHandler
                0x0000000010001f94                scb_8_interrupt_IRQHandler
                0x0000000010001f94                srss_interrupt_mcwdt_1_IRQHandler
                0x0000000010001f94                SVC_Handler
                0x0000000010001f94                cpuss_interrupts_dw1_5_IRQHandler
                0x0000000010001f94                cpuss_interrupts_ipc_1_IRQHandler
                0x0000000010001f94                cpuss_interrupts_dw0_0_IRQHandler
                0x0000000010001f94                ioss_interrupts_gpio_12_IRQHandler
                0x0000000010001f94                cpuss_interrupts_ipc_3_IRQHandler
                0x0000000010001f94                tcpwm_1_interrupts_17_IRQHandler
                0x0000000010001f94                srss_interrupt_backup_IRQHandler
                0x0000000010001f94                bless_interrupt_IRQHandler
                0x0000000010001f94                cpuss_interrupts_ipc_10_IRQHandler
                0x0000000010001f94                cpuss_interrupts_ipc_9_IRQHandler
                0x0000000010001f94                cpuss_interrupts_dw0_14_IRQHandler
                0x0000000010001f94                tcpwm_1_interrupts_4_IRQHandler
                0x0000000010001f94                tcpwm_0_interrupts_3_IRQHandler
                0x0000000010001f94                cpuss_interrupts_dw1_15_IRQHandler
                0x0000000010001f94                ioss_interrupts_gpio_10_IRQHandler
                0x0000000010001f94                udb_interrupts_10_IRQHandler
                0x0000000010001f94                cpuss_interrupts_dw0_8_IRQHandler
                0x0000000010001f94                ioss_interrupts_gpio_11_IRQHandler
                0x0000000010001f94                cpuss_interrupts_ipc_14_IRQHandler
                0x0000000010001f94                ioss_interrupts_gpio_5_IRQHandler
                0x0000000010001f94                ioss_interrupts_gpio_4_IRQHandler
                0x0000000010001f94                tcpwm_1_interrupts_8_IRQHandler
                0x0000000010001f94                cpuss_interrupts_dw1_14_IRQHandler
                0x0000000010001f94                usb_interrupt_med_IRQHandler
                0x0000000010001f94                cpuss_interrupts_dw0_2_IRQHandler
                0x0000000010001f94                tcpwm_1_interrupts_10_IRQHandler
                0x0000000010001f94                cpuss_interrupts_fault_0_IRQHandler
                0x0000000010001f94                cpuss_interrupts_dw0_12_IRQHandler
                0x0000000010001f94                ioss_interrupts_gpio_6_IRQHandler
                0x0000000010001f94                tcpwm_1_interrupts_21_IRQHandler
                0x0000000010001f94                tcpwm_1_interrupts_16_IRQHandler
                0x0000000010001f94                cpuss_interrupts_dw1_4_IRQHandler
                0x0000000010001f94                udb_interrupts_15_IRQHandler
                0x0000000010001f94                cpuss_interrupts_dw1_11_IRQHandler
                0x0000000010001f94                cpuss_interrupts_dw0_6_IRQHandler
                0x0000000010001f94                ioss_interrupt_vdd_IRQHandler
                0x0000000010001f94                audioss_interrupt_i2s_IRQHandler
                0x0000000010001f94                tcpwm_1_interrupts_5_IRQHandler
                0x0000000010001f94                cpuss_interrupts_ipc_2_IRQHandler
                0x0000000010001f94                cpuss_interrupts_dw0_10_IRQHandler
                0x0000000010001f94                tcpwm_1_interrupts_19_IRQHandler
                0x0000000010001f94                cpuss_interrupts_dw0_1_IRQHandler
                0x0000000010001f94                ioss_interrupts_gpio_9_IRQHandler
                0x0000000010001f94                usb_interrupt_lo_IRQHandler
                0x0000000010001f94                cpuss_interrupts_ipc_8_IRQHandler
                0x0000000010001f94                udb_interrupts_14_IRQHandler
                0x0000000010001f94                cpuss_interrupts_dw0_7_IRQHandler
                0x0000000010001f98                UsageFault_Handler
                0x0000000010001f98                BusFault_Handler
                0x0000000010001f98                MemManage_Handler
                0x0000000010001f98                HardFault_Handler
 *fill*         0x0000000010001fb4        0x4 
 .text          0x0000000010001fb8       0x20 CMakeFiles/Example_HelloWorld.elf.dir/Onethinx_Creator.cydsn/Generated_Source/PSoC6/pdl/drivers/peripheral/syslib/gcc/cy_syslib_gcc.S.obj
                0x0000000010001fb8                Cy_SysLib_DelayCycles
                0x0000000010001fca                Cy_SysLib_EnterCriticalSection
                0x0000000010001fd2                Cy_SysLib_ExitCriticalSection
 .text          0x0000000010001fd8      0x134 /Volumes/Data/VScode/GIT/VSCode_OnethinxPack_macOS/gcc-arm-none-eabi-10.3-2021.10/bin/../lib/gcc/arm-none-eabi/10.3.1/../../../../arm-none-eabi/lib/thumb/v7e-m+fp/softfp/libg.a(lib_a-memcpy.o)
                0x0000000010001fd8                memcpy
 .text.memset   0x000000001000210c       0xa4 /Volumes/Data/VScode/GIT/VSCode_OnethinxPack_macOS/gcc-arm-none-eabi-10.3-2021.10/bin/../lib/gcc/arm-none-eabi/10.3.1/../../../../arm-none-eabi/lib/thumb/v7e-m+fp/softfp/libg.a(lib_a-memset.o)
                0x000000001000210c                memset
 .text.strncpy  0x00000000100021b0       0x64 /Volumes/Data/VScode/GIT/VSCode_OnethinxPack_macOS/gcc-arm-none-eabi-10.3-2021.10/bin/../lib/gcc/arm-none-eabi/10.3.1/../../../../arm-none-eabi/lib/thumb/v7e-m+fp/softfp/libg.a(lib_a-strncpy.o)
                0x00000000100021b0                strncpy
 .text.startup.register_fini
                0x0000000010002214       0x14 /Volumes/Data/VScode/GIT/VSCode_OnethinxPack_macOS/gcc-arm-none-eabi-10.3-2021.10/bin/../lib/gcc/arm-none-eabi/10.3.1/../../../../arm-none-eabi/lib/thumb/v7e-m+fp/softfp/libg.a(lib_a-__call_atexit.o)
 .text.atexit   0x0000000010002228        0xc /Volumes/Data/VScode/GIT/VSCode_OnethinxPack_macOS/gcc-arm-none-eabi-10.3-2021.10/bin/../lib/gcc/arm-none-eabi/10.3.1/../../../../arm-none-eabi/lib/thumb/v7e-m+fp/softfp/libg.a(lib_a-atexit.o)
                0x0000000010002228                atexit
 .text.__libc_fini_array
                0x0000000010002234       0x2c /Volumes/Data/VScode/GIT/VSCode_OnethinxPack_macOS/gcc-arm-none-eabi-10.3-2021.10/bin/../lib/gcc/arm-none-eabi/10.3.1/../../../../arm-none-eabi/lib/thumb/v7e-m+fp/softfp/libg.a(lib_a-fini.o)
                0x0000000010002234                __libc_fini_array
 .text.__retarget_lock_acquire_recursive
                0x0000000010002260        0x4 /Volumes/Data/VScode/GIT/VSCode_OnethinxPack_macOS/gcc-arm-none-eabi-10.3-2021.10/bin/../lib/gcc/arm-none-eabi/10.3.1/../../../../arm-none-eabi/lib/thumb/v7e-m+fp/softfp/libg.a(lib_a-lock.o)
                0x0000000010002260                __retarget_lock_acquire_recursive
 .text.__retarget_lock_release_recursive
                0x0000000010002264        0x4 /Volumes/Data/VScode/GIT/VSCode_OnethinxPack_macOS/gcc-arm-none-eabi-10.3-2021.10/bin/../lib/gcc/arm-none-eabi/10.3.1/../../../../arm-none-eabi/lib/thumb/v7e-m+fp/softfp/libg.a(lib_a-lock.o)
                0x0000000010002264                __retarget_lock_release_recursive
 .text.__register_exitproc
                0x0000000010002268       0x8c /Volumes/Data/VScode/GIT/VSCode_OnethinxPack_macOS/gcc-arm-none-eabi-10.3-2021.10/bin/../lib/gcc/arm-none-eabi/10.3.1/../../../../arm-none-eabi/lib/thumb/v7e-m+fp/softfp/libg.a(lib_a-__atexit.o)
                0x0000000010002268                __register_exitproc
 *(.init)
 .init          0x00000000100022f4        0x4 /Volumes/Data/VScode/GIT/VSCode_OnethinxPack_macOS/gcc-arm-none-eabi-10.3-2021.10/bin/../lib/gcc/arm-none-eabi/10.3.1/thumb/v7e-m+fp/softfp/crti.o
                0x00000000100022f4                _init
 .init          0x00000000100022f8        0x8 /Volumes/Data/VScode/GIT/VSCode_OnethinxPack_macOS/gcc-arm-none-eabi-10.3-2021.10/bin/../lib/gcc/arm-none-eabi/10.3.1/thumb/v7e-m+fp/softfp/crtn.o
 *(.fini)
 .fini          0x0000000010002300        0x4 /Volumes/Data/VScode/GIT/VSCode_OnethinxPack_macOS/gcc-arm-none-eabi-10.3-2021.10/bin/../lib/gcc/arm-none-eabi/10.3.1/thumb/v7e-m+fp/softfp/crti.o
                0x0000000010002300                _fini
 .fini          0x0000000010002304        0x8 /Volumes/Data/VScode/GIT/VSCode_OnethinxPack_macOS/gcc-arm-none-eabi-10.3-2021.10/bin/../lib/gcc/arm-none-eabi/10.3.1/thumb/v7e-m+fp/softfp/crtn.o
 *fill*         0x000000001000230c        0x4 
 .fini.__stub   0x0000000010002310        0x8 linker stubs
 *crtbegin.o(.ctors)
 *crtbegin?.o(.ctors)
 *(EXCLUDE_FILE(*crtend.o *crtend?.o) .ctors)
 *(SORT_BY_NAME(.ctors.*))
 *(.ctors)
 *crtbegin.o(.dtors)
 *crtbegin?.o(.dtors)
 *(EXCLUDE_FILE(*crtend.o *crtend?.o) .dtors)
 *(SORT_BY_NAME(.dtors.*))
 *(.dtors)
 *(.rodata .rodata.* .constdata .constdata.* .conststring .conststring.*)
 .rodata        0x0000000010002318       0x24 CMakeFiles/Example_HelloWorld.elf.dir/Onethinx_Creator.cydsn/Generated_Source/PSoC6/cyfitter_cfg.c.obj
 .rodata.BS_UDB_DSI0_VAL.6
                0x000000001000233c       0x7c CMakeFiles/Example_HelloWorld.elf.dir/Onethinx_Creator.cydsn/Generated_Source/PSoC6/cyfitter_cfg.c.obj
 .rodata.BS_UDB_DSI10_VAL.16
                0x00000000100023b8       0x7c CMakeFiles/Example_HelloWorld.elf.dir/Onethinx_Creator.cydsn/Generated_Source/PSoC6/cyfitter_cfg.c.obj
 .rodata.BS_UDB_DSI11_VAL.17
                0x0000000010002434       0x7c CMakeFiles/Example_HelloWorld.elf.dir/Onethinx_Creator.cydsn/Generated_Source/PSoC6/cyfitter_cfg.c.obj
 .rodata.BS_UDB_DSI1_VAL.7
                0x00000000100024b0       0x7c CMakeFiles/Example_HelloWorld.elf.dir/Onethinx_Creator.cydsn/Generated_Source/PSoC6/cyfitter_cfg.c.obj
 .rodata.BS_UDB_DSI2_VAL.8
                0x000000001000252c       0x7c CMakeFiles/Example_HelloWorld.elf.dir/Onethinx_Creator.cydsn/Generated_Source/PSoC6/cyfitter_cfg.c.obj
 .rodata.BS_UDB_DSI3_VAL.9
                0x00000000100025a8       0x7c CMakeFiles/Example_HelloWorld.elf.dir/Onethinx_Creator.cydsn/Generated_Source/PSoC6/cyfitter_cfg.c.obj
 .rodata.BS_UDB_DSI4_VAL.10
                0x0000000010002624       0x7c CMakeFiles/Example_HelloWorld.elf.dir/Onethinx_Creator.cydsn/Generated_Source/PSoC6/cyfitter_cfg.c.obj
 .rodata.BS_UDB_DSI5_VAL.11
                0x00000000100026a0       0x7c CMakeFiles/Example_HelloWorld.elf.dir/Onethinx_Creator.cydsn/Generated_Source/PSoC6/cyfitter_cfg.c.obj
 .rodata.BS_UDB_DSI6_VAL.12
                0x000000001000271c       0x7c CMakeFiles/Example_HelloWorld.elf.dir/Onethinx_Creator.cydsn/Generated_Source/PSoC6/cyfitter_cfg.c.obj
 .rodata.BS_UDB_DSI7_VAL.13
                0x0000000010002798       0x7c CMakeFiles/Example_HelloWorld.elf.dir/Onethinx_Creator.cydsn/Generated_Source/PSoC6/cyfitter_cfg.c.obj
 .rodata.BS_UDB_DSI8_VAL.14
                0x0000000010002814       0x7c CMakeFiles/Example_HelloWorld.elf.dir/Onethinx_Creator.cydsn/Generated_Source/PSoC6/cyfitter_cfg.c.obj
 .rodata.BS_UDB_DSI9_VAL.15
                0x0000000010002890       0x7c CMakeFiles/Example_HelloWorld.elf.dir/Onethinx_Creator.cydsn/Generated_Source/PSoC6/cyfitter_cfg.c.obj
 .rodata.BS_UDB_UDBPAIR0_ROUTE_VAL.0
                0x000000001000290c       0x90 CMakeFiles/Example_HelloWorld.elf.dir/Onethinx_Creator.cydsn/Generated_Source/PSoC6/cyfitter_cfg.c.obj
 .rodata.BS_UDB_UDBPAIR1_ROUTE_VAL.1
                0x000000001000299c       0x90 CMakeFiles/Example_HelloWorld.elf.dir/Onethinx_Creator.cydsn/Generated_Source/PSoC6/cyfitter_cfg.c.obj
 .rodata.BS_UDB_UDBPAIR2_ROUTE_VAL.2
                0x0000000010002a2c       0x90 CMakeFiles/Example_HelloWorld.elf.dir/Onethinx_Creator.cydsn/Generated_Source/PSoC6/cyfitter_cfg.c.obj
 .rodata.BS_UDB_UDBPAIR3_ROUTE_VAL.3
                0x0000000010002abc       0x90 CMakeFiles/Example_HelloWorld.elf.dir/Onethinx_Creator.cydsn/Generated_Source/PSoC6/cyfitter_cfg.c.obj
 .rodata.BS_UDB_UDBPAIR4_ROUTE_VAL.4
                0x0000000010002b4c       0x90 CMakeFiles/Example_HelloWorld.elf.dir/Onethinx_Creator.cydsn/Generated_Source/PSoC6/cyfitter_cfg.c.obj
 .rodata.BS_UDB_UDBPAIR5_ROUTE_VAL.5
                0x0000000010002bdc       0x90 CMakeFiles/Example_HelloWorld.elf.dir/Onethinx_Creator.cydsn/Generated_Source/PSoC6/cyfitter_cfg.c.obj
 .rodata.cfg_memcpy_list.20
                0x0000000010002c6c       0xd8 CMakeFiles/Example_HelloWorld.elf.dir/Onethinx_Creator.cydsn/Generated_Source/PSoC6/cyfitter_cfg.c.obj
 .rodata.cfg_memset_list.21
                0x0000000010002d44       0x48 CMakeFiles/Example_HelloWorld.elf.dir/Onethinx_Creator.cydsn/Generated_Source/PSoC6/cyfitter_cfg.c.obj
 .rodata.cy_cfg_addr_table.19
                0x0000000010002d8c        0xc CMakeFiles/Example_HelloWorld.elf.dir/Onethinx_Creator.cydsn/Generated_Source/PSoC6/cyfitter_cfg.c.obj
 .rodata.cy_cfg_data_table.18
                0x0000000010002d98        0xc CMakeFiles/Example_HelloWorld.elf.dir/Onethinx_Creator.cydsn/Generated_Source/PSoC6/cyfitter_cfg.c.obj
 .rodata.cy_deviceIpBlockCfgPSoC6_01
                0x0000000010002da4       0xb8 CMakeFiles/Example_HelloWorld.elf.dir/Onethinx_Creator.cydsn/Generated_Source/PSoC6/pdl/drivers/peripheral/device/cy_device.c.obj
                0x0000000010002da4                cy_deviceIpBlockCfgPSoC6_01
 .rodata.Cy_Flash_OperationStatus.str1.4
                0x0000000010002e5c       0x9c CMakeFiles/Example_HelloWorld.elf.dir/Onethinx_Creator.cydsn/Generated_Source/PSoC6/pdl/drivers/peripheral/flash/cy_flash.c.obj
 .rodata.Cy_GPIO_Pin_Init.str1.4
                0x0000000010002ef8      0x136 CMakeFiles/Example_HelloWorld.elf.dir/Onethinx_Creator.cydsn/Generated_Source/PSoC6/pdl/drivers/peripheral/gpio/cy_gpio.c.obj
 .rodata.Cy_IPC_Drv_LockRelease.str1.4
                0x000000001000302e       0x9c CMakeFiles/Example_HelloWorld.elf.dir/Onethinx_Creator.cydsn/Generated_Source/PSoC6/pdl/drivers/peripheral/ipc/cy_ipc_drv.c.obj
 *fill*         0x000000001000302e        0x2 
 .rodata.Cy_IPC_Drv_ReadMsgWord.str1.4
                0x0000000010003030       0x9c CMakeFiles/Example_HelloWorld.elf.dir/Onethinx_Creator.cydsn/Generated_Source/PSoC6/pdl/drivers/peripheral/ipc/cy_ipc_drv.c.obj
 .rodata.Cy_IPC_Pipe_EndpointInit.str1.4
                0x00000000100030cc       0x9d CMakeFiles/Example_HelloWorld.elf.dir/Onethinx_Creator.cydsn/Generated_Source/PSoC6/pdl/drivers/peripheral/ipc/cy_ipc_pipe.c.obj
                                        0x13c (size before relaxing)
 .rodata.Cy_IPC_Sema_InitExt.str1.4
                0x0000000010003169       0x9c CMakeFiles/Example_HelloWorld.elf.dir/Onethinx_Creator.cydsn/Generated_Source/PSoC6/pdl/drivers/peripheral/ipc/cy_ipc_sema.c.obj
 *fill*         0x0000000010003169        0x3 
 .rodata.Cy_SysInt_SetVector.str1.4
                0x000000001000316c       0x9e CMakeFiles/Example_HelloWorld.elf.dir/Onethinx_Creator.cydsn/Generated_Source/PSoC6/pdl/drivers/peripheral/sysint/cy_sysint.c.obj
 *fill*         0x000000001000320a        0x2 
 .rodata.Cy_SysPm_SetHibernateWakeupSource.str1.4
                0x000000001000320c       0x9c CMakeFiles/Example_HelloWorld.elf.dir/Onethinx_Creator.cydsn/Generated_Source/PSoC6/pdl/drivers/peripheral/syspm/cy_syspm.c.obj
 .rodata.Cy_TrigMux_Connect.str1.4
                0x00000000100032a8       0xa0 CMakeFiles/Example_HelloWorld.elf.dir/Onethinx_Creator.cydsn/Generated_Source/PSoC6/pdl/drivers/peripheral/trigmux/cy_trigmux.c.obj
 .rodata.systemIpcPipeConfigCm4.1
                0x0000000010003348       0x34 CMakeFiles/Example_HelloWorld.elf.dir/Onethinx_Creator.cydsn/system_psoc6_cm4.c.obj
 .rodata._global_impure_ptr
                0x000000001000337c        0x4 /Volumes/Data/VScode/GIT/VSCode_OnethinxPack_macOS/gcc-arm-none-eabi-10.3-2021.10/bin/../lib/gcc/arm-none-eabi/10.3.1/../../../../arm-none-eabi/lib/thumb/v7e-m+fp/softfp/libg.a(lib_a-impure.o)
                0x000000001000337c                _global_impure_ptr
 *(.eh_frame*)
 .eh_frame      0x0000000010003380        0x0 /Volumes/Data/VScode/GIT/VSCode_OnethinxPack_macOS/gcc-arm-none-eabi-10.3-2021.10/bin/../lib/gcc/arm-none-eabi/10.3.1/thumb/v7e-m+fp/softfp/crtbegin.o
 .eh_frame      0x0000000010003380        0x4 /Volumes/Data/VScode/GIT/VSCode_OnethinxPack_macOS/gcc-arm-none-eabi-10.3-2021.10/bin/../lib/gcc/arm-none-eabi/10.3.1/thumb/v7e-m+fp/softfp/crtend.o

.glue_7         0x0000000010003384        0x0
 .glue_7        0x0000000010003384        0x0 linker stubs

.glue_7t        0x0000000010003384        0x0
 .glue_7t       0x0000000010003384        0x0 linker stubs

.vfp11_veneer   0x0000000010003384        0x0
 .vfp11_veneer  0x0000000010003384        0x0 linker stubs

.v4_bx          0x0000000010003384        0x0
 .v4_bx         0x0000000010003384        0x0 linker stubs

.iplt           0x0000000010003384        0x0
 .iplt          0x0000000010003384        0x0 /Volumes/Data/VScode/GIT/VSCode_OnethinxPack_macOS/gcc-arm-none-eabi-10.3-2021.10/bin/../lib/gcc/arm-none-eabi/10.3.1/thumb/v7e-m+fp/softfp/crtbegin.o

.ARM.extab
 *(.ARM.extab* .gnu.linkonce.armextab.*)
                0x0000000010003384                __exidx_start = .

.ARM.exidx
 *(.ARM.exidx* .gnu.linkonce.armexidx.*)
                0x0000000010003384                __exidx_end = .

.copy.table     0x0000000010003384       0x18
                0x0000000010003384                . = ALIGN (0x4)
                0x0000000010003384                __copy_table_start__ = .
                0x0000000010003384        0x4 LONG 0x10000000 __Vectors
                0x0000000010003388        0x4 LONG 0x8000000 __ram_vectors_start__
                0x000000001000338c        0x4 LONG 0x28c (__Vectors_End - __Vectors)
                0x0000000010003390        0x4 LONG 0x100033a4 __etext
                0x0000000010003394        0x4 LONG 0x800028c __data_start__
                0x0000000010003398        0x4 LONG 0xa44 (__data_end__ - __data_start__)
                0x000000001000339c                __copy_table_end__ = .

.zero.table     0x000000001000339c        0x8
                0x000000001000339c                . = ALIGN (0x4)
                0x000000001000339c                __zero_table_start__ = .
                0x000000001000339c        0x4 LONG 0x8000d64 __bss_start__
                0x00000000100033a0        0x4 LONG 0x318 (__bss_end__ - __bss_start__)
                0x00000000100033a4                __zero_table_end__ = .
                0x00000000100033a4                __etext = .

.ramVectors     0x0000000008000000      0x28c
                0x0000000008000000                __ram_vectors_start__ = .
 *(.ram_vectors)
 .ram_vectors   0x0000000008000000      0x28c CMakeFiles/Example_HelloWorld.elf.dir/Onethinx_Creator.cydsn/gcc/startup_psoc6_01_cm4.S.obj
                0x0000000008000000                __ramVectors
                0x000000000800028c                __ram_vectors_end__ = .

.data           0x000000000800028c      0xa44 load address 0x00000000100033a4
                0x000000000800028c                __data_start__ = .
 *(vtable)
 *(.data*)
 .data.ipcMsgs  0x000000000800028c       0x10 CMakeFiles/Example_HelloWorld.elf.dir/source/OnethinxCore/OnethinxCore01.c.obj
                0x000000000800028c                ipcMsgs
 .data.TTN_OTAAkeys
                0x000000000800029c       0x42 CMakeFiles/Example_HelloWorld.elf.dir/source/main.c.obj
                0x000000000800029c                TTN_OTAAkeys
 *fill*         0x00000000080002de        0x2 
 .data.coreConfig
                0x00000000080002e0       0x20 CMakeFiles/Example_HelloWorld.elf.dir/source/main.c.obj
                0x00000000080002e0                coreConfig
 .data.sleepConfig
                0x0000000008000300       0x11 CMakeFiles/Example_HelloWorld.elf.dir/source/main.c.obj
                0x0000000008000300                sleepConfig
 *fill*         0x0000000008000311        0x3 
 .data.SystemCoreClock
                0x0000000008000314        0x4 CMakeFiles/Example_HelloWorld.elf.dir/Onethinx_Creator.cydsn/system_psoc6_cm4.c.obj
                0x0000000008000314                SystemCoreClock
 .data.cy_BleEcoClockFreqHz
                0x0000000008000318        0x4 CMakeFiles/Example_HelloWorld.elf.dir/Onethinx_Creator.cydsn/system_psoc6_cm4.c.obj
                0x0000000008000318                cy_BleEcoClockFreqHz
 .data.cy_Hfclk0FreqHz
                0x000000000800031c        0x4 CMakeFiles/Example_HelloWorld.elf.dir/Onethinx_Creator.cydsn/system_psoc6_cm4.c.obj
                0x000000000800031c                cy_Hfclk0FreqHz
 .data.cy_PeriClkFreqHz
                0x0000000008000320        0x4 CMakeFiles/Example_HelloWorld.elf.dir/Onethinx_Creator.cydsn/system_psoc6_cm4.c.obj
                0x0000000008000320                cy_PeriClkFreqHz
 .data.cy_delay32kMs
                0x0000000008000324        0x4 CMakeFiles/Example_HelloWorld.elf.dir/Onethinx_Creator.cydsn/system_psoc6_cm4.c.obj
                0x0000000008000324                cy_delay32kMs
 .data.cy_delayFreqHz
                0x0000000008000328        0x4 CMakeFiles/Example_HelloWorld.elf.dir/Onethinx_Creator.cydsn/system_psoc6_cm4.c.obj
                0x0000000008000328                cy_delayFreqHz
 .data.cy_delayFreqKhz
                0x000000000800032c        0x4 CMakeFiles/Example_HelloWorld.elf.dir/Onethinx_Creator.cydsn/system_psoc6_cm4.c.obj
                0x000000000800032c                cy_delayFreqKhz
 .data.cy_delayFreqMhz
                0x0000000008000330        0x1 CMakeFiles/Example_HelloWorld.elf.dir/Onethinx_Creator.cydsn/system_psoc6_cm4.c.obj
                0x0000000008000330                cy_delayFreqMhz
 *fill*         0x0000000008000331        0x7 
 .data.impure_data
                0x0000000008000338      0x428 /Volumes/Data/VScode/GIT/VSCode_OnethinxPack_macOS/gcc-arm-none-eabi-10.3-2021.10/bin/../lib/gcc/arm-none-eabi/10.3.1/../../../../arm-none-eabi/lib/thumb/v7e-m+fp/softfp/libg.a(lib_a-impure.o)
 .data.__atexit_recursive_mutex
                0x0000000008000760        0x4 /Volumes/Data/VScode/GIT/VSCode_OnethinxPack_macOS/gcc-arm-none-eabi-10.3-2021.10/bin/../lib/gcc/arm-none-eabi/10.3.1/../../../../arm-none-eabi/lib/thumb/v7e-m+fp/softfp/libg.a(lib_a-__call_atexit.o)
                0x0000000008000760                __atexit_recursive_mutex
                0x0000000008000764                . = ALIGN (0x4)
                0x0000000008000764                PROVIDE (__preinit_array_start = .)
 *(.preinit_array)
                0x0000000008000764                PROVIDE (__preinit_array_end = .)
                0x0000000008000764                . = ALIGN (0x4)
                0x0000000008000764                PROVIDE (__init_array_start = .)
 *(SORT_BY_NAME(.init_array.*))
 .init_array.00000
                0x0000000008000764        0x4 /Volumes/Data/VScode/GIT/VSCode_OnethinxPack_macOS/gcc-arm-none-eabi-10.3-2021.10/bin/../lib/gcc/arm-none-eabi/10.3.1/../../../../arm-none-eabi/lib/thumb/v7e-m+fp/softfp/libg.a(lib_a-__call_atexit.o)
 *(.init_array)
 .init_array    0x0000000008000768        0x4 /Volumes/Data/VScode/GIT/VSCode_OnethinxPack_macOS/gcc-arm-none-eabi-10.3-2021.10/bin/../lib/gcc/arm-none-eabi/10.3.1/thumb/v7e-m+fp/softfp/crtbegin.o
                0x000000000800076c                PROVIDE (__init_array_end = .)
                0x000000000800076c                . = ALIGN (0x4)
                0x000000000800076c                PROVIDE (__fini_array_start = .)
 *(SORT_BY_NAME(.fini_array.*))
 *(.fini_array)
 .fini_array    0x000000000800076c        0x4 /Volumes/Data/VScode/GIT/VSCode_OnethinxPack_macOS/gcc-arm-none-eabi-10.3-2021.10/bin/../lib/gcc/arm-none-eabi/10.3.1/thumb/v7e-m+fp/softfp/crtbegin.o
                0x0000000008000770                PROVIDE (__fini_array_end = .)
 *(.jcr*)
                0x0000000008000770                . = ALIGN (0x4)
 *(.cy_ramfunc*)
 .cy_ramfunc    0x0000000008000770      0x310 CMakeFiles/Example_HelloWorld.elf.dir/Onethinx_Creator.cydsn/Generated_Source/PSoC6/pdl/drivers/peripheral/flash/cy_flash.c.obj
                0x00000000080007d4                Cy_Flash_ResumeIrqHandler
 .cy_ramfunc    0x0000000008000a80      0x210 CMakeFiles/Example_HelloWorld.elf.dir/Onethinx_Creator.cydsn/Generated_Source/PSoC6/pdl/drivers/peripheral/syspm/cy_syspm.c.obj
 .cy_ramfunc.__stub
                0x0000000008000c90       0x40 linker stubs
                0x0000000008000cd0                . = ALIGN (0x4)
                0x0000000008000cd0                __data_end__ = .

.igot.plt       0x0000000008000cd0        0x0 load address 0x0000000010003de8
 .igot.plt      0x0000000008000cd0        0x0 /Volumes/Data/VScode/GIT/VSCode_OnethinxPack_macOS/gcc-arm-none-eabi-10.3-2021.10/bin/../lib/gcc/arm-none-eabi/10.3.1/thumb/v7e-m+fp/softfp/crtbegin.o

.noinit         0x0000000008000cd0       0x94 load address 0x0000000010003de8
 *(.noinit)
 .noinit        0x0000000008000cd0       0x94 CMakeFiles/Example_HelloWorld.elf.dir/Onethinx_Creator.cydsn/Generated_Source/PSoC6/pdl/drivers/peripheral/syslib/cy_syslib.c.obj
                0x0000000008000cd0                cy_assertFileName
                0x0000000008000ce8                cy_assertLine
                0x0000000008000cec                cy_faultFrame

.bss            0x0000000008000d64      0x318 load address 0x0000000010003e7c
                0x0000000008000d64                . = ALIGN (0x4)
                0x0000000008000d64                __bss_start__ = .
 *(.bss*)
 .bss           0x0000000008000d64       0x1c /Volumes/Data/VScode/GIT/VSCode_OnethinxPack_macOS/gcc-arm-none-eabi-10.3-2021.10/bin/../lib/gcc/arm-none-eabi/10.3.1/thumb/v7e-m+fp/softfp/crtbegin.o
 .bss.callBackDone
                0x0000000008000d80        0x4 CMakeFiles/Example_HelloWorld.elf.dir/source/OnethinxCore/OnethinxCore01.c.obj
                0x0000000008000d80                callBackDone
 .bss.coreArguments
                0x0000000008000d84       0x58 CMakeFiles/Example_HelloWorld.elf.dir/source/OnethinxCore/OnethinxCore01.c.obj
                0x0000000008000d84                coreArguments
 .bss.TXbuffer  0x0000000008000ddc       0x40 CMakeFiles/Example_HelloWorld.elf.dir/source/main.c.obj
                0x0000000008000ddc                TXbuffer
 .bss.coreInfo  0x0000000008000e1c       0x24 CMakeFiles/Example_HelloWorld.elf.dir/source/main.c.obj
                0x0000000008000e1c                coreInfo
 .bss.coreStatus
                0x0000000008000e40       0x40 CMakeFiles/Example_HelloWorld.elf.dir/source/main.c.obj
                0x0000000008000e40                coreStatus
 .bss.cy_device
                0x0000000008000e80        0x4 CMakeFiles/Example_HelloWorld.elf.dir/Onethinx_Creator.cydsn/Generated_Source/PSoC6/pdl/drivers/peripheral/device/cy_device.c.obj
                0x0000000008000e80                cy_device
 .bss.flashContext
                0x0000000008000e84       0x10 CMakeFiles/Example_HelloWorld.elf.dir/Onethinx_Creator.cydsn/Generated_Source/PSoC6/pdl/drivers/peripheral/flash/cy_flash.c.obj
 .bss.ipcWaitMessage
                0x0000000008000e94        0x4 CMakeFiles/Example_HelloWorld.elf.dir/Onethinx_Creator.cydsn/Generated_Source/PSoC6/pdl/drivers/peripheral/flash/cy_flash.c.obj
 .bss.ipcWaitMessageStc.0
                0x0000000008000e98        0x4 CMakeFiles/Example_HelloWorld.elf.dir/Onethinx_Creator.cydsn/Generated_Source/PSoC6/pdl/drivers/peripheral/flash/cy_flash.c.obj
 .bss.semaIndex.3
                0x0000000008000e9c        0x4 CMakeFiles/Example_HelloWorld.elf.dir/Onethinx_Creator.cydsn/Generated_Source/PSoC6/pdl/drivers/peripheral/flash/cy_flash.c.obj
 .bss.semaMask.2
                0x0000000008000ea0        0x4 CMakeFiles/Example_HelloWorld.elf.dir/Onethinx_Creator.cydsn/Generated_Source/PSoC6/pdl/drivers/peripheral/flash/cy_flash.c.obj
 .bss.semaPtr.1
                0x0000000008000ea4        0x4 CMakeFiles/Example_HelloWorld.elf.dir/Onethinx_Creator.cydsn/Generated_Source/PSoC6/pdl/drivers/peripheral/flash/cy_flash.c.obj
 .bss.semaStruct.4
                0x0000000008000ea8        0x4 CMakeFiles/Example_HelloWorld.elf.dir/Onethinx_Creator.cydsn/Generated_Source/PSoC6/pdl/drivers/peripheral/flash/cy_flash.c.obj
 .bss.cy_ipc_pipe_epArray
                0x0000000008000eac        0x4 CMakeFiles/Example_HelloWorld.elf.dir/Onethinx_Creator.cydsn/Generated_Source/PSoC6/pdl/drivers/peripheral/ipc/cy_ipc_pipe.c.obj
 .bss.cy_semaData.0
                0x0000000008000eb0        0x8 CMakeFiles/Example_HelloWorld.elf.dir/Onethinx_Creator.cydsn/Generated_Source/PSoC6/pdl/drivers/peripheral/ipc/cy_ipc_sema.c.obj
 .bss.cy_semaIpcStruct
                0x0000000008000eb8        0x4 CMakeFiles/Example_HelloWorld.elf.dir/Onethinx_Creator.cydsn/Generated_Source/PSoC6/pdl/drivers/peripheral/ipc/cy_ipc_sema.c.obj
 .bss.lastExecutedCallback.0
                0x0000000008000ebc        0x4 CMakeFiles/Example_HelloWorld.elf.dir/Onethinx_Creator.cydsn/Generated_Source/PSoC6/pdl/drivers/peripheral/syspm/cy_syspm.c.obj
 .bss.pmCallbackRoot
                0x0000000008000ec0       0x14 CMakeFiles/Example_HelloWorld.elf.dir/Onethinx_Creator.cydsn/Generated_Source/PSoC6/pdl/drivers/peripheral/syspm/cy_syspm.c.obj
 .bss.regs.1    0x0000000008000ed4       0x20 CMakeFiles/Example_HelloWorld.elf.dir/Onethinx_Creator.cydsn/Generated_Source/PSoC6/pdl/drivers/peripheral/syspm/cy_syspm.c.obj
 .bss.wasEventSent
                0x0000000008000ef4        0x1 CMakeFiles/Example_HelloWorld.elf.dir/Onethinx_Creator.cydsn/Generated_Source/PSoC6/pdl/drivers/peripheral/syspm/cy_syspm.c.obj
 *fill*         0x0000000008000ef5        0x3 
 .bss.systemIpcPipeEpArray.2
                0x0000000008000ef8      0x160 CMakeFiles/Example_HelloWorld.elf.dir/Onethinx_Creator.cydsn/system_psoc6_cm4.c.obj
 .bss.systemIpcPipeSysCbArray.0
                0x0000000008001058       0x20 CMakeFiles/Example_HelloWorld.elf.dir/Onethinx_Creator.cydsn/system_psoc6_cm4.c.obj
 .bss.__lock___atexit_recursive_mutex
                0x0000000008001078        0x1 /Volumes/Data/VScode/GIT/VSCode_OnethinxPack_macOS/gcc-arm-none-eabi-10.3-2021.10/bin/../lib/gcc/arm-none-eabi/10.3.1/../../../../arm-none-eabi/lib/thumb/v7e-m+fp/softfp/libg.a(lib_a-lock.o)
                0x0000000008001078                __lock___atexit_recursive_mutex
 *(COMMON)
                0x000000000800107c                . = ALIGN (0x4)
 *fill*         0x0000000008001079        0x3 
                0x000000000800107c                __bss_end__ = .

.heap           0x0000000008001080      0x400
                0x0000000008001080                __HeapBase = .
                0x0000000008001080                __end__ = .
                0x0000000008001080                end = __end__
 *(.heap*)
 .heap          0x0000000008001080      0x400 CMakeFiles/Example_HelloWorld.elf.dir/Onethinx_Creator.cydsn/gcc/startup_psoc6_01_cm4.S.obj
                0x0000000008001480                __HeapLimit = .

.stack_dummy    0x0000000008001080     0x1000
 *(.stack*)
 .stack         0x0000000008001080     0x1000 CMakeFiles/Example_HelloWorld.elf.dir/Onethinx_Creator.cydsn/gcc/startup_psoc6_01_cm4.S.obj
                0x000000000803f000                __StackTop = (ORIGIN (ram) + LENGTH (ram))
                0x000000000803e000                __StackLimit = (__StackTop - SIZEOF (.stack_dummy))
                0x000000000803f000                PROVIDE (__stack = __StackTop)
                0x0000000000000001                ASSERT ((__StackLimit >= __HeapLimit), region RAM overflowed with stack)

.cy_app_signature
 *(.cy_app_signature)

.cy_em_eeprom
 *(.cy_em_eeprom)

.cy_xip
 *(.cy_xip)

.cymeta         0x0000000090500000        0xc
 *(.cymeta)
 .cymeta        0x0000000090500000        0xc CMakeFiles/Example_HelloWorld.elf.dir/Onethinx_Creator.cydsn/Generated_Source/PSoC6/cymetadata.c.obj
                0x0000000090500000                cy_metadata
                0x0000000010000000                __cy_memory_0_start = 0x10000000
                0x0000000000100000                __cy_memory_0_length = 0x100000
                0x0000000000000200                __cy_memory_0_row_size = 0x200
                0x0000000014000000                __cy_memory_1_start = 0x14000000
                0x0000000000008000                __cy_memory_1_length = 0x8000
                0x0000000000000200                __cy_memory_1_row_size = 0x200
                0x0000000016000000                __cy_memory_2_start = 0x16000000
                0x0000000000008000                __cy_memory_2_length = 0x8000
                0x0000000000000200                __cy_memory_2_row_size = 0x200
                0x0000000018000000                __cy_memory_3_start = 0x18000000
                0x0000000008000000                __cy_memory_3_length = 0x8000000
                0x0000000000000200                __cy_memory_3_row_size = 0x200
                0x0000000090700000                __cy_memory_4_start = 0x90700000
                0x0000000000100000                __cy_memory_4_length = 0x100000
                0x0000000000000001                __cy_memory_4_row_size = 0x1
OUTPUT(Example_HelloWorld.elf elf32-littlearm)
LOAD linker stubs

.rel.dyn        0x000000000800107c        0x0 load address 0x0000000010004194
 .rel.iplt      0x000000000800107c        0x0 /Volumes/Data/VScode/GIT/VSCode_OnethinxPack_macOS/gcc-arm-none-eabi-10.3-2021.10/bin/../lib/gcc/arm-none-eabi/10.3.1/thumb/v7e-m+fp/softfp/crtbegin.o

.ARM.attributes
                0x0000000000000000       0x2e
 .ARM.attributes
                0x0000000000000000       0x1e /Volumes/Data/VScode/GIT/VSCode_OnethinxPack_macOS/gcc-arm-none-eabi-10.3-2021.10/bin/../lib/gcc/arm-none-eabi/10.3.1/thumb/v7e-m+fp/softfp/crti.o
 .ARM.attributes
                0x000000000000001e       0x32 /Volumes/Data/VScode/GIT/VSCode_OnethinxPack_macOS/gcc-arm-none-eabi-10.3-2021.10/bin/../lib/gcc/arm-none-eabi/10.3.1/thumb/v7e-m+fp/softfp/crtbegin.o
 .ARM.attributes
                0x0000000000000050       0x32 CMakeFiles/Example_HelloWorld.elf.dir/source/OnethinxCore/OnethinxCore01.c.obj
 .ARM.attributes
                0x0000000000000082       0x32 CMakeFiles/Example_HelloWorld.elf.dir/source/main.c.obj
 .ARM.attributes
                0x00000000000000b4       0x32 CMakeFiles/Example_HelloWorld.elf.dir/Onethinx_Creator.cydsn/Generated_Source/PSoC6/cyfitter_cfg.c.obj
 .ARM.attributes
                0x00000000000000e6       0x32 CMakeFiles/Example_HelloWorld.elf.dir/Onethinx_Creator.cydsn/Generated_Source/PSoC6/cymetadata.c.obj
 .ARM.attributes
                0x0000000000000118       0x32 CMakeFiles/Example_HelloWorld.elf.dir/Onethinx_Creator.cydsn/Generated_Source/PSoC6/pdl/drivers/peripheral/device/cy_device.c.obj
 .ARM.attributes
                0x000000000000014a       0x32 CMakeFiles/Example_HelloWorld.elf.dir/Onethinx_Creator.cydsn/Generated_Source/PSoC6/pdl/drivers/peripheral/flash/cy_flash.c.obj
 .ARM.attributes
                0x000000000000017c       0x32 CMakeFiles/Example_HelloWorld.elf.dir/Onethinx_Creator.cydsn/Generated_Source/PSoC6/pdl/drivers/peripheral/gpio/cy_gpio.c.obj
 .ARM.attributes
                0x00000000000001ae       0x32 CMakeFiles/Example_HelloWorld.elf.dir/Onethinx_Creator.cydsn/Generated_Source/PSoC6/pdl/drivers/peripheral/ipc/cy_ipc_drv.c.obj
 .ARM.attributes
                0x00000000000001e0       0x32 CMakeFiles/Example_HelloWorld.elf.dir/Onethinx_Creator.cydsn/Generated_Source/PSoC6/pdl/drivers/peripheral/ipc/cy_ipc_pipe.c.obj
 .ARM.attributes
                0x0000000000000212       0x32 CMakeFiles/Example_HelloWorld.elf.dir/Onethinx_Creator.cydsn/Generated_Source/PSoC6/pdl/drivers/peripheral/ipc/cy_ipc_sema.c.obj
 .ARM.attributes
                0x0000000000000244       0x32 CMakeFiles/Example_HelloWorld.elf.dir/Onethinx_Creator.cydsn/Generated_Source/PSoC6/pdl/drivers/peripheral/sysclk/cy_sysclk.c.obj
 .ARM.attributes
                0x0000000000000276       0x32 CMakeFiles/Example_HelloWorld.elf.dir/Onethinx_Creator.cydsn/Generated_Source/PSoC6/pdl/drivers/peripheral/sysint/cy_sysint.c.obj
 .ARM.attributes
                0x00000000000002a8       0x32 CMakeFiles/Example_HelloWorld.elf.dir/Onethinx_Creator.cydsn/Generated_Source/PSoC6/pdl/drivers/peripheral/syslib/cy_syslib.c.obj
 .ARM.attributes
                0x00000000000002da       0x32 CMakeFiles/Example_HelloWorld.elf.dir/Onethinx_Creator.cydsn/Generated_Source/PSoC6/pdl/drivers/peripheral/syspm/cy_syspm.c.obj
 .ARM.attributes
                0x000000000000030c       0x32 CMakeFiles/Example_HelloWorld.elf.dir/Onethinx_Creator.cydsn/Generated_Source/PSoC6/pdl/drivers/peripheral/systick/cy_systick.c.obj
 .ARM.attributes
                0x000000000000033e       0x32 CMakeFiles/Example_HelloWorld.elf.dir/Onethinx_Creator.cydsn/Generated_Source/PSoC6/pdl/drivers/peripheral/trigmux/cy_trigmux.c.obj
 .ARM.attributes
                0x0000000000000370       0x32 CMakeFiles/Example_HelloWorld.elf.dir/Onethinx_Creator.cydsn/system_psoc6_cm4.c.obj
 .ARM.attributes
                0x00000000000003a2       0x1f CMakeFiles/Example_HelloWorld.elf.dir/Onethinx_Creator.cydsn/gcc/startup_psoc6_01_cm4.S.obj
 .ARM.attributes
                0x00000000000003c1       0x20 CMakeFiles/Example_HelloWorld.elf.dir/Onethinx_Creator.cydsn/Generated_Source/PSoC6/pdl/drivers/peripheral/syslib/gcc/cy_syslib_gcc.S.obj
 .ARM.attributes
                0x00000000000003e1       0x32 /Volumes/Data/VScode/GIT/VSCode_OnethinxPack_macOS/gcc-arm-none-eabi-10.3-2021.10/bin/../lib/gcc/arm-none-eabi/10.3.1/../../../../arm-none-eabi/lib/thumb/v7e-m+fp/softfp/libg.a(lib_a-impure.o)
 .ARM.attributes
                0x0000000000000413       0x1c /Volumes/Data/VScode/GIT/VSCode_OnethinxPack_macOS/gcc-arm-none-eabi-10.3-2021.10/bin/../lib/gcc/arm-none-eabi/10.3.1/../../../../arm-none-eabi/lib/thumb/v7e-m+fp/softfp/libg.a(lib_a-memcpy.o)
 .ARM.attributes
                0x000000000000042f       0x32 /Volumes/Data/VScode/GIT/VSCode_OnethinxPack_macOS/gcc-arm-none-eabi-10.3-2021.10/bin/../lib/gcc/arm-none-eabi/10.3.1/../../../../arm-none-eabi/lib/thumb/v7e-m+fp/softfp/libg.a(lib_a-memset.o)
 .ARM.attributes
                0x0000000000000461       0x32 /Volumes/Data/VScode/GIT/VSCode_OnethinxPack_macOS/gcc-arm-none-eabi-10.3-2021.10/bin/../lib/gcc/arm-none-eabi/10.3.1/../../../../arm-none-eabi/lib/thumb/v7e-m+fp/softfp/libg.a(lib_a-strncpy.o)
 .ARM.attributes
                0x0000000000000493       0x32 /Volumes/Data/VScode/GIT/VSCode_OnethinxPack_macOS/gcc-arm-none-eabi-10.3-2021.10/bin/../lib/gcc/arm-none-eabi/10.3.1/../../../../arm-none-eabi/lib/thumb/v7e-m+fp/softfp/libg.a(lib_a-__call_atexit.o)
 .ARM.attributes
                0x00000000000004c5       0x32 /Volumes/Data/VScode/GIT/VSCode_OnethinxPack_macOS/gcc-arm-none-eabi-10.3-2021.10/bin/../lib/gcc/arm-none-eabi/10.3.1/../../../../arm-none-eabi/lib/thumb/v7e-m+fp/softfp/libg.a(lib_a-atexit.o)
 .ARM.attributes
                0x00000000000004f7       0x32 /Volumes/Data/VScode/GIT/VSCode_OnethinxPack_macOS/gcc-arm-none-eabi-10.3-2021.10/bin/../lib/gcc/arm-none-eabi/10.3.1/../../../../arm-none-eabi/lib/thumb/v7e-m+fp/softfp/libg.a(lib_a-fini.o)
 .ARM.attributes
                0x0000000000000529       0x32 /Volumes/Data/VScode/GIT/VSCode_OnethinxPack_macOS/gcc-arm-none-eabi-10.3-2021.10/bin/../lib/gcc/arm-none-eabi/10.3.1/../../../../arm-none-eabi/lib/thumb/v7e-m+fp/softfp/libg.a(lib_a-lock.o)
 .ARM.attributes
                0x000000000000055b       0x32 /Volumes/Data/VScode/GIT/VSCode_OnethinxPack_macOS/gcc-arm-none-eabi-10.3-2021.10/bin/../lib/gcc/arm-none-eabi/10.3.1/../../../../arm-none-eabi/lib/thumb/v7e-m+fp/softfp/libg.a(lib_a-__atexit.o)
 .ARM.attributes
                0x000000000000058d       0x32 /Volumes/Data/VScode/GIT/VSCode_OnethinxPack_macOS/gcc-arm-none-eabi-10.3-2021.10/bin/../lib/gcc/arm-none-eabi/10.3.1/thumb/v7e-m+fp/softfp/crtend.o
 .ARM.attributes
                0x00000000000005bf       0x1e /Volumes/Data/VScode/GIT/VSCode_OnethinxPack_macOS/gcc-arm-none-eabi-10.3-2021.10/bin/../lib/gcc/arm-none-eabi/10.3.1/thumb/v7e-m+fp/softfp/crtn.o

.comment        0x0000000000000000       0x49
 .comment       0x0000000000000000       0x49 CMakeFiles/Example_HelloWorld.elf.dir/source/OnethinxCore/OnethinxCore01.c.obj
                                         0x4a (size before relaxing)
 .comment       0x0000000000000049       0x4a CMakeFiles/Example_HelloWorld.elf.dir/source/main.c.obj
 .comment       0x0000000000000049       0x4a CMakeFiles/Example_HelloWorld.elf.dir/Onethinx_Creator.cydsn/Generated_Source/PSoC6/cyfitter_cfg.c.obj
 .comment       0x0000000000000049       0x4a CMakeFiles/Example_HelloWorld.elf.dir/Onethinx_Creator.cydsn/Generated_Source/PSoC6/cymetadata.c.obj
 .comment       0x0000000000000049       0x4a CMakeFiles/Example_HelloWorld.elf.dir/Onethinx_Creator.cydsn/Generated_Source/PSoC6/pdl/drivers/peripheral/device/cy_device.c.obj
 .comment       0x0000000000000049       0x4a CMakeFiles/Example_HelloWorld.elf.dir/Onethinx_Creator.cydsn/Generated_Source/PSoC6/pdl/drivers/peripheral/flash/cy_flash.c.obj
 .comment       0x0000000000000049       0x4a CMakeFiles/Example_HelloWorld.elf.dir/Onethinx_Creator.cydsn/Generated_Source/PSoC6/pdl/drivers/peripheral/gpio/cy_gpio.c.obj
 .comment       0x0000000000000049       0x4a CMakeFiles/Example_HelloWorld.elf.dir/Onethinx_Creator.cydsn/Generated_Source/PSoC6/pdl/drivers/peripheral/ipc/cy_ipc_drv.c.obj
 .comment       0x0000000000000049       0x4a CMakeFiles/Example_HelloWorld.elf.dir/Onethinx_Creator.cydsn/Generated_Source/PSoC6/pdl/drivers/peripheral/ipc/cy_ipc_pipe.c.obj
 .comment       0x0000000000000049       0x4a CMakeFiles/Example_HelloWorld.elf.dir/Onethinx_Creator.cydsn/Generated_Source/PSoC6/pdl/drivers/peripheral/ipc/cy_ipc_sema.c.obj
 .comment       0x0000000000000049       0x4a CMakeFiles/Example_HelloWorld.elf.dir/Onethinx_Creator.cydsn/Generated_Source/PSoC6/pdl/drivers/peripheral/sysclk/cy_sysclk.c.obj
 .comment       0x0000000000000049       0x4a CMakeFiles/Example_HelloWorld.elf.dir/Onethinx_Creator.cydsn/Generated_Source/PSoC6/pdl/drivers/peripheral/sysint/cy_sysint.c.obj
 .comment       0x0000000000000049       0x4a CMakeFiles/Example_HelloWorld.elf.dir/Onethinx_Creator.cydsn/Generated_Source/PSoC6/pdl/drivers/peripheral/syslib/cy_syslib.c.obj
 .comment       0x0000000000000049       0x4a CMakeFiles/Example_HelloWorld.elf.dir/Onethinx_Creator.cydsn/Generated_Source/PSoC6/pdl/drivers/peripheral/syspm/cy_syspm.c.obj
 .comment       0x0000000000000049       0x4a CMakeFiles/Example_HelloWorld.elf.dir/Onethinx_Creator.cydsn/Generated_Source/PSoC6/pdl/drivers/peripheral/systick/cy_systick.c.obj
 .comment       0x0000000000000049       0x4a CMakeFiles/Example_HelloWorld.elf.dir/Onethinx_Creator.cydsn/Generated_Source/PSoC6/pdl/drivers/peripheral/trigmux/cy_trigmux.c.obj
 .comment       0x0000000000000049       0x4a CMakeFiles/Example_HelloWorld.elf.dir/Onethinx_Creator.cydsn/system_psoc6_cm4.c.obj

.debug_info     0x0000000000000000    0x1e1e2
 .debug_info    0x0000000000000000     0x1bec CMakeFiles/Example_HelloWorld.elf.dir/source/OnethinxCore/OnethinxCore01.c.obj
 .debug_info    0x0000000000001bec     0x1384 CMakeFiles/Example_HelloWorld.elf.dir/source/main.c.obj
 .debug_info    0x0000000000002f70     0x4c4e CMakeFiles/Example_HelloWorld.elf.dir/Onethinx_Creator.cydsn/Generated_Source/PSoC6/cyfitter_cfg.c.obj
 .debug_info    0x0000000000007bbe       0xac CMakeFiles/Example_HelloWorld.elf.dir/Onethinx_Creator.cydsn/Generated_Source/PSoC6/cymetadata.c.obj
 .debug_info    0x0000000000007c6a      0x5c7 CMakeFiles/Example_HelloWorld.elf.dir/Onethinx_Creator.cydsn/Generated_Source/PSoC6/pdl/drivers/peripheral/device/cy_device.c.obj
 .debug_info    0x0000000000008231     0x2d63 CMakeFiles/Example_HelloWorld.elf.dir/Onethinx_Creator.cydsn/Generated_Source/PSoC6/pdl/drivers/peripheral/flash/cy_flash.c.obj
 .debug_info    0x000000000000af94     0x35d2 CMakeFiles/Example_HelloWorld.elf.dir/Onethinx_Creator.cydsn/Generated_Source/PSoC6/pdl/drivers/peripheral/gpio/cy_gpio.c.obj
 .debug_info    0x000000000000e566      0x9d5 CMakeFiles/Example_HelloWorld.elf.dir/Onethinx_Creator.cydsn/Generated_Source/PSoC6/pdl/drivers/peripheral/ipc/cy_ipc_drv.c.obj
 .debug_info    0x000000000000ef3b     0x1ba2 CMakeFiles/Example_HelloWorld.elf.dir/Onethinx_Creator.cydsn/Generated_Source/PSoC6/pdl/drivers/peripheral/ipc/cy_ipc_pipe.c.obj
 .debug_info    0x0000000000010add      0xd5f CMakeFiles/Example_HelloWorld.elf.dir/Onethinx_Creator.cydsn/Generated_Source/PSoC6/pdl/drivers/peripheral/ipc/cy_ipc_sema.c.obj
 .debug_info    0x000000000001183c     0x25ac CMakeFiles/Example_HelloWorld.elf.dir/Onethinx_Creator.cydsn/Generated_Source/PSoC6/pdl/drivers/peripheral/sysclk/cy_sysclk.c.obj
 .debug_info    0x0000000000013de8      0x9f7 CMakeFiles/Example_HelloWorld.elf.dir/Onethinx_Creator.cydsn/Generated_Source/PSoC6/pdl/drivers/peripheral/sysint/cy_sysint.c.obj
 .debug_info    0x00000000000147df     0x269f CMakeFiles/Example_HelloWorld.elf.dir/Onethinx_Creator.cydsn/Generated_Source/PSoC6/pdl/drivers/peripheral/syslib/cy_syslib.c.obj
 .debug_info    0x0000000000016e7e     0x4390 CMakeFiles/Example_HelloWorld.elf.dir/Onethinx_Creator.cydsn/Generated_Source/PSoC6/pdl/drivers/peripheral/syspm/cy_syspm.c.obj
 .debug_info    0x000000000001b20e      0x8ca CMakeFiles/Example_HelloWorld.elf.dir/Onethinx_Creator.cydsn/Generated_Source/PSoC6/pdl/drivers/peripheral/systick/cy_systick.c.obj
 .debug_info    0x000000000001bad8      0x9b0 CMakeFiles/Example_HelloWorld.elf.dir/Onethinx_Creator.cydsn/Generated_Source/PSoC6/pdl/drivers/peripheral/trigmux/cy_trigmux.c.obj
 .debug_info    0x000000000001c488     0x1d0e CMakeFiles/Example_HelloWorld.elf.dir/Onethinx_Creator.cydsn/system_psoc6_cm4.c.obj
 .debug_info    0x000000000001e196       0x26 CMakeFiles/Example_HelloWorld.elf.dir/Onethinx_Creator.cydsn/gcc/startup_psoc6_01_cm4.S.obj
 .debug_info    0x000000000001e1bc       0x26 CMakeFiles/Example_HelloWorld.elf.dir/Onethinx_Creator.cydsn/Generated_Source/PSoC6/pdl/drivers/peripheral/syslib/gcc/cy_syslib_gcc.S.obj

.debug_abbrev   0x0000000000000000     0x2c23
 .debug_abbrev  0x0000000000000000      0x320 CMakeFiles/Example_HelloWorld.elf.dir/source/OnethinxCore/OnethinxCore01.c.obj
 .debug_abbrev  0x0000000000000320      0x299 CMakeFiles/Example_HelloWorld.elf.dir/source/main.c.obj
 .debug_abbrev  0x00000000000005b9      0x379 CMakeFiles/Example_HelloWorld.elf.dir/Onethinx_Creator.cydsn/Generated_Source/PSoC6/cyfitter_cfg.c.obj
 .debug_abbrev  0x0000000000000932       0x64 CMakeFiles/Example_HelloWorld.elf.dir/Onethinx_Creator.cydsn/Generated_Source/PSoC6/cymetadata.c.obj
 .debug_abbrev  0x0000000000000996       0xb9 CMakeFiles/Example_HelloWorld.elf.dir/Onethinx_Creator.cydsn/Generated_Source/PSoC6/pdl/drivers/peripheral/device/cy_device.c.obj
 .debug_abbrev  0x0000000000000a4f      0x3d8 CMakeFiles/Example_HelloWorld.elf.dir/Onethinx_Creator.cydsn/Generated_Source/PSoC6/pdl/drivers/peripheral/flash/cy_flash.c.obj
 .debug_abbrev  0x0000000000000e27      0x29c CMakeFiles/Example_HelloWorld.elf.dir/Onethinx_Creator.cydsn/Generated_Source/PSoC6/pdl/drivers/peripheral/gpio/cy_gpio.c.obj
 .debug_abbrev  0x00000000000010c3      0x1bc CMakeFiles/Example_HelloWorld.elf.dir/Onethinx_Creator.cydsn/Generated_Source/PSoC6/pdl/drivers/peripheral/ipc/cy_ipc_drv.c.obj
 .debug_abbrev  0x000000000000127f      0x3c2 CMakeFiles/Example_HelloWorld.elf.dir/Onethinx_Creator.cydsn/Generated_Source/PSoC6/pdl/drivers/peripheral/ipc/cy_ipc_pipe.c.obj
 .debug_abbrev  0x0000000000001641      0x271 CMakeFiles/Example_HelloWorld.elf.dir/Onethinx_Creator.cydsn/Generated_Source/PSoC6/pdl/drivers/peripheral/ipc/cy_ipc_sema.c.obj
 .debug_abbrev  0x00000000000018b2      0x3bc CMakeFiles/Example_HelloWorld.elf.dir/Onethinx_Creator.cydsn/Generated_Source/PSoC6/pdl/drivers/peripheral/sysclk/cy_sysclk.c.obj
 .debug_abbrev  0x0000000000001c6e      0x243 CMakeFiles/Example_HelloWorld.elf.dir/Onethinx_Creator.cydsn/Generated_Source/PSoC6/pdl/drivers/peripheral/sysint/cy_sysint.c.obj
 .debug_abbrev  0x0000000000001eb1      0x35f CMakeFiles/Example_HelloWorld.elf.dir/Onethinx_Creator.cydsn/Generated_Source/PSoC6/pdl/drivers/peripheral/syslib/cy_syslib.c.obj
 .debug_abbrev  0x0000000000002210      0x39d CMakeFiles/Example_HelloWorld.elf.dir/Onethinx_Creator.cydsn/Generated_Source/PSoC6/pdl/drivers/peripheral/syspm/cy_syspm.c.obj
 .debug_abbrev  0x00000000000025ad      0x24e CMakeFiles/Example_HelloWorld.elf.dir/Onethinx_Creator.cydsn/Generated_Source/PSoC6/pdl/drivers/peripheral/systick/cy_systick.c.obj
 .debug_abbrev  0x00000000000027fb      0x19c CMakeFiles/Example_HelloWorld.elf.dir/Onethinx_Creator.cydsn/Generated_Source/PSoC6/pdl/drivers/peripheral/trigmux/cy_trigmux.c.obj
 .debug_abbrev  0x0000000000002997      0x264 CMakeFiles/Example_HelloWorld.elf.dir/Onethinx_Creator.cydsn/system_psoc6_cm4.c.obj
 .debug_abbrev  0x0000000000002bfb       0x14 CMakeFiles/Example_HelloWorld.elf.dir/Onethinx_Creator.cydsn/gcc/startup_psoc6_01_cm4.S.obj
 .debug_abbrev  0x0000000000002c0f       0x14 CMakeFiles/Example_HelloWorld.elf.dir/Onethinx_Creator.cydsn/Generated_Source/PSoC6/pdl/drivers/peripheral/syslib/gcc/cy_syslib_gcc.S.obj

.debug_loc      0x0000000000000000     0x7fcc
 .debug_loc     0x0000000000000000      0x478 CMakeFiles/Example_HelloWorld.elf.dir/source/OnethinxCore/OnethinxCore01.c.obj
 .debug_loc     0x0000000000000478      0x21c CMakeFiles/Example_HelloWorld.elf.dir/source/main.c.obj
 .debug_loc     0x0000000000000694      0x47b CMakeFiles/Example_HelloWorld.elf.dir/Onethinx_Creator.cydsn/Generated_Source/PSoC6/cyfitter_cfg.c.obj
 .debug_loc     0x0000000000000b0f     0x119e CMakeFiles/Example_HelloWorld.elf.dir/Onethinx_Creator.cydsn/Generated_Source/PSoC6/pdl/drivers/peripheral/flash/cy_flash.c.obj
 .debug_loc     0x0000000000001cad      0xac9 CMakeFiles/Example_HelloWorld.elf.dir/Onethinx_Creator.cydsn/Generated_Source/PSoC6/pdl/drivers/peripheral/gpio/cy_gpio.c.obj
 .debug_loc     0x0000000000002776      0x40e CMakeFiles/Example_HelloWorld.elf.dir/Onethinx_Creator.cydsn/Generated_Source/PSoC6/pdl/drivers/peripheral/ipc/cy_ipc_drv.c.obj
 .debug_loc     0x0000000000002b84      0xa2d CMakeFiles/Example_HelloWorld.elf.dir/Onethinx_Creator.cydsn/Generated_Source/PSoC6/pdl/drivers/peripheral/ipc/cy_ipc_pipe.c.obj
 .debug_loc     0x00000000000035b1      0x953 CMakeFiles/Example_HelloWorld.elf.dir/Onethinx_Creator.cydsn/Generated_Source/PSoC6/pdl/drivers/peripheral/ipc/cy_ipc_sema.c.obj
 .debug_loc     0x0000000000003f04     0x1f27 CMakeFiles/Example_HelloWorld.elf.dir/Onethinx_Creator.cydsn/Generated_Source/PSoC6/pdl/drivers/peripheral/sysclk/cy_sysclk.c.obj
 .debug_loc     0x0000000000005e2b      0x274 CMakeFiles/Example_HelloWorld.elf.dir/Onethinx_Creator.cydsn/Generated_Source/PSoC6/pdl/drivers/peripheral/sysint/cy_sysint.c.obj
 .debug_loc     0x000000000000609f      0x1db CMakeFiles/Example_HelloWorld.elf.dir/Onethinx_Creator.cydsn/Generated_Source/PSoC6/pdl/drivers/peripheral/syslib/cy_syslib.c.obj
 .debug_loc     0x000000000000627a     0x1350 CMakeFiles/Example_HelloWorld.elf.dir/Onethinx_Creator.cydsn/Generated_Source/PSoC6/pdl/drivers/peripheral/syspm/cy_syspm.c.obj
 .debug_loc     0x00000000000075ca      0x1d9 CMakeFiles/Example_HelloWorld.elf.dir/Onethinx_Creator.cydsn/Generated_Source/PSoC6/pdl/drivers/peripheral/systick/cy_systick.c.obj
 .debug_loc     0x00000000000077a3      0x58c CMakeFiles/Example_HelloWorld.elf.dir/Onethinx_Creator.cydsn/Generated_Source/PSoC6/pdl/drivers/peripheral/trigmux/cy_trigmux.c.obj
 .debug_loc     0x0000000000007d2f      0x29d CMakeFiles/Example_HelloWorld.elf.dir/Onethinx_Creator.cydsn/system_psoc6_cm4.c.obj

.debug_aranges  0x0000000000000000      0x6a8
 .debug_aranges
                0x0000000000000000       0xa0 CMakeFiles/Example_HelloWorld.elf.dir/source/OnethinxCore/OnethinxCore01.c.obj
 .debug_aranges
                0x00000000000000a0       0x20 CMakeFiles/Example_HelloWorld.elf.dir/source/main.c.obj
 .debug_aranges
                0x00000000000000c0       0x48 CMakeFiles/Example_HelloWorld.elf.dir/Onethinx_Creator.cydsn/Generated_Source/PSoC6/cyfitter_cfg.c.obj
 .debug_aranges
                0x0000000000000108       0x18 CMakeFiles/Example_HelloWorld.elf.dir/Onethinx_Creator.cydsn/Generated_Source/PSoC6/cymetadata.c.obj
 .debug_aranges
                0x0000000000000120       0x20 CMakeFiles/Example_HelloWorld.elf.dir/Onethinx_Creator.cydsn/Generated_Source/PSoC6/pdl/drivers/peripheral/device/cy_device.c.obj
 .debug_aranges
                0x0000000000000140       0xb8 CMakeFiles/Example_HelloWorld.elf.dir/Onethinx_Creator.cydsn/Generated_Source/PSoC6/pdl/drivers/peripheral/flash/cy_flash.c.obj
 .debug_aranges
                0x00000000000001f8       0x48 CMakeFiles/Example_HelloWorld.elf.dir/Onethinx_Creator.cydsn/Generated_Source/PSoC6/pdl/drivers/peripheral/gpio/cy_gpio.c.obj
 .debug_aranges
                0x0000000000000240       0x30 CMakeFiles/Example_HelloWorld.elf.dir/Onethinx_Creator.cydsn/Generated_Source/PSoC6/pdl/drivers/peripheral/ipc/cy_ipc_drv.c.obj
 .debug_aranges
                0x0000000000000270       0x68 CMakeFiles/Example_HelloWorld.elf.dir/Onethinx_Creator.cydsn/Generated_Source/PSoC6/pdl/drivers/peripheral/ipc/cy_ipc_pipe.c.obj
 .debug_aranges
                0x00000000000002d8       0x48 CMakeFiles/Example_HelloWorld.elf.dir/Onethinx_Creator.cydsn/Generated_Source/PSoC6/pdl/drivers/peripheral/ipc/cy_ipc_sema.c.obj
 .debug_aranges
                0x0000000000000320       0xb0 CMakeFiles/Example_HelloWorld.elf.dir/Onethinx_Creator.cydsn/Generated_Source/PSoC6/pdl/drivers/peripheral/sysclk/cy_sysclk.c.obj
 .debug_aranges
                0x00000000000003d0       0x30 CMakeFiles/Example_HelloWorld.elf.dir/Onethinx_Creator.cydsn/Generated_Source/PSoC6/pdl/drivers/peripheral/sysint/cy_sysint.c.obj
 .debug_aranges
                0x0000000000000400       0x78 CMakeFiles/Example_HelloWorld.elf.dir/Onethinx_Creator.cydsn/Generated_Source/PSoC6/pdl/drivers/peripheral/syslib/cy_syslib.c.obj
 .debug_aranges
                0x0000000000000478      0x118 CMakeFiles/Example_HelloWorld.elf.dir/Onethinx_Creator.cydsn/Generated_Source/PSoC6/pdl/drivers/peripheral/syspm/cy_syspm.c.obj
 .debug_aranges
                0x0000000000000590       0x58 CMakeFiles/Example_HelloWorld.elf.dir/Onethinx_Creator.cydsn/Generated_Source/PSoC6/pdl/drivers/peripheral/systick/cy_systick.c.obj
 .debug_aranges
                0x00000000000005e8       0x40 CMakeFiles/Example_HelloWorld.elf.dir/Onethinx_Creator.cydsn/Generated_Source/PSoC6/pdl/drivers/peripheral/trigmux/cy_trigmux.c.obj
 .debug_aranges
                0x0000000000000628       0x40 CMakeFiles/Example_HelloWorld.elf.dir/Onethinx_Creator.cydsn/system_psoc6_cm4.c.obj
 .debug_aranges
                0x0000000000000668       0x20 CMakeFiles/Example_HelloWorld.elf.dir/Onethinx_Creator.cydsn/gcc/startup_psoc6_01_cm4.S.obj
 .debug_aranges
                0x0000000000000688       0x20 CMakeFiles/Example_HelloWorld.elf.dir/Onethinx_Creator.cydsn/Generated_Source/PSoC6/pdl/drivers/peripheral/syslib/gcc/cy_syslib_gcc.S.obj

.debug_ranges   0x0000000000000000      0xbc0
 .debug_ranges  0x0000000000000000       0x90 CMakeFiles/Example_HelloWorld.elf.dir/source/OnethinxCore/OnethinxCore01.c.obj
 .debug_ranges  0x0000000000000090       0x10 CMakeFiles/Example_HelloWorld.elf.dir/source/main.c.obj
 .debug_ranges  0x00000000000000a0       0x50 CMakeFiles/Example_HelloWorld.elf.dir/Onethinx_Creator.cydsn/Generated_Source/PSoC6/cyfitter_cfg.c.obj
 .debug_ranges  0x00000000000000f0       0x10 CMakeFiles/Example_HelloWorld.elf.dir/Onethinx_Creator.cydsn/Generated_Source/PSoC6/pdl/drivers/peripheral/device/cy_device.c.obj
 .debug_ranges  0x0000000000000100      0x1d0 CMakeFiles/Example_HelloWorld.elf.dir/Onethinx_Creator.cydsn/Generated_Source/PSoC6/pdl/drivers/peripheral/flash/cy_flash.c.obj
 .debug_ranges  0x00000000000002d0      0x110 CMakeFiles/Example_HelloWorld.elf.dir/Onethinx_Creator.cydsn/Generated_Source/PSoC6/pdl/drivers/peripheral/gpio/cy_gpio.c.obj
 .debug_ranges  0x00000000000003e0       0x50 CMakeFiles/Example_HelloWorld.elf.dir/Onethinx_Creator.cydsn/Generated_Source/PSoC6/pdl/drivers/peripheral/ipc/cy_ipc_drv.c.obj
 .debug_ranges  0x0000000000000430       0xb8 CMakeFiles/Example_HelloWorld.elf.dir/Onethinx_Creator.cydsn/Generated_Source/PSoC6/pdl/drivers/peripheral/ipc/cy_ipc_pipe.c.obj
 .debug_ranges  0x00000000000004e8       0x80 CMakeFiles/Example_HelloWorld.elf.dir/Onethinx_Creator.cydsn/Generated_Source/PSoC6/pdl/drivers/peripheral/ipc/cy_ipc_sema.c.obj
 .debug_ranges  0x0000000000000568      0x268 CMakeFiles/Example_HelloWorld.elf.dir/Onethinx_Creator.cydsn/Generated_Source/PSoC6/pdl/drivers/peripheral/sysclk/cy_sysclk.c.obj
 .debug_ranges  0x00000000000007d0       0x38 CMakeFiles/Example_HelloWorld.elf.dir/Onethinx_Creator.cydsn/Generated_Source/PSoC6/pdl/drivers/peripheral/sysint/cy_sysint.c.obj
 .debug_ranges  0x0000000000000808       0x68 CMakeFiles/Example_HelloWorld.elf.dir/Onethinx_Creator.cydsn/Generated_Source/PSoC6/pdl/drivers/peripheral/syslib/cy_syslib.c.obj
 .debug_ranges  0x0000000000000870      0x248 CMakeFiles/Example_HelloWorld.elf.dir/Onethinx_Creator.cydsn/Generated_Source/PSoC6/pdl/drivers/peripheral/syspm/cy_syspm.c.obj
 .debug_ranges  0x0000000000000ab8       0x48 CMakeFiles/Example_HelloWorld.elf.dir/Onethinx_Creator.cydsn/Generated_Source/PSoC6/pdl/drivers/peripheral/systick/cy_systick.c.obj
 .debug_ranges  0x0000000000000b00       0x60 CMakeFiles/Example_HelloWorld.elf.dir/Onethinx_Creator.cydsn/Generated_Source/PSoC6/pdl/drivers/peripheral/trigmux/cy_trigmux.c.obj
 .debug_ranges  0x0000000000000b60       0x60 CMakeFiles/Example_HelloWorld.elf.dir/Onethinx_Creator.cydsn/system_psoc6_cm4.c.obj

.debug_macro    0x0000000000000000    0x5b14e
 .debug_macro   0x0000000000000000      0x52c CMakeFiles/Example_HelloWorld.elf.dir/source/OnethinxCore/OnethinxCore01.c.obj
 .debug_macro   0x000000000000052c      0xa6c CMakeFiles/Example_HelloWorld.elf.dir/source/OnethinxCore/OnethinxCore01.c.obj
 .debug_macro   0x0000000000000f98       0x22 CMakeFiles/Example_HelloWorld.elf.dir/source/OnethinxCore/OnethinxCore01.c.obj
 .debug_macro   0x0000000000000fba       0x8e CMakeFiles/Example_HelloWorld.elf.dir/source/OnethinxCore/OnethinxCore01.c.obj
 .debug_macro   0x0000000000001048       0x51 CMakeFiles/Example_HelloWorld.elf.dir/source/OnethinxCore/OnethinxCore01.c.obj
 .debug_macro   0x0000000000001099      0x103 CMakeFiles/Example_HelloWorld.elf.dir/source/OnethinxCore/OnethinxCore01.c.obj
 .debug_macro   0x000000000000119c       0x6a CMakeFiles/Example_HelloWorld.elf.dir/source/OnethinxCore/OnethinxCore01.c.obj
 .debug_macro   0x0000000000001206      0x1df CMakeFiles/Example_HelloWorld.elf.dir/source/OnethinxCore/OnethinxCore01.c.obj
 .debug_macro   0x00000000000013e5       0x22 CMakeFiles/Example_HelloWorld.elf.dir/source/OnethinxCore/OnethinxCore01.c.obj
 .debug_macro   0x0000000000001407       0x47 CMakeFiles/Example_HelloWorld.elf.dir/source/OnethinxCore/OnethinxCore01.c.obj
 .debug_macro   0x000000000000144e      0x174 CMakeFiles/Example_HelloWorld.elf.dir/source/OnethinxCore/OnethinxCore01.c.obj
 .debug_macro   0x00000000000015c2       0x1c CMakeFiles/Example_HelloWorld.elf.dir/source/OnethinxCore/OnethinxCore01.c.obj
 .debug_macro   0x00000000000015de      0x560 CMakeFiles/Example_HelloWorld.elf.dir/source/OnethinxCore/OnethinxCore01.c.obj
 .debug_macro   0x0000000000001b3e      0x6e1 CMakeFiles/Example_HelloWorld.elf.dir/source/OnethinxCore/OnethinxCore01.c.obj
 .debug_macro   0x000000000000221f      0xa7a CMakeFiles/Example_HelloWorld.elf.dir/source/OnethinxCore/OnethinxCore01.c.obj
 .debug_macro   0x0000000000002c99      0xdec CMakeFiles/Example_HelloWorld.elf.dir/source/OnethinxCore/OnethinxCore01.c.obj
 .debug_macro   0x0000000000003a85      0x9e3 CMakeFiles/Example_HelloWorld.elf.dir/source/OnethinxCore/OnethinxCore01.c.obj
 .debug_macro   0x0000000000004468      0x9e4 CMakeFiles/Example_HelloWorld.elf.dir/source/OnethinxCore/OnethinxCore01.c.obj
 .debug_macro   0x0000000000004e4c       0xbe CMakeFiles/Example_HelloWorld.elf.dir/source/OnethinxCore/OnethinxCore01.c.obj
 .debug_macro   0x0000000000004f0a       0xfa CMakeFiles/Example_HelloWorld.elf.dir/source/OnethinxCore/OnethinxCore01.c.obj
 .debug_macro   0x0000000000005004      0x630 CMakeFiles/Example_HelloWorld.elf.dir/source/OnethinxCore/OnethinxCore01.c.obj
 .debug_macro   0x0000000000005634      0xb49 CMakeFiles/Example_HelloWorld.elf.dir/source/OnethinxCore/OnethinxCore01.c.obj
 .debug_macro   0x000000000000617d      0x3a8 CMakeFiles/Example_HelloWorld.elf.dir/source/OnethinxCore/OnethinxCore01.c.obj
 .debug_macro   0x0000000000006525      0x8bb CMakeFiles/Example_HelloWorld.elf.dir/source/OnethinxCore/OnethinxCore01.c.obj
 .debug_macro   0x0000000000006de0      0x3bd CMakeFiles/Example_HelloWorld.elf.dir/source/OnethinxCore/OnethinxCore01.c.obj
 .debug_macro   0x000000000000719d     0x1218 CMakeFiles/Example_HelloWorld.elf.dir/source/OnethinxCore/OnethinxCore01.c.obj
 .debug_macro   0x00000000000083b5       0xca CMakeFiles/Example_HelloWorld.elf.dir/source/OnethinxCore/OnethinxCore01.c.obj
 .debug_macro   0x000000000000847f      0x6c6 CMakeFiles/Example_HelloWorld.elf.dir/source/OnethinxCore/OnethinxCore01.c.obj
 .debug_macro   0x0000000000008b45      0x6c6 CMakeFiles/Example_HelloWorld.elf.dir/source/OnethinxCore/OnethinxCore01.c.obj
 .debug_macro   0x000000000000920b      0x118 CMakeFiles/Example_HelloWorld.elf.dir/source/OnethinxCore/OnethinxCore01.c.obj
 .debug_macro   0x0000000000009323      0x124 CMakeFiles/Example_HelloWorld.elf.dir/source/OnethinxCore/OnethinxCore01.c.obj
 .debug_macro   0x0000000000009447     0x2cd8 CMakeFiles/Example_HelloWorld.elf.dir/source/OnethinxCore/OnethinxCore01.c.obj
 .debug_macro   0x000000000000c11f      0x1e1 CMakeFiles/Example_HelloWorld.elf.dir/source/OnethinxCore/OnethinxCore01.c.obj
 .debug_macro   0x000000000000c300      0x294 CMakeFiles/Example_HelloWorld.elf.dir/source/OnethinxCore/OnethinxCore01.c.obj
 .debug_macro   0x000000000000c594      0x384 CMakeFiles/Example_HelloWorld.elf.dir/source/OnethinxCore/OnethinxCore01.c.obj
 .debug_macro   0x000000000000c918      0x517 CMakeFiles/Example_HelloWorld.elf.dir/source/OnethinxCore/OnethinxCore01.c.obj
 .debug_macro   0x000000000000ce2f      0x22d CMakeFiles/Example_HelloWorld.elf.dir/source/OnethinxCore/OnethinxCore01.c.obj
 .debug_macro   0x000000000000d05c       0xd0 CMakeFiles/Example_HelloWorld.elf.dir/source/OnethinxCore/OnethinxCore01.c.obj
 .debug_macro   0x000000000000d12c     0x11aa CMakeFiles/Example_HelloWorld.elf.dir/source/OnethinxCore/OnethinxCore01.c.obj
 .debug_macro   0x000000000000e2d6      0x106 CMakeFiles/Example_HelloWorld.elf.dir/source/OnethinxCore/OnethinxCore01.c.obj
 .debug_macro   0x000000000000e3dc     0x13c9 CMakeFiles/Example_HelloWorld.elf.dir/source/OnethinxCore/OnethinxCore01.c.obj
 .debug_macro   0x000000000000f7a5       0x3b CMakeFiles/Example_HelloWorld.elf.dir/source/OnethinxCore/OnethinxCore01.c.obj
 .debug_macro   0x000000000000f7e0       0x1c CMakeFiles/Example_HelloWorld.elf.dir/source/OnethinxCore/OnethinxCore01.c.obj
 .debug_macro   0x000000000000f7fc       0x22 CMakeFiles/Example_HelloWorld.elf.dir/source/OnethinxCore/OnethinxCore01.c.obj
 .debug_macro   0x000000000000f81e       0xd9 CMakeFiles/Example_HelloWorld.elf.dir/source/OnethinxCore/OnethinxCore01.c.obj
 .debug_macro   0x000000000000f8f7      0xff5 CMakeFiles/Example_HelloWorld.elf.dir/source/OnethinxCore/OnethinxCore01.c.obj
 .debug_macro   0x00000000000108ec       0xe2 CMakeFiles/Example_HelloWorld.elf.dir/source/OnethinxCore/OnethinxCore01.c.obj
 .debug_macro   0x00000000000109ce       0x66 CMakeFiles/Example_HelloWorld.elf.dir/source/OnethinxCore/OnethinxCore01.c.obj
 .debug_macro   0x0000000000010a34       0x9d CMakeFiles/Example_HelloWorld.elf.dir/source/OnethinxCore/OnethinxCore01.c.obj
 .debug_macro   0x0000000000010ad1      0x1fc CMakeFiles/Example_HelloWorld.elf.dir/source/OnethinxCore/OnethinxCore01.c.obj
 .debug_macro   0x0000000000010ccd      0x199 CMakeFiles/Example_HelloWorld.elf.dir/source/OnethinxCore/OnethinxCore01.c.obj