ARM GAS  C:\Users\Rolf\AppData\Local\Temp\ccR1DGzV.s 			page 1


   1              		.syntax unified
   2              		.cpu cortex-m0plus
   3              		.fpu softvfp
   4              		.eabi_attribute 20, 1
   5              		.eabi_attribute 21, 1
   6              		.eabi_attribute 23, 3
   7              		.eabi_attribute 24, 1
   8              		.eabi_attribute 25, 1
   9              		.eabi_attribute 26, 1
  10              		.eabi_attribute 30, 1
  11              		.eabi_attribute 34, 0
  12              		.eabi_attribute 18, 4
  13              		.thumb
  14              		.syntax unified
  15              		.file	"cy_device.c"
  16              		.text
  17              	.Ltext0:
  18              		.cfi_sections	.debug_frame
  19              		.section	.text.Cy_PDL_Init,"ax",%progbits
  20              		.align	2
  21              		.global	Cy_PDL_Init
  22              		.code	16
  23              		.thumb_func
  24              		.type	Cy_PDL_Init, %function
  25              	Cy_PDL_Init:
  26              	.LFB0:
  27              		.file 1 "Generated_Source\\PSoC6\\pdl\\drivers\\peripheral\\device\\cy_device.c"
   1:Generated_Source\PSoC6\pdl\drivers\peripheral\device/cy_device.c **** /***************************************************************************//**
   2:Generated_Source\PSoC6\pdl\drivers\peripheral\device/cy_device.c **** * \file cy_device.c
   3:Generated_Source\PSoC6\pdl\drivers\peripheral\device/cy_device.c **** * \version 1.0
   4:Generated_Source\PSoC6\pdl\drivers\peripheral\device/cy_device.c **** *
   5:Generated_Source\PSoC6\pdl\drivers\peripheral\device/cy_device.c **** * This file provides the definitions for core and peripheral block HW base
   6:Generated_Source\PSoC6\pdl\drivers\peripheral\device/cy_device.c **** * addresses, versions, and parameters.
   7:Generated_Source\PSoC6\pdl\drivers\peripheral\device/cy_device.c **** *
   8:Generated_Source\PSoC6\pdl\drivers\peripheral\device/cy_device.c **** ********************************************************************************
   9:Generated_Source\PSoC6\pdl\drivers\peripheral\device/cy_device.c **** * \copyright
  10:Generated_Source\PSoC6\pdl\drivers\peripheral\device/cy_device.c **** * Copyright 2018, Cypress Semiconductor Corporation. All rights reserved.
  11:Generated_Source\PSoC6\pdl\drivers\peripheral\device/cy_device.c **** * You may use this file only in accordance with the license, terms, conditions,
  12:Generated_Source\PSoC6\pdl\drivers\peripheral\device/cy_device.c **** * disclaimers, and limitations in the end user license agreement accompanying
  13:Generated_Source\PSoC6\pdl\drivers\peripheral\device/cy_device.c **** * the software package with which this file was provided.
  14:Generated_Source\PSoC6\pdl\drivers\peripheral\device/cy_device.c **** *******************************************************************************/
  15:Generated_Source\PSoC6\pdl\drivers\peripheral\device/cy_device.c **** 
  16:Generated_Source\PSoC6\pdl\drivers\peripheral\device/cy_device.c **** #include "cy_device.h"
  17:Generated_Source\PSoC6\pdl\drivers\peripheral\device/cy_device.c **** 
  18:Generated_Source\PSoC6\pdl\drivers\peripheral\device/cy_device.c **** /*******************************************************************************
  19:Generated_Source\PSoC6\pdl\drivers\peripheral\device/cy_device.c **** *                   Global Variables
  20:Generated_Source\PSoC6\pdl\drivers\peripheral\device/cy_device.c **** *******************************************************************************/
  21:Generated_Source\PSoC6\pdl\drivers\peripheral\device/cy_device.c **** 
  22:Generated_Source\PSoC6\pdl\drivers\peripheral\device/cy_device.c **** /* This is set in Cy_PDL_Init() to the device information relevant
  23:Generated_Source\PSoC6\pdl\drivers\peripheral\device/cy_device.c ****  * for the current target.
  24:Generated_Source\PSoC6\pdl\drivers\peripheral\device/cy_device.c ****  */
  25:Generated_Source\PSoC6\pdl\drivers\peripheral\device/cy_device.c **** const cy_stc_device_t * cy_device;
  26:Generated_Source\PSoC6\pdl\drivers\peripheral\device/cy_device.c **** 
  27:Generated_Source\PSoC6\pdl\drivers\peripheral\device/cy_device.c **** /* Platform and peripheral block configuration */
  28:Generated_Source\PSoC6\pdl\drivers\peripheral\device/cy_device.c **** const cy_stc_device_t cy_deviceIpBlockCfgPSoC6_01 =
  29:Generated_Source\PSoC6\pdl\drivers\peripheral\device/cy_device.c **** {
  30:Generated_Source\PSoC6\pdl\drivers\peripheral\device/cy_device.c ****     /* Base HW addresses */
ARM GAS  C:\Users\Rolf\AppData\Local\Temp\ccR1DGzV.s 			page 2


  31:Generated_Source\PSoC6\pdl\drivers\peripheral\device/cy_device.c ****     /* cpussBase                 */ 0x40210000UL,
  32:Generated_Source\PSoC6\pdl\drivers\peripheral\device/cy_device.c ****     /* flashcBase                */ 0x40250000UL,
  33:Generated_Source\PSoC6\pdl\drivers\peripheral\device/cy_device.c ****     /* periBase                  */ 0x40010000UL,
  34:Generated_Source\PSoC6\pdl\drivers\peripheral\device/cy_device.c ****     /* udbBase                   */ 0x40340000UL,
  35:Generated_Source\PSoC6\pdl\drivers\peripheral\device/cy_device.c ****     /* protBase                  */ 0x40240000UL,
  36:Generated_Source\PSoC6\pdl\drivers\peripheral\device/cy_device.c ****     /* hsiomBase                 */ 0x40310000UL,
  37:Generated_Source\PSoC6\pdl\drivers\peripheral\device/cy_device.c ****     /* gpioBase                  */ 0x40320000UL,
  38:Generated_Source\PSoC6\pdl\drivers\peripheral\device/cy_device.c ****     /* passBase                  */ 0x411F0000UL,
  39:Generated_Source\PSoC6\pdl\drivers\peripheral\device/cy_device.c ****     /* ipcBase                   */ 0x40230000UL,
  40:Generated_Source\PSoC6\pdl\drivers\peripheral\device/cy_device.c ****     /* cryptoBase                */ 0x40110000UL,
  41:Generated_Source\PSoC6\pdl\drivers\peripheral\device/cy_device.c **** 
  42:Generated_Source\PSoC6\pdl\drivers\peripheral\device/cy_device.c ****     /* IP block versions */
  43:Generated_Source\PSoC6\pdl\drivers\peripheral\device/cy_device.c ****     /* cpussVersion              */ 1U,
  44:Generated_Source\PSoC6\pdl\drivers\peripheral\device/cy_device.c ****     /* cryptoVersion             */ 1U,
  45:Generated_Source\PSoC6\pdl\drivers\peripheral\device/cy_device.c ****     /* dwVersion                 */ 1U,
  46:Generated_Source\PSoC6\pdl\drivers\peripheral\device/cy_device.c ****     /* flashcVersion             */ 1U,
  47:Generated_Source\PSoC6\pdl\drivers\peripheral\device/cy_device.c ****     /* gpioVersion               */ 1U,
  48:Generated_Source\PSoC6\pdl\drivers\peripheral\device/cy_device.c ****     /* hsiomVersion              */ 1U,
  49:Generated_Source\PSoC6\pdl\drivers\peripheral\device/cy_device.c ****     /* ipcVersion                */ 1U,
  50:Generated_Source\PSoC6\pdl\drivers\peripheral\device/cy_device.c ****     /* periVersion               */ 1U,
  51:Generated_Source\PSoC6\pdl\drivers\peripheral\device/cy_device.c ****     /* protVersion               */ 1U,
  52:Generated_Source\PSoC6\pdl\drivers\peripheral\device/cy_device.c **** 
  53:Generated_Source\PSoC6\pdl\drivers\peripheral\device/cy_device.c ****     /* Parameters  */
  54:Generated_Source\PSoC6\pdl\drivers\peripheral\device/cy_device.c ****     /* cpussIpcNr                */ 16U,
  55:Generated_Source\PSoC6\pdl\drivers\peripheral\device/cy_device.c ****     /* cpussIpcIrqNr             */ 16U,
  56:Generated_Source\PSoC6\pdl\drivers\peripheral\device/cy_device.c ****     /* cpussDwChNr               */ 16U,
  57:Generated_Source\PSoC6\pdl\drivers\peripheral\device/cy_device.c ****     /* cpussFlashPaSize          */ 128U,
  58:Generated_Source\PSoC6\pdl\drivers\peripheral\device/cy_device.c ****     /* cpussIpc0Irq              */ 25,
  59:Generated_Source\PSoC6\pdl\drivers\peripheral\device/cy_device.c ****     /* cpussFmIrq                */ 85,
  60:Generated_Source\PSoC6\pdl\drivers\peripheral\device/cy_device.c ****     /* cpussNotConnectedIrq      */ 240,
  61:Generated_Source\PSoC6\pdl\drivers\peripheral\device/cy_device.c ****     /* srssNumClkpath            */ 5U,
  62:Generated_Source\PSoC6\pdl\drivers\peripheral\device/cy_device.c ****     /* srssNumPll                */ 1U,
  63:Generated_Source\PSoC6\pdl\drivers\peripheral\device/cy_device.c ****     /* srssNumHfroot             */ 5U,
  64:Generated_Source\PSoC6\pdl\drivers\peripheral\device/cy_device.c ****     /* periClockNr               */ 59U,
  65:Generated_Source\PSoC6\pdl\drivers\peripheral\device/cy_device.c ****     /* smifDeviceNr              */ 4U,
  66:Generated_Source\PSoC6\pdl\drivers\peripheral\device/cy_device.c ****     /* passSarChannels           */ 16U,
  67:Generated_Source\PSoC6\pdl\drivers\peripheral\device/cy_device.c ****     /* epMonitorNr               */ 28u,
  68:Generated_Source\PSoC6\pdl\drivers\peripheral\device/cy_device.c ****     /* udbPresent                */ 1U,
  69:Generated_Source\PSoC6\pdl\drivers\peripheral\device/cy_device.c ****     /* sysPmSimoPresent          */ 1U,
  70:Generated_Source\PSoC6\pdl\drivers\peripheral\device/cy_device.c ****     /* protBusMasterMask         */ 0xC00FUL,
  71:Generated_Source\PSoC6\pdl\drivers\peripheral\device/cy_device.c ****     /* cryptoMemSize             */ 1024u,
  72:Generated_Source\PSoC6\pdl\drivers\peripheral\device/cy_device.c ****     /* flashRwwRequired          */ 1U,
  73:Generated_Source\PSoC6\pdl\drivers\peripheral\device/cy_device.c ****     /* flashPipeRequired         */ 1U,
  74:Generated_Source\PSoC6\pdl\drivers\peripheral\device/cy_device.c ****     /* flashWriteDelay           */ 1U,
  75:Generated_Source\PSoC6\pdl\drivers\peripheral\device/cy_device.c ****     /* flashProgramDelay         */ 1U,
  76:Generated_Source\PSoC6\pdl\drivers\peripheral\device/cy_device.c ****     /* flashEraseDelay           */ 1U,
  77:Generated_Source\PSoC6\pdl\drivers\peripheral\device/cy_device.c ****     /* flashCtlMainWs0Freq       */ 29U,
  78:Generated_Source\PSoC6\pdl\drivers\peripheral\device/cy_device.c ****     /* flashCtlMainWs1Freq       */ 58U,
  79:Generated_Source\PSoC6\pdl\drivers\peripheral\device/cy_device.c ****     /* flashCtlMainWs2Freq       */ 87U,
  80:Generated_Source\PSoC6\pdl\drivers\peripheral\device/cy_device.c ****     /* flashCtlMainWs3Freq       */ 120U,
  81:Generated_Source\PSoC6\pdl\drivers\peripheral\device/cy_device.c ****     /* flashCtlMainWs4Freq       */ 150U,
  82:Generated_Source\PSoC6\pdl\drivers\peripheral\device/cy_device.c **** 
  83:Generated_Source\PSoC6\pdl\drivers\peripheral\device/cy_device.c ****     /* Peripheral register offsets */
  84:Generated_Source\PSoC6\pdl\drivers\peripheral\device/cy_device.c **** 
  85:Generated_Source\PSoC6\pdl\drivers\peripheral\device/cy_device.c ****     /* DW registers */
  86:Generated_Source\PSoC6\pdl\drivers\peripheral\device/cy_device.c ****     /* dwChOffset                */ offsetof(DW_V1_Type, CH_STRUCT),
  87:Generated_Source\PSoC6\pdl\drivers\peripheral\device/cy_device.c ****     /* dwChSize                  */ sizeof(DW_CH_STRUCT_V1_Type),
ARM GAS  C:\Users\Rolf\AppData\Local\Temp\ccR1DGzV.s 			page 3


  88:Generated_Source\PSoC6\pdl\drivers\peripheral\device/cy_device.c ****     /* dwChCtlPrioPos            */ (uint8_t)DW_CH_STRUCT_CH_CTL_PRIO_Pos,
  89:Generated_Source\PSoC6\pdl\drivers\peripheral\device/cy_device.c ****     /* dwChCtlPreemptablePos     */ (uint8_t)DW_CH_STRUCT_CH_CTL_PREEMPTABLE_Pos,
  90:Generated_Source\PSoC6\pdl\drivers\peripheral\device/cy_device.c ****     /* dwStatusChIdxPos          */ (uint8_t)DW_STATUS_CH_IDX_Pos,
  91:Generated_Source\PSoC6\pdl\drivers\peripheral\device/cy_device.c ****     /* dwStatusChIdxMsk          */ DW_STATUS_CH_IDX_Msk,
  92:Generated_Source\PSoC6\pdl\drivers\peripheral\device/cy_device.c **** 
  93:Generated_Source\PSoC6\pdl\drivers\peripheral\device/cy_device.c ****     /* PERI registers */
  94:Generated_Source\PSoC6\pdl\drivers\peripheral\device/cy_device.c ****     /* periTrCmdOffset           */ offsetof(PERI_V1_Type, TR_CMD),
  95:Generated_Source\PSoC6\pdl\drivers\peripheral\device/cy_device.c ****     /* periTrCmdGrSelMsk         */ PERI_TR_CMD_GROUP_SEL_Msk,
  96:Generated_Source\PSoC6\pdl\drivers\peripheral\device/cy_device.c ****     /* periTrGrOffset            */ offsetof(PERI_V1_Type, TR_GR),
  97:Generated_Source\PSoC6\pdl\drivers\peripheral\device/cy_device.c ****     /* periTrGrSize              */ sizeof(PERI_TR_GR_V1_Type),
  98:Generated_Source\PSoC6\pdl\drivers\peripheral\device/cy_device.c **** 
  99:Generated_Source\PSoC6\pdl\drivers\peripheral\device/cy_device.c ****     /* periDivCmdDivSelMsk       */ PERI_DIV_CMD_DIV_SEL_Msk,
 100:Generated_Source\PSoC6\pdl\drivers\peripheral\device/cy_device.c ****     /* periDivCmdTypeSelPos      */ PERI_DIV_CMD_TYPE_SEL_Pos,
 101:Generated_Source\PSoC6\pdl\drivers\peripheral\device/cy_device.c ****     /* periDivCmdPaDivSelPos     */ PERI_DIV_CMD_PA_DIV_SEL_Pos,
 102:Generated_Source\PSoC6\pdl\drivers\peripheral\device/cy_device.c ****     /* periDivCmdPaTypeSelPos    */ PERI_DIV_CMD_PA_TYPE_SEL_Pos,
 103:Generated_Source\PSoC6\pdl\drivers\peripheral\device/cy_device.c **** 
 104:Generated_Source\PSoC6\pdl\drivers\peripheral\device/cy_device.c ****     /* periDiv8CtlOffset         */ offsetof(PERI_V1_Type, DIV_8_CTL),
 105:Generated_Source\PSoC6\pdl\drivers\peripheral\device/cy_device.c ****     /* periDiv16CtlOffset        */ offsetof(PERI_V1_Type, DIV_16_CTL),
 106:Generated_Source\PSoC6\pdl\drivers\peripheral\device/cy_device.c ****     /* periDiv16_5CtlOffset      */ offsetof(PERI_V1_Type, DIV_16_5_CTL),
 107:Generated_Source\PSoC6\pdl\drivers\peripheral\device/cy_device.c ****     /* periDiv24_5CtlOffset      */ offsetof(PERI_V1_Type, DIV_24_5_CTL),
 108:Generated_Source\PSoC6\pdl\drivers\peripheral\device/cy_device.c **** 
 109:Generated_Source\PSoC6\pdl\drivers\peripheral\device/cy_device.c ****     /* GPIO registers */
 110:Generated_Source\PSoC6\pdl\drivers\peripheral\device/cy_device.c ****     /* gpioPrtIntrCfgOffset      */ offsetof(GPIO_PRT_V1_Type, INTR_CFG),
 111:Generated_Source\PSoC6\pdl\drivers\peripheral\device/cy_device.c ****     /* gpioPrtCfgOffset          */ offsetof(GPIO_PRT_V1_Type, CFG),
 112:Generated_Source\PSoC6\pdl\drivers\peripheral\device/cy_device.c ****     /* gpioPrtCfgInOffset        */ offsetof(GPIO_PRT_V1_Type, CFG_IN),
 113:Generated_Source\PSoC6\pdl\drivers\peripheral\device/cy_device.c ****     /* gpioPrtCfgOutOffset       */ offsetof(GPIO_PRT_V1_Type, CFG_OUT),
 114:Generated_Source\PSoC6\pdl\drivers\peripheral\device/cy_device.c ****     /* gpioPrtCfgSioOffset       */ offsetof(GPIO_PRT_V1_Type, CFG_SIO),
 115:Generated_Source\PSoC6\pdl\drivers\peripheral\device/cy_device.c **** 
 116:Generated_Source\PSoC6\pdl\drivers\peripheral\device/cy_device.c ****     /* CPUSS registers  */
 117:Generated_Source\PSoC6\pdl\drivers\peripheral\device/cy_device.c ****     /* cpussCm0ClockCtlOffset    */ offsetof(CPUSS_V1_Type, CM0_CLOCK_CTL),
 118:Generated_Source\PSoC6\pdl\drivers\peripheral\device/cy_device.c ****     /* cpussCm4ClockCtlOffset    */ offsetof(CPUSS_V1_Type, CM4_CLOCK_CTL),
 119:Generated_Source\PSoC6\pdl\drivers\peripheral\device/cy_device.c ****     /* cpussCm4StatusOffset      */ offsetof(CPUSS_V1_Type, CM4_STATUS),
 120:Generated_Source\PSoC6\pdl\drivers\peripheral\device/cy_device.c ****     /* cpussCm0StatusOffset      */ offsetof(CPUSS_V1_Type, CM0_STATUS),
 121:Generated_Source\PSoC6\pdl\drivers\peripheral\device/cy_device.c ****     /* cpussCm4PwrCtlOffset      */ offsetof(CPUSS_V1_Type, CM4_PWR_CTL),
 122:Generated_Source\PSoC6\pdl\drivers\peripheral\device/cy_device.c ****     /* cpussTrimRamCtlOffset     */ offsetof(CPUSS_V1_Type, TRIM_RAM_CTL),
 123:Generated_Source\PSoC6\pdl\drivers\peripheral\device/cy_device.c ****     /* cpussTrimRomCtlOffset     */ offsetof(CPUSS_V1_Type, TRIM_ROM_CTL),
 124:Generated_Source\PSoC6\pdl\drivers\peripheral\device/cy_device.c ****     /* cpussSysTickCtlOffset     */ offsetof(CPUSS_V1_Type, SYSTICK_CTL),
 125:Generated_Source\PSoC6\pdl\drivers\peripheral\device/cy_device.c **** 
 126:Generated_Source\PSoC6\pdl\drivers\peripheral\device/cy_device.c ****     /* cpussCm0NmiCtlOffset      */ (uint16_t)offsetof(CPUSS_V1_Type, CM0_NMI_CTL),
 127:Generated_Source\PSoC6\pdl\drivers\peripheral\device/cy_device.c ****     /* cpussCm4NmiCtlOffset      */ (uint16_t)offsetof(CPUSS_V1_Type, CM4_NMI_CTL),
 128:Generated_Source\PSoC6\pdl\drivers\peripheral\device/cy_device.c ****     /* cpussRomCtl               */ (uint16_t)offsetof(CPUSS_V1_Type, ROM_CTL),
 129:Generated_Source\PSoC6\pdl\drivers\peripheral\device/cy_device.c ****     /* cpussRam0Ctl0             */ (uint16_t)offsetof(CPUSS_V1_Type, RAM0_CTL0),
 130:Generated_Source\PSoC6\pdl\drivers\peripheral\device/cy_device.c ****     /* cpussRam1Ctl0             */ (uint16_t)offsetof(CPUSS_V1_Type, RAM1_CTL0),
 131:Generated_Source\PSoC6\pdl\drivers\peripheral\device/cy_device.c ****     /* cpussRam2Ctl0             */ (uint16_t)offsetof(CPUSS_V1_Type, RAM2_CTL0),
 132:Generated_Source\PSoC6\pdl\drivers\peripheral\device/cy_device.c **** 
 133:Generated_Source\PSoC6\pdl\drivers\peripheral\device/cy_device.c ****     /* IPC registers */
 134:Generated_Source\PSoC6\pdl\drivers\peripheral\device/cy_device.c ****     /* ipcStructSize             */ sizeof(IPC_STRUCT_V1_Type),
 135:Generated_Source\PSoC6\pdl\drivers\peripheral\device/cy_device.c ****     /* ipcLockStatusOffset       */ offsetof(IPC_STRUCT_V1_Type, LOCK_STATUS),
 136:Generated_Source\PSoC6\pdl\drivers\peripheral\device/cy_device.c **** };
 137:Generated_Source\PSoC6\pdl\drivers\peripheral\device/cy_device.c **** 
 138:Generated_Source\PSoC6\pdl\drivers\peripheral\device/cy_device.c **** const cy_stc_device_t cy_deviceIpBlockCfgPSoC6_02 =
 139:Generated_Source\PSoC6\pdl\drivers\peripheral\device/cy_device.c **** {
 140:Generated_Source\PSoC6\pdl\drivers\peripheral\device/cy_device.c ****     /* Base HW addresses */
 141:Generated_Source\PSoC6\pdl\drivers\peripheral\device/cy_device.c ****     /* cpussBase                 */ 0x40200000UL,
 142:Generated_Source\PSoC6\pdl\drivers\peripheral\device/cy_device.c ****     /* flashcBase                */ 0x40240000UL,
 143:Generated_Source\PSoC6\pdl\drivers\peripheral\device/cy_device.c ****     /* periBase                  */ 0x40000000UL,
 144:Generated_Source\PSoC6\pdl\drivers\peripheral\device/cy_device.c ****     /* udbBase                   */ 0UL,
ARM GAS  C:\Users\Rolf\AppData\Local\Temp\ccR1DGzV.s 			page 4


 145:Generated_Source\PSoC6\pdl\drivers\peripheral\device/cy_device.c ****     /* protBase                  */ 0x40230000UL,
 146:Generated_Source\PSoC6\pdl\drivers\peripheral\device/cy_device.c ****     /* hsiomBase                 */ 0x40300000UL,
 147:Generated_Source\PSoC6\pdl\drivers\peripheral\device/cy_device.c ****     /* gpioBase                  */ 0x40310000UL,
 148:Generated_Source\PSoC6\pdl\drivers\peripheral\device/cy_device.c ****     /* passBase                  */ 0x409F0000UL,
 149:Generated_Source\PSoC6\pdl\drivers\peripheral\device/cy_device.c ****     /* ipcBase                   */ 0x40220000UL,
 150:Generated_Source\PSoC6\pdl\drivers\peripheral\device/cy_device.c ****     /* cryptoBase                */ 0x40100000UL,
 151:Generated_Source\PSoC6\pdl\drivers\peripheral\device/cy_device.c **** 
 152:Generated_Source\PSoC6\pdl\drivers\peripheral\device/cy_device.c ****     /* IP block versions */
 153:Generated_Source\PSoC6\pdl\drivers\peripheral\device/cy_device.c ****     /* cpussVersion              */ 2U,
 154:Generated_Source\PSoC6\pdl\drivers\peripheral\device/cy_device.c ****     /* cryptoVersion             */ 2U,
 155:Generated_Source\PSoC6\pdl\drivers\peripheral\device/cy_device.c ****     /* dwVersion                 */ 2U,
 156:Generated_Source\PSoC6\pdl\drivers\peripheral\device/cy_device.c ****     /* flashcVersion             */ 2U,
 157:Generated_Source\PSoC6\pdl\drivers\peripheral\device/cy_device.c ****     /* gpioVersion               */ 2U,
 158:Generated_Source\PSoC6\pdl\drivers\peripheral\device/cy_device.c ****     /* hsiomVersion              */ 2U,
 159:Generated_Source\PSoC6\pdl\drivers\peripheral\device/cy_device.c ****     /* ipcVersion                */ 2U,
 160:Generated_Source\PSoC6\pdl\drivers\peripheral\device/cy_device.c ****     /* periVersion               */ 2U,
 161:Generated_Source\PSoC6\pdl\drivers\peripheral\device/cy_device.c ****     /* protVersion               */ 2U,
 162:Generated_Source\PSoC6\pdl\drivers\peripheral\device/cy_device.c **** 
 163:Generated_Source\PSoC6\pdl\drivers\peripheral\device/cy_device.c ****     /* Parameters */
 164:Generated_Source\PSoC6\pdl\drivers\peripheral\device/cy_device.c ****     /* cpussIpcNr                */ 16U,
 165:Generated_Source\PSoC6\pdl\drivers\peripheral\device/cy_device.c ****     /* cpussIpcIrqNr             */ 16U,
 166:Generated_Source\PSoC6\pdl\drivers\peripheral\device/cy_device.c ****     /* cpussDwChNr               */ 29U,
 167:Generated_Source\PSoC6\pdl\drivers\peripheral\device/cy_device.c ****     /* cpussFlashPaSize          */ 128U,
 168:Generated_Source\PSoC6\pdl\drivers\peripheral\device/cy_device.c ****     /* cpussIpc0Irq              */ 23,
 169:Generated_Source\PSoC6\pdl\drivers\peripheral\device/cy_device.c ****     /* cpussFmIrq                */ 117,
 170:Generated_Source\PSoC6\pdl\drivers\peripheral\device/cy_device.c ****     /* cpussNotConnectedIrq      */ 1023,
 171:Generated_Source\PSoC6\pdl\drivers\peripheral\device/cy_device.c ****     /* srssNumClkpath            */ 6U,
 172:Generated_Source\PSoC6\pdl\drivers\peripheral\device/cy_device.c ****     /* srssNumPll                */ 2U,
 173:Generated_Source\PSoC6\pdl\drivers\peripheral\device/cy_device.c ****     /* srssNumHfroot             */ 6U,
 174:Generated_Source\PSoC6\pdl\drivers\peripheral\device/cy_device.c ****     /* periClockNr               */ 54U,
 175:Generated_Source\PSoC6\pdl\drivers\peripheral\device/cy_device.c ****     /* smifDeviceNr              */ 4,
 176:Generated_Source\PSoC6\pdl\drivers\peripheral\device/cy_device.c ****     /* passSarChannels           */ 16U,
 177:Generated_Source\PSoC6\pdl\drivers\peripheral\device/cy_device.c ****     /* epMonitorNr               */ 32u,
 178:Generated_Source\PSoC6\pdl\drivers\peripheral\device/cy_device.c ****     /* udbPresent                */ 0U,
 179:Generated_Source\PSoC6\pdl\drivers\peripheral\device/cy_device.c ****     /* sysPmSimoPresent          */ 0U,
 180:Generated_Source\PSoC6\pdl\drivers\peripheral\device/cy_device.c ****     /* protBusMasterMask         */ 0xC07FUL,
 181:Generated_Source\PSoC6\pdl\drivers\peripheral\device/cy_device.c ****     /* cryptoMemSize             */ 1024u,
 182:Generated_Source\PSoC6\pdl\drivers\peripheral\device/cy_device.c ****     /* flashRwwRequired          */ 0U,
 183:Generated_Source\PSoC6\pdl\drivers\peripheral\device/cy_device.c ****     /* flashPipeRequired         */ 0U,
 184:Generated_Source\PSoC6\pdl\drivers\peripheral\device/cy_device.c ****     /* flashWriteDelay           */ 0U,
 185:Generated_Source\PSoC6\pdl\drivers\peripheral\device/cy_device.c ****     /* flashProgramDelay         */ 0U,
 186:Generated_Source\PSoC6\pdl\drivers\peripheral\device/cy_device.c ****     /* flashEraseDelay           */ 0U,
 187:Generated_Source\PSoC6\pdl\drivers\peripheral\device/cy_device.c ****     /* flashCtlMainWs0Freq       */ 25U,
 188:Generated_Source\PSoC6\pdl\drivers\peripheral\device/cy_device.c ****     /* flashCtlMainWs1Freq       */ 50U,
 189:Generated_Source\PSoC6\pdl\drivers\peripheral\device/cy_device.c ****     /* flashCtlMainWs2Freq       */ 75U,
 190:Generated_Source\PSoC6\pdl\drivers\peripheral\device/cy_device.c ****     /* flashCtlMainWs3Freq       */ 100U,
 191:Generated_Source\PSoC6\pdl\drivers\peripheral\device/cy_device.c ****     /* flashCtlMainWs4Freq       */ 125U,
 192:Generated_Source\PSoC6\pdl\drivers\peripheral\device/cy_device.c **** 
 193:Generated_Source\PSoC6\pdl\drivers\peripheral\device/cy_device.c ****     /* Peripheral register offsets */
 194:Generated_Source\PSoC6\pdl\drivers\peripheral\device/cy_device.c **** 
 195:Generated_Source\PSoC6\pdl\drivers\peripheral\device/cy_device.c ****     /* DW registers */
 196:Generated_Source\PSoC6\pdl\drivers\peripheral\device/cy_device.c ****     /* dwChOffset                */ offsetof(DW_V2_Type, CH_STRUCT),
 197:Generated_Source\PSoC6\pdl\drivers\peripheral\device/cy_device.c ****     /* dwChSize                  */ sizeof(DW_CH_STRUCT_V2_Type),
 198:Generated_Source\PSoC6\pdl\drivers\peripheral\device/cy_device.c ****     /* dwChCtlPrioPos            */ (uint8_t)DW_CH_STRUCT_V2_CH_CTL_PRIO_Pos,
 199:Generated_Source\PSoC6\pdl\drivers\peripheral\device/cy_device.c ****     /* dwChCtlPreemptablePos     */ (uint8_t)DW_CH_STRUCT_V2_CH_CTL_PREEMPTABLE_Pos,
 200:Generated_Source\PSoC6\pdl\drivers\peripheral\device/cy_device.c ****     /* dwStatusChIdxPos          */ (uint8_t)DW_V2_STATUS_CH_IDX_Pos,
 201:Generated_Source\PSoC6\pdl\drivers\peripheral\device/cy_device.c ****     /* dwStatusChIdxMsk          */ DW_V2_STATUS_CH_IDX_Msk,
ARM GAS  C:\Users\Rolf\AppData\Local\Temp\ccR1DGzV.s 			page 5


 202:Generated_Source\PSoC6\pdl\drivers\peripheral\device/cy_device.c **** 
 203:Generated_Source\PSoC6\pdl\drivers\peripheral\device/cy_device.c ****     /* PERI registers  */
 204:Generated_Source\PSoC6\pdl\drivers\peripheral\device/cy_device.c ****     /* periTrCmdOffset           */ offsetof(PERI_V2_Type, TR_CMD),
 205:Generated_Source\PSoC6\pdl\drivers\peripheral\device/cy_device.c ****     /* periTrCmdGrSelMsk         */ PERI_V2_TR_CMD_GROUP_SEL_Msk,
 206:Generated_Source\PSoC6\pdl\drivers\peripheral\device/cy_device.c ****     /* periTrGrOffset            */ offsetof(PERI_V2_Type, TR_GR),
 207:Generated_Source\PSoC6\pdl\drivers\peripheral\device/cy_device.c ****     /* periTrGrSize              */ sizeof(PERI_TR_GR_V2_Type),
 208:Generated_Source\PSoC6\pdl\drivers\peripheral\device/cy_device.c **** 
 209:Generated_Source\PSoC6\pdl\drivers\peripheral\device/cy_device.c ****     /* periDivCmdDivSelMsk       */ (uint8_t)PERI_V2_DIV_CMD_DIV_SEL_Msk,
 210:Generated_Source\PSoC6\pdl\drivers\peripheral\device/cy_device.c ****     /* periDivCmdTypeSelPos      */ (uint8_t)PERI_V2_DIV_CMD_TYPE_SEL_Pos,
 211:Generated_Source\PSoC6\pdl\drivers\peripheral\device/cy_device.c ****     /* periDivCmdPaDivSelPos     */ (uint8_t)PERI_V2_DIV_CMD_PA_DIV_SEL_Pos,
 212:Generated_Source\PSoC6\pdl\drivers\peripheral\device/cy_device.c ****     /* periDivCmdPaTypeSelPos    */ (uint8_t)PERI_V2_DIV_CMD_PA_TYPE_SEL_Pos,
 213:Generated_Source\PSoC6\pdl\drivers\peripheral\device/cy_device.c **** 
 214:Generated_Source\PSoC6\pdl\drivers\peripheral\device/cy_device.c ****     /* periDiv8CtlOffset         */ offsetof(PERI_V2_Type, DIV_8_CTL),
 215:Generated_Source\PSoC6\pdl\drivers\peripheral\device/cy_device.c ****     /* periDiv16CtlOffset        */ offsetof(PERI_V2_Type, DIV_16_CTL),
 216:Generated_Source\PSoC6\pdl\drivers\peripheral\device/cy_device.c ****     /* periDiv16_5CtlOffset      */ offsetof(PERI_V2_Type, DIV_16_5_CTL),
 217:Generated_Source\PSoC6\pdl\drivers\peripheral\device/cy_device.c ****     /* periDiv24_5CtlOffset      */ offsetof(PERI_V2_Type, DIV_24_5_CTL),
 218:Generated_Source\PSoC6\pdl\drivers\peripheral\device/cy_device.c **** 
 219:Generated_Source\PSoC6\pdl\drivers\peripheral\device/cy_device.c ****     /* GPIO registers  */
 220:Generated_Source\PSoC6\pdl\drivers\peripheral\device/cy_device.c ****     /* gpioPrtIntrCfgOffset      */ offsetof(GPIO_PRT_V2_Type, INTR_CFG),
 221:Generated_Source\PSoC6\pdl\drivers\peripheral\device/cy_device.c ****     /* gpioPrtCfgOffset          */ offsetof(GPIO_PRT_V2_Type, CFG),
 222:Generated_Source\PSoC6\pdl\drivers\peripheral\device/cy_device.c ****     /* gpioPrtCfgInOffset        */ offsetof(GPIO_PRT_V2_Type, CFG_IN),
 223:Generated_Source\PSoC6\pdl\drivers\peripheral\device/cy_device.c ****     /* gpioPrtCfgOutOffset       */ offsetof(GPIO_PRT_V2_Type, CFG_OUT),
 224:Generated_Source\PSoC6\pdl\drivers\peripheral\device/cy_device.c ****     /* gpioPrtCfgSioOffset       */ offsetof(GPIO_PRT_V2_Type, CFG_SIO),
 225:Generated_Source\PSoC6\pdl\drivers\peripheral\device/cy_device.c **** 
 226:Generated_Source\PSoC6\pdl\drivers\peripheral\device/cy_device.c ****     /* CPUSS registers */
 227:Generated_Source\PSoC6\pdl\drivers\peripheral\device/cy_device.c ****     /* cpussCm0ClockCtlOffset    */ offsetof(CPUSS_V2_Type, CM0_CLOCK_CTL),
 228:Generated_Source\PSoC6\pdl\drivers\peripheral\device/cy_device.c ****     /* cpussCm4ClockCtlOffset    */ offsetof(CPUSS_V2_Type, CM4_CLOCK_CTL),
 229:Generated_Source\PSoC6\pdl\drivers\peripheral\device/cy_device.c ****     /* cpussCm4StatusOffset      */ offsetof(CPUSS_V2_Type, CM4_STATUS),
 230:Generated_Source\PSoC6\pdl\drivers\peripheral\device/cy_device.c ****     /* cpussCm0StatusOffset      */ offsetof(CPUSS_V2_Type, CM0_STATUS),
 231:Generated_Source\PSoC6\pdl\drivers\peripheral\device/cy_device.c ****     /* cpussCm4PwrCtlOffset      */ offsetof(CPUSS_V2_Type, CM4_PWR_CTL),
 232:Generated_Source\PSoC6\pdl\drivers\peripheral\device/cy_device.c ****     /* cpussTrimRamCtlOffset     */ offsetof(CPUSS_V2_Type, TRIM_RAM_CTL),
 233:Generated_Source\PSoC6\pdl\drivers\peripheral\device/cy_device.c ****     /* cpussTrimRomCtlOffset     */ offsetof(CPUSS_V2_Type, TRIM_ROM_CTL),
 234:Generated_Source\PSoC6\pdl\drivers\peripheral\device/cy_device.c ****     /* cpussSysTickCtlOffset     */ offsetof(CPUSS_V2_Type, SYSTICK_CTL),
 235:Generated_Source\PSoC6\pdl\drivers\peripheral\device/cy_device.c ****     /* cpussCm0NmiCtlOffset      */ (uint16_t)offsetof(CPUSS_V2_Type, CM0_NMI_CTL),
 236:Generated_Source\PSoC6\pdl\drivers\peripheral\device/cy_device.c ****     /* cpussCm4NmiCtlOffset      */ (uint16_t)offsetof(CPUSS_V2_Type, CM4_NMI_CTL),
 237:Generated_Source\PSoC6\pdl\drivers\peripheral\device/cy_device.c ****     /* cpussRomCtl               */ (uint16_t)offsetof(CPUSS_V2_Type, ROM_CTL),
 238:Generated_Source\PSoC6\pdl\drivers\peripheral\device/cy_device.c ****     /* cpussRam0Ctl0             */ (uint16_t)offsetof(CPUSS_V2_Type, RAM0_CTL0),
 239:Generated_Source\PSoC6\pdl\drivers\peripheral\device/cy_device.c ****     /* cpussRam1Ctl0             */ (uint16_t)offsetof(CPUSS_V2_Type, RAM1_CTL0),
 240:Generated_Source\PSoC6\pdl\drivers\peripheral\device/cy_device.c ****     /* cpussRam2Ctl0             */ (uint16_t)offsetof(CPUSS_V2_Type, RAM2_CTL0),
 241:Generated_Source\PSoC6\pdl\drivers\peripheral\device/cy_device.c **** 
 242:Generated_Source\PSoC6\pdl\drivers\peripheral\device/cy_device.c ****     /* IPC registers */
 243:Generated_Source\PSoC6\pdl\drivers\peripheral\device/cy_device.c ****     /* ipcStructSize             */ sizeof(IPC_STRUCT_V2_Type),
 244:Generated_Source\PSoC6\pdl\drivers\peripheral\device/cy_device.c ****     /* ipcLockStatusOffset       */ offsetof(IPC_STRUCT_V2_Type, LOCK_STATUS),
 245:Generated_Source\PSoC6\pdl\drivers\peripheral\device/cy_device.c **** };
 246:Generated_Source\PSoC6\pdl\drivers\peripheral\device/cy_device.c **** 
 247:Generated_Source\PSoC6\pdl\drivers\peripheral\device/cy_device.c **** 
 248:Generated_Source\PSoC6\pdl\drivers\peripheral\device/cy_device.c **** /******************************************************************************
 249:Generated_Source\PSoC6\pdl\drivers\peripheral\device/cy_device.c **** * Function Name: Cy_PDL_Init
 250:Generated_Source\PSoC6\pdl\drivers\peripheral\device/cy_device.c **** ****************************************************************************//**
 251:Generated_Source\PSoC6\pdl\drivers\peripheral\device/cy_device.c **** *
 252:Generated_Source\PSoC6\pdl\drivers\peripheral\device/cy_device.c **** * \brief Initializes the platform and peripheral block configuration for the
 253:Generated_Source\PSoC6\pdl\drivers\peripheral\device/cy_device.c **** * given target device.
 254:Generated_Source\PSoC6\pdl\drivers\peripheral\device/cy_device.c **** *
 255:Generated_Source\PSoC6\pdl\drivers\peripheral\device/cy_device.c **** * \param device
 256:Generated_Source\PSoC6\pdl\drivers\peripheral\device/cy_device.c **** * Pointer to the platform and peripheral block configuration
 257:Generated_Source\PSoC6\pdl\drivers\peripheral\device/cy_device.c **** *
 258:Generated_Source\PSoC6\pdl\drivers\peripheral\device/cy_device.c **** * \note
ARM GAS  C:\Users\Rolf\AppData\Local\Temp\ccR1DGzV.s 			page 6


 259:Generated_Source\PSoC6\pdl\drivers\peripheral\device/cy_device.c **** * This function must be called prior calling any function in PDL.
 260:Generated_Source\PSoC6\pdl\drivers\peripheral\device/cy_device.c **** *
 261:Generated_Source\PSoC6\pdl\drivers\peripheral\device/cy_device.c **** *******************************************************************************/
 262:Generated_Source\PSoC6\pdl\drivers\peripheral\device/cy_device.c **** void Cy_PDL_Init(const cy_stc_device_t * device)
 263:Generated_Source\PSoC6\pdl\drivers\peripheral\device/cy_device.c **** {
  28              		.loc 1 263 0
  29              		.cfi_startproc
  30              		@ args = 0, pretend = 0, frame = 0
  31              		@ frame_needed = 0, uses_anonymous_args = 0
  32              		@ link register save eliminated.
  33              	.LVL0:
 264:Generated_Source\PSoC6\pdl\drivers\peripheral\device/cy_device.c ****     cy_device = device;
  34              		.loc 1 264 0
  35 0000 014B     		ldr	r3, .L2
  36 0002 1860     		str	r0, [r3]
 265:Generated_Source\PSoC6\pdl\drivers\peripheral\device/cy_device.c **** }
  37              		.loc 1 265 0
  38              		@ sp needed
  39 0004 7047     		bx	lr
  40              	.L3:
  41 0006 C046     		.align	2
  42              	.L2:
  43 0008 00000000 		.word	cy_device
  44              		.cfi_endproc
  45              	.LFE0:
  46              		.size	Cy_PDL_Init, .-Cy_PDL_Init
  47              		.global	cy_deviceIpBlockCfgPSoC6_02
  48              		.global	cy_deviceIpBlockCfgPSoC6_01
  49              		.comm	cy_device,4,4
  50              		.section	.rodata
  51              		.align	2
  52              		.type	cy_deviceIpBlockCfgPSoC6_02, %object
  53              		.size	cy_deviceIpBlockCfgPSoC6_02, 184
  54              	cy_deviceIpBlockCfgPSoC6_02:
  55 0000 00002040 		.word	1075838976
  56 0004 00002440 		.word	1076101120
  57 0008 00000040 		.word	1073741824
  58 000c 00000000 		.word	0
  59 0010 00002340 		.word	1076035584
  60 0014 00003040 		.word	1076887552
  61 0018 00003140 		.word	1076953088
  62 001c 00009F40 		.word	1084162048
  63 0020 00002240 		.word	1075970048
  64 0024 00001040 		.word	1074790400
  65 0028 02       		.byte	2
  66 0029 02       		.byte	2
  67 002a 02       		.byte	2
  68 002b 02       		.byte	2
  69 002c 02       		.byte	2
  70 002d 02       		.byte	2
  71 002e 02       		.byte	2
  72 002f 02       		.byte	2
  73 0030 02       		.byte	2
  74 0031 10       		.byte	16
  75 0032 10       		.byte	16
  76 0033 1D       		.byte	29
  77 0034 80       		.byte	-128
ARM GAS  C:\Users\Rolf\AppData\Local\Temp\ccR1DGzV.s 			page 7


  78 0035 00       		.space	1
  79 0036 1700     		.short	23
  80 0038 7500     		.short	117
  81 003a FF03     		.short	1023
  82 003c 06       		.byte	6
  83 003d 02       		.byte	2
  84 003e 06       		.byte	6
  85 003f 36       		.byte	54
  86 0040 04       		.byte	4
  87 0041 10       		.byte	16
  88 0042 20       		.byte	32
  89 0043 00       		.byte	0
  90 0044 00       		.byte	0
  91 0045 000000   		.space	3
  92 0048 7FC00000 		.word	49279
  93 004c 00040000 		.word	1024
  94 0050 00       		.byte	0
  95 0051 00       		.byte	0
  96 0052 00       		.byte	0
  97 0053 00       		.byte	0
  98 0054 00       		.byte	0
  99 0055 19       		.byte	25
 100 0056 32       		.byte	50
 101 0057 4B       		.byte	75
 102 0058 64       		.byte	100
 103 0059 7D       		.byte	125
 104 005a 0080     		.short	-32768
 105 005c 4000     		.short	64
 106 005e 08       		.byte	8
 107 005f 0B       		.byte	11
 108 0060 10       		.byte	16
 109 0061 000000   		.space	3
 110 0064 0000FF01 		.word	33488896
 111 0068 2002     		.short	544
 112 006a 001F     		.short	7936
 113 006c 0080     		.short	-32768
 114 006e 0004     		.short	1024
 115 0070 FF       		.byte	-1
 116 0071 08       		.byte	8
 117 0072 10       		.byte	16
 118 0073 18       		.byte	24
 119 0074 0010     		.short	4096
 120 0076 0014     		.short	5120
 121 0078 0018     		.short	6144
 122 007a 001C     		.short	7168
 123 007c 40       		.byte	64
 124 007d 44       		.byte	68
 125 007e 48       		.byte	72
 126 007f 4C       		.byte	76
 127 0080 50       		.byte	80
 128 0081 000000   		.space	3
 129 0084 08100000 		.word	4104
 130 0088 08000000 		.word	8
 131 008c 04000000 		.word	4
 132 0090 04100000 		.word	4100
 133 0094 00120000 		.word	4608
 134 0098 04210000 		.word	8452
ARM GAS  C:\Users\Rolf\AppData\Local\Temp\ccR1DGzV.s 			page 8


 135 009c 00210000 		.word	8448
 136 00a0 00160000 		.word	5632
 137 00a4 4011     		.short	4416
 138 00a6 4002     		.short	576
 139 00a8 C413     		.short	5060
 140 00aa 0013     		.short	4864
 141 00ac 8013     		.short	4992
 142 00ae A013     		.short	5024
 143 00b0 2000     		.short	32
 144 00b2 0000     		.space	2
 145 00b4 1C000000 		.word	28
 146              		.type	cy_deviceIpBlockCfgPSoC6_01, %object
 147              		.size	cy_deviceIpBlockCfgPSoC6_01, 184
 148              	cy_deviceIpBlockCfgPSoC6_01:
 149 00b8 00002140 		.word	1075904512
 150 00bc 00002540 		.word	1076166656
 151 00c0 00000140 		.word	1073807360
 152 00c4 00003440 		.word	1077149696
 153 00c8 00002440 		.word	1076101120
 154 00cc 00003140 		.word	1076953088
 155 00d0 00003240 		.word	1077018624
 156 00d4 00001F41 		.word	1092550656
 157 00d8 00002340 		.word	1076035584
 158 00dc 00001140 		.word	1074855936
 159 00e0 01       		.byte	1
 160 00e1 01       		.byte	1
 161 00e2 01       		.byte	1
 162 00e3 01       		.byte	1
 163 00e4 01       		.byte	1
 164 00e5 01       		.byte	1
 165 00e6 01       		.byte	1
 166 00e7 01       		.byte	1
 167 00e8 01       		.byte	1
 168 00e9 10       		.byte	16
 169 00ea 10       		.byte	16
 170 00eb 10       		.byte	16
 171 00ec 80       		.byte	-128
 172 00ed 00       		.space	1
 173 00ee 1900     		.short	25
 174 00f0 5500     		.short	85
 175 00f2 F000     		.short	240
 176 00f4 05       		.byte	5
 177 00f5 01       		.byte	1
 178 00f6 05       		.byte	5
 179 00f7 3B       		.byte	59
 180 00f8 04       		.byte	4
 181 00f9 10       		.byte	16
 182 00fa 1C       		.byte	28
 183 00fb 01       		.byte	1
 184 00fc 01       		.byte	1
 185 00fd 000000   		.space	3
 186 0100 0FC00000 		.word	49167
 187 0104 00040000 		.word	1024
 188 0108 01       		.byte	1
 189 0109 01       		.byte	1
 190 010a 01       		.byte	1
 191 010b 01       		.byte	1
ARM GAS  C:\Users\Rolf\AppData\Local\Temp\ccR1DGzV.s 			page 9


 192 010c 01       		.byte	1
 193 010d 1D       		.byte	29
 194 010e 3A       		.byte	58
 195 010f 57       		.byte	87
 196 0110 78       		.byte	120
 197 0111 96       		.byte	-106
 198 0112 0008     		.short	2048
 199 0114 2000     		.short	32
 200 0116 10       		.byte	16
 201 0117 12       		.byte	18
 202 0118 08       		.byte	8
 203 0119 000000   		.space	3
 204 011c 001F0000 		.word	7936
 205 0120 0010     		.short	4096
 206 0122 000F     		.short	3840
 207 0124 0020     		.short	8192
 208 0126 0002     		.short	512
 209 0128 3F       		.byte	63
 210 0129 06       		.byte	6
 211 012a 08       		.byte	8
 212 012b 0E       		.byte	14
 213 012c 0008     		.short	2048
 214 012e 0009     		.short	2304
 215 0130 000A     		.short	2560
 216 0132 000B     		.short	2816
 217 0134 24       		.byte	36
 218 0135 28       		.byte	40
 219 0136 2C       		.byte	44
 220 0137 30       		.byte	48
 221 0138 34       		.byte	52
 222 0139 000000   		.space	3
 223 013c 10000000 		.word	16
 224 0140 90000000 		.word	144
 225 0144 88000000 		.word	136
 226 0148 08000000 		.word	8
 227 014c 80000000 		.word	128
 228 0150 04F00000 		.word	61444
 229 0154 00F00000 		.word	61440
 230 0158 40020000 		.word	576
 231 015c 2005     		.short	1312
 232 015e A000     		.short	160
 233 0160 D001     		.short	464
 234 0162 0001     		.short	256
 235 0164 8001     		.short	384
 236 0166 A001     		.short	416
 237 0168 2000     		.short	32
 238 016a 0000     		.space	2
 239 016c 10000000 		.word	16
 240              		.text
 241              	.Letext0:
 242              		.file 2 "c:\\program files (x86)\\cypress\\psoc creator\\4.4\\4.4\\psoc creator\\import\\gnu\\arm\
 243              		.file 3 "c:\\program files (x86)\\cypress\\psoc creator\\4.4\\4.4\\psoc creator\\import\\gnu\\arm\
 244              		.file 4 "Generated_Source\\PSoC6\\pdl\\drivers\\peripheral\\device\\cy_device.h"
 245              		.section	.debug_info,"",%progbits
 246              	.Ldebug_info0:
 247 0000 4D050000 		.4byte	0x54d
 248 0004 0400     		.2byte	0x4
ARM GAS  C:\Users\Rolf\AppData\Local\Temp\ccR1DGzV.s 			page 10


 249 0006 00000000 		.4byte	.Ldebug_abbrev0
 250 000a 04       		.byte	0x4
 251 000b 01       		.uleb128 0x1
 252 000c 31010000 		.4byte	.LASF109
 253 0010 0C       		.byte	0xc
 254 0011 36070000 		.4byte	.LASF110
 255 0015 97000000 		.4byte	.LASF111
 256 0019 00000000 		.4byte	.Ldebug_ranges0+0
 257 001d 00000000 		.4byte	0
 258 0021 00000000 		.4byte	.Ldebug_line0
 259 0025 02       		.uleb128 0x2
 260 0026 01       		.byte	0x1
 261 0027 06       		.byte	0x6
 262 0028 00040000 		.4byte	.LASF0
 263 002c 03       		.uleb128 0x3
 264 002d 23030000 		.4byte	.LASF2
 265 0031 02       		.byte	0x2
 266 0032 1D       		.byte	0x1d
 267 0033 37000000 		.4byte	0x37
 268 0037 02       		.uleb128 0x2
 269 0038 01       		.byte	0x1
 270 0039 08       		.byte	0x8
 271 003a D8030000 		.4byte	.LASF1
 272 003e 03       		.uleb128 0x3
 273 003f 6A060000 		.4byte	.LASF3
 274 0043 02       		.byte	0x2
 275 0044 29       		.byte	0x29
 276 0045 49000000 		.4byte	0x49
 277 0049 02       		.uleb128 0x2
 278 004a 02       		.byte	0x2
 279 004b 05       		.byte	0x5
 280 004c 8D000000 		.4byte	.LASF4
 281 0050 03       		.uleb128 0x3
 282 0051 F1010000 		.4byte	.LASF5
 283 0055 02       		.byte	0x2
 284 0056 2B       		.byte	0x2b
 285 0057 5B000000 		.4byte	0x5b
 286 005b 02       		.uleb128 0x2
 287 005c 02       		.byte	0x2
 288 005d 07       		.byte	0x7
 289 005e D9040000 		.4byte	.LASF6
 290 0062 02       		.uleb128 0x2
 291 0063 04       		.byte	0x4
 292 0064 05       		.byte	0x5
 293 0065 F1020000 		.4byte	.LASF7
 294 0069 03       		.uleb128 0x3
 295 006a CF010000 		.4byte	.LASF8
 296 006e 02       		.byte	0x2
 297 006f 41       		.byte	0x41
 298 0070 74000000 		.4byte	0x74
 299 0074 02       		.uleb128 0x2
 300 0075 04       		.byte	0x4
 301 0076 07       		.byte	0x7
 302 0077 D8050000 		.4byte	.LASF9
 303 007b 02       		.uleb128 0x2
 304 007c 08       		.byte	0x8
 305 007d 05       		.byte	0x5
ARM GAS  C:\Users\Rolf\AppData\Local\Temp\ccR1DGzV.s 			page 11


 306 007e AD020000 		.4byte	.LASF10
 307 0082 02       		.uleb128 0x2
 308 0083 08       		.byte	0x8
 309 0084 07       		.byte	0x7
 310 0085 0C040000 		.4byte	.LASF11
 311 0089 04       		.uleb128 0x4
 312 008a 04       		.byte	0x4
 313 008b 05       		.byte	0x5
 314 008c 696E7400 		.ascii	"int\000"
 315 0090 02       		.uleb128 0x2
 316 0091 04       		.byte	0x4
 317 0092 07       		.byte	0x7
 318 0093 1C070000 		.4byte	.LASF12
 319 0097 03       		.uleb128 0x3
 320 0098 2C020000 		.4byte	.LASF13
 321 009c 03       		.byte	0x3
 322 009d 18       		.byte	0x18
 323 009e 2C000000 		.4byte	0x2c
 324 00a2 03       		.uleb128 0x3
 325 00a3 4F050000 		.4byte	.LASF14
 326 00a7 03       		.byte	0x3
 327 00a8 20       		.byte	0x20
 328 00a9 3E000000 		.4byte	0x3e
 329 00ad 03       		.uleb128 0x3
 330 00ae EC040000 		.4byte	.LASF15
 331 00b2 03       		.byte	0x3
 332 00b3 24       		.byte	0x24
 333 00b4 50000000 		.4byte	0x50
 334 00b8 03       		.uleb128 0x3
 335 00b9 68020000 		.4byte	.LASF16
 336 00bd 03       		.byte	0x3
 337 00be 30       		.byte	0x30
 338 00bf 69000000 		.4byte	0x69
 339 00c3 02       		.uleb128 0x2
 340 00c4 08       		.byte	0x8
 341 00c5 04       		.byte	0x4
 342 00c6 B3030000 		.4byte	.LASF17
 343 00ca 02       		.uleb128 0x2
 344 00cb 04       		.byte	0x4
 345 00cc 07       		.byte	0x7
 346 00cd EF000000 		.4byte	.LASF18
 347 00d1 05       		.uleb128 0x5
 348 00d2 B8       		.byte	0xb8
 349 00d3 04       		.byte	0x4
 350 00d4 34       		.byte	0x34
 351 00d5 E2040000 		.4byte	0x4e2
 352 00d9 06       		.uleb128 0x6
 353 00da DA010000 		.4byte	.LASF19
 354 00de 04       		.byte	0x4
 355 00df 37       		.byte	0x37
 356 00e0 B8000000 		.4byte	0xb8
 357 00e4 00       		.byte	0
 358 00e5 06       		.uleb128 0x6
 359 00e6 2B060000 		.4byte	.LASF20
 360 00ea 04       		.byte	0x4
 361 00eb 38       		.byte	0x38
 362 00ec B8000000 		.4byte	0xb8
ARM GAS  C:\Users\Rolf\AppData\Local\Temp\ccR1DGzV.s 			page 12


 363 00f0 04       		.byte	0x4
 364 00f1 06       		.uleb128 0x6
 365 00f2 F7030000 		.4byte	.LASF21
 366 00f6 04       		.byte	0x4
 367 00f7 39       		.byte	0x39
 368 00f8 B8000000 		.4byte	0xb8
 369 00fc 08       		.byte	0x8
 370 00fd 06       		.uleb128 0x6
 371 00fe 30050000 		.4byte	.LASF22
 372 0102 04       		.byte	0x4
 373 0103 3A       		.byte	0x3a
 374 0104 B8000000 		.4byte	0xb8
 375 0108 0C       		.byte	0xc
 376 0109 06       		.uleb128 0x6
 377 010a 07070000 		.4byte	.LASF23
 378 010e 04       		.byte	0x4
 379 010f 3B       		.byte	0x3b
 380 0110 B8000000 		.4byte	0xb8
 381 0114 10       		.byte	0x10
 382 0115 06       		.uleb128 0x6
 383 0116 93020000 		.4byte	.LASF24
 384 011a 04       		.byte	0x4
 385 011b 3C       		.byte	0x3c
 386 011c B8000000 		.4byte	0xb8
 387 0120 14       		.byte	0x14
 388 0121 06       		.uleb128 0x6
 389 0122 23040000 		.4byte	.LASF25
 390 0126 04       		.byte	0x4
 391 0127 3D       		.byte	0x3d
 392 0128 B8000000 		.4byte	0xb8
 393 012c 18       		.byte	0x18
 394 012d 06       		.uleb128 0x6
 395 012e A4020000 		.4byte	.LASF26
 396 0132 04       		.byte	0x4
 397 0133 3E       		.byte	0x3e
 398 0134 B8000000 		.4byte	0xb8
 399 0138 1C       		.byte	0x1c
 400 0139 06       		.uleb128 0x6
 401 013a FF060000 		.4byte	.LASF27
 402 013e 04       		.byte	0x4
 403 013f 3F       		.byte	0x3f
 404 0140 B8000000 		.4byte	0xb8
 405 0144 20       		.byte	0x20
 406 0145 06       		.uleb128 0x6
 407 0146 82000000 		.4byte	.LASF28
 408 014a 04       		.byte	0x4
 409 014b 40       		.byte	0x40
 410 014c B8000000 		.4byte	0xb8
 411 0150 24       		.byte	0x24
 412 0151 06       		.uleb128 0x6
 413 0152 E4010000 		.4byte	.LASF29
 414 0156 04       		.byte	0x4
 415 0157 43       		.byte	0x43
 416 0158 97000000 		.4byte	0x97
 417 015c 28       		.byte	0x28
 418 015d 06       		.uleb128 0x6
 419 015e 95050000 		.4byte	.LASF30
ARM GAS  C:\Users\Rolf\AppData\Local\Temp\ccR1DGzV.s 			page 13


 420 0162 04       		.byte	0x4
 421 0163 44       		.byte	0x44
 422 0164 97000000 		.4byte	0x97
 423 0168 29       		.byte	0x29
 424 0169 06       		.uleb128 0x6
 425 016a F8050000 		.4byte	.LASF31
 426 016e 04       		.byte	0x4
 427 016f 45       		.byte	0x45
 428 0170 97000000 		.4byte	0x97
 429 0174 2A       		.byte	0x2a
 430 0175 06       		.uleb128 0x6
 431 0176 CB040000 		.4byte	.LASF32
 432 017a 04       		.byte	0x4
 433 017b 46       		.byte	0x46
 434 017c 97000000 		.4byte	0x97
 435 0180 2B       		.byte	0x2b
 436 0181 06       		.uleb128 0x6
 437 0182 A3050000 		.4byte	.LASF33
 438 0186 04       		.byte	0x4
 439 0187 47       		.byte	0x47
 440 0188 97000000 		.4byte	0x97
 441 018c 2C       		.byte	0x2c
 442 018d 06       		.uleb128 0x6
 443 018e 54000000 		.4byte	.LASF34
 444 0192 04       		.byte	0x4
 445 0193 48       		.byte	0x48
 446 0194 97000000 		.4byte	0x97
 447 0198 2D       		.byte	0x2d
 448 0199 06       		.uleb128 0x6
 449 019a F8000000 		.4byte	.LASF35
 450 019e 04       		.byte	0x4
 451 019f 49       		.byte	0x49
 452 01a0 97000000 		.4byte	0x97
 453 01a4 2E       		.byte	0x2e
 454 01a5 06       		.uleb128 0x6
 455 01a6 34020000 		.4byte	.LASF36
 456 01aa 04       		.byte	0x4
 457 01ab 4A       		.byte	0x4a
 458 01ac 97000000 		.4byte	0x97
 459 01b0 2F       		.byte	0x2f
 460 01b1 06       		.uleb128 0x6
 461 01b2 C3010000 		.4byte	.LASF37
 462 01b6 04       		.byte	0x4
 463 01b7 4B       		.byte	0x4b
 464 01b8 97000000 		.4byte	0x97
 465 01bc 30       		.byte	0x30
 466 01bd 06       		.uleb128 0x6
 467 01be FC010000 		.4byte	.LASF38
 468 01c2 04       		.byte	0x4
 469 01c3 4E       		.byte	0x4e
 470 01c4 97000000 		.4byte	0x97
 471 01c8 31       		.byte	0x31
 472 01c9 06       		.uleb128 0x6
 473 01ca 5C060000 		.4byte	.LASF39
 474 01ce 04       		.byte	0x4
 475 01cf 4F       		.byte	0x4f
 476 01d0 97000000 		.4byte	0x97
ARM GAS  C:\Users\Rolf\AppData\Local\Temp\ccR1DGzV.s 			page 14


 477 01d4 32       		.byte	0x32
 478 01d5 06       		.uleb128 0x6
 479 01d6 76000000 		.4byte	.LASF40
 480 01da 04       		.byte	0x4
 481 01db 50       		.byte	0x50
 482 01dc 97000000 		.4byte	0x97
 483 01e0 33       		.byte	0x33
 484 01e1 06       		.uleb128 0x6
 485 01e2 00000000 		.4byte	.LASF41
 486 01e6 04       		.byte	0x4
 487 01e7 51       		.byte	0x51
 488 01e8 97000000 		.4byte	0x97
 489 01ec 34       		.byte	0x34
 490 01ed 06       		.uleb128 0x6
 491 01ee 71020000 		.4byte	.LASF42
 492 01f2 04       		.byte	0x4
 493 01f3 52       		.byte	0x52
 494 01f4 A2000000 		.4byte	0xa2
 495 01f8 36       		.byte	0x36
 496 01f9 06       		.uleb128 0x6
 497 01fa 82040000 		.4byte	.LASF43
 498 01fe 04       		.byte	0x4
 499 01ff 53       		.byte	0x53
 500 0200 A2000000 		.4byte	0xa2
 501 0204 38       		.byte	0x38
 502 0205 06       		.uleb128 0x6
 503 0206 8D040000 		.4byte	.LASF44
 504 020a 04       		.byte	0x4
 505 020b 54       		.byte	0x54
 506 020c A2000000 		.4byte	0xa2
 507 0210 3A       		.byte	0x3a
 508 0211 06       		.uleb128 0x6
 509 0212 57050000 		.4byte	.LASF45
 510 0216 04       		.byte	0x4
 511 0217 55       		.byte	0x55
 512 0218 97000000 		.4byte	0x97
 513 021c 3C       		.byte	0x3c
 514 021d 06       		.uleb128 0x6
 515 021e 44050000 		.4byte	.LASF46
 516 0222 04       		.byte	0x4
 517 0223 56       		.byte	0x56
 518 0224 97000000 		.4byte	0x97
 519 0228 3D       		.byte	0x3d
 520 0229 06       		.uleb128 0x6
 521 022a 32000000 		.4byte	.LASF47
 522 022e 04       		.byte	0x4
 523 022f 57       		.byte	0x57
 524 0230 97000000 		.4byte	0x97
 525 0234 3E       		.byte	0x3e
 526 0235 06       		.uleb128 0x6
 527 0236 38050000 		.4byte	.LASF48
 528 023a 04       		.byte	0x4
 529 023b 58       		.byte	0x58
 530 023c 97000000 		.4byte	0x97
 531 0240 3F       		.byte	0x3f
 532 0241 06       		.uleb128 0x6
 533 0242 29070000 		.4byte	.LASF49
ARM GAS  C:\Users\Rolf\AppData\Local\Temp\ccR1DGzV.s 			page 15


 534 0246 04       		.byte	0x4
 535 0247 59       		.byte	0x59
 536 0248 97000000 		.4byte	0x97
 537 024c 40       		.byte	0x40
 538 024d 06       		.uleb128 0x6
 539 024e 4C060000 		.4byte	.LASF50
 540 0252 04       		.byte	0x4
 541 0253 5A       		.byte	0x5a
 542 0254 97000000 		.4byte	0x97
 543 0258 41       		.byte	0x41
 544 0259 06       		.uleb128 0x6
 545 025a 02060000 		.4byte	.LASF51
 546 025e 04       		.byte	0x4
 547 025f 5B       		.byte	0x5b
 548 0260 97000000 		.4byte	0x97
 549 0264 42       		.byte	0x42
 550 0265 06       		.uleb128 0x6
 551 0266 CD030000 		.4byte	.LASF52
 552 026a 04       		.byte	0x4
 553 026b 5C       		.byte	0x5c
 554 026c 97000000 		.4byte	0x97
 555 0270 43       		.byte	0x43
 556 0271 06       		.uleb128 0x6
 557 0272 E6030000 		.4byte	.LASF53
 558 0276 04       		.byte	0x4
 559 0277 5D       		.byte	0x5d
 560 0278 97000000 		.4byte	0x97
 561 027c 44       		.byte	0x44
 562 027d 06       		.uleb128 0x6
 563 027e F5040000 		.4byte	.LASF54
 564 0282 04       		.byte	0x4
 565 0283 5E       		.byte	0x5e
 566 0284 B8000000 		.4byte	0xb8
 567 0288 48       		.byte	0x48
 568 0289 06       		.uleb128 0x6
 569 028a 76050000 		.4byte	.LASF55
 570 028e 04       		.byte	0x4
 571 028f 5F       		.byte	0x5f
 572 0290 B8000000 		.4byte	0xb8
 573 0294 4C       		.byte	0x4c
 574 0295 06       		.uleb128 0x6
 575 0296 07020000 		.4byte	.LASF56
 576 029a 04       		.byte	0x4
 577 029b 60       		.byte	0x60
 578 029c 97000000 		.4byte	0x97
 579 02a0 50       		.byte	0x50
 580 02a1 06       		.uleb128 0x6
 581 02a2 DF060000 		.4byte	.LASF57
 582 02a6 04       		.byte	0x4
 583 02a7 61       		.byte	0x61
 584 02a8 97000000 		.4byte	0x97
 585 02ac 51       		.byte	0x51
 586 02ad 06       		.uleb128 0x6
 587 02ae 11010000 		.4byte	.LASF58
 588 02b2 04       		.byte	0x4
 589 02b3 62       		.byte	0x62
 590 02b4 97000000 		.4byte	0x97
ARM GAS  C:\Users\Rolf\AppData\Local\Temp\ccR1DGzV.s 			page 16


 591 02b8 52       		.byte	0x52
 592 02b9 06       		.uleb128 0x6
 593 02ba 70040000 		.4byte	.LASF59
 594 02be 04       		.byte	0x4
 595 02bf 63       		.byte	0x63
 596 02c0 97000000 		.4byte	0x97
 597 02c4 53       		.byte	0x53
 598 02c5 06       		.uleb128 0x6
 599 02c6 49020000 		.4byte	.LASF60
 600 02ca 04       		.byte	0x4
 601 02cb 64       		.byte	0x64
 602 02cc 97000000 		.4byte	0x97
 603 02d0 54       		.byte	0x54
 604 02d1 06       		.uleb128 0x6
 605 02d2 0F030000 		.4byte	.LASF61
 606 02d6 04       		.byte	0x4
 607 02d7 65       		.byte	0x65
 608 02d8 97000000 		.4byte	0x97
 609 02dc 55       		.byte	0x55
 610 02dd 06       		.uleb128 0x6
 611 02de C4050000 		.4byte	.LASF62
 612 02e2 04       		.byte	0x4
 613 02e3 66       		.byte	0x66
 614 02e4 97000000 		.4byte	0x97
 615 02e8 56       		.byte	0x56
 616 02e9 06       		.uleb128 0x6
 617 02ea A0060000 		.4byte	.LASF63
 618 02ee 04       		.byte	0x4
 619 02ef 67       		.byte	0x67
 620 02f0 97000000 		.4byte	0x97
 621 02f4 57       		.byte	0x57
 622 02f5 06       		.uleb128 0x6
 623 02f6 57030000 		.4byte	.LASF64
 624 02fa 04       		.byte	0x4
 625 02fb 68       		.byte	0x68
 626 02fc 97000000 		.4byte	0x97
 627 0300 58       		.byte	0x58
 628 0301 06       		.uleb128 0x6
 629 0302 8C070000 		.4byte	.LASF65
 630 0306 04       		.byte	0x4
 631 0307 69       		.byte	0x69
 632 0308 97000000 		.4byte	0x97
 633 030c 59       		.byte	0x59
 634 030d 06       		.uleb128 0x6
 635 030e 27000000 		.4byte	.LASF66
 636 0312 04       		.byte	0x4
 637 0313 6E       		.byte	0x6e
 638 0314 AD000000 		.4byte	0xad
 639 0318 5A       		.byte	0x5a
 640 0319 06       		.uleb128 0x6
 641 031a 40020000 		.4byte	.LASF67
 642 031e 04       		.byte	0x4
 643 031f 6F       		.byte	0x6f
 644 0320 AD000000 		.4byte	0xad
 645 0324 5C       		.byte	0x5c
 646 0325 06       		.uleb128 0x6
 647 0326 59020000 		.4byte	.LASF68
ARM GAS  C:\Users\Rolf\AppData\Local\Temp\ccR1DGzV.s 			page 17


 648 032a 04       		.byte	0x4
 649 032b 70       		.byte	0x70
 650 032c 97000000 		.4byte	0x97
 651 0330 5E       		.byte	0x5e
 652 0331 06       		.uleb128 0x6
 653 0332 B1070000 		.4byte	.LASF69
 654 0336 04       		.byte	0x4
 655 0337 71       		.byte	0x71
 656 0338 97000000 		.4byte	0x97
 657 033c 5F       		.byte	0x5f
 658 033d 06       		.uleb128 0x6
 659 033e A0070000 		.4byte	.LASF70
 660 0342 04       		.byte	0x4
 661 0343 72       		.byte	0x72
 662 0344 97000000 		.4byte	0x97
 663 0348 60       		.byte	0x60
 664 0349 06       		.uleb128 0x6
 665 034a CA020000 		.4byte	.LASF71
 666 034e 04       		.byte	0x4
 667 034f 73       		.byte	0x73
 668 0350 B8000000 		.4byte	0xb8
 669 0354 64       		.byte	0x64
 670 0355 06       		.uleb128 0x6
 671 0356 66050000 		.4byte	.LASF72
 672 035a 04       		.byte	0x4
 673 035b 76       		.byte	0x76
 674 035c AD000000 		.4byte	0xad
 675 0360 68       		.byte	0x68
 676 0361 06       		.uleb128 0x6
 677 0362 94030000 		.4byte	.LASF73
 678 0366 04       		.byte	0x4
 679 0367 77       		.byte	0x77
 680 0368 AD000000 		.4byte	0xad
 681 036c 6A       		.byte	0x6a
 682 036d 06       		.uleb128 0x6
 683 036e BB020000 		.4byte	.LASF74
 684 0372 04       		.byte	0x4
 685 0373 78       		.byte	0x78
 686 0374 AD000000 		.4byte	0xad
 687 0378 6C       		.byte	0x6c
 688 0379 06       		.uleb128 0x6
 689 037a A6030000 		.4byte	.LASF75
 690 037e 04       		.byte	0x4
 691 037f 79       		.byte	0x79
 692 0380 AD000000 		.4byte	0xad
 693 0384 6E       		.byte	0x6e
 694 0385 06       		.uleb128 0x6
 695 0386 1C050000 		.4byte	.LASF76
 696 038a 04       		.byte	0x4
 697 038b 7B       		.byte	0x7b
 698 038c 97000000 		.4byte	0x97
 699 0390 70       		.byte	0x70
 700 0391 06       		.uleb128 0x6
 701 0392 07050000 		.4byte	.LASF77
 702 0396 04       		.byte	0x4
 703 0397 7C       		.byte	0x7c
 704 0398 97000000 		.4byte	0x97
ARM GAS  C:\Users\Rolf\AppData\Local\Temp\ccR1DGzV.s 			page 18


 705 039c 71       		.byte	0x71
 706 039d 06       		.uleb128 0x6
 707 039e 36060000 		.4byte	.LASF78
 708 03a2 04       		.byte	0x4
 709 03a3 7D       		.byte	0x7d
 710 03a4 97000000 		.4byte	0x97
 711 03a8 72       		.byte	0x72
 712 03a9 06       		.uleb128 0x6
 713 03aa 89060000 		.4byte	.LASF79
 714 03ae 04       		.byte	0x4
 715 03af 7E       		.byte	0x7e
 716 03b0 97000000 		.4byte	0x97
 717 03b4 73       		.byte	0x73
 718 03b5 06       		.uleb128 0x6
 719 03b6 6B030000 		.4byte	.LASF80
 720 03ba 04       		.byte	0x4
 721 03bb 80       		.byte	0x80
 722 03bc AD000000 		.4byte	0xad
 723 03c0 74       		.byte	0x74
 724 03c1 06       		.uleb128 0x6
 725 03c2 44030000 		.4byte	.LASF81
 726 03c6 04       		.byte	0x4
 727 03c7 81       		.byte	0x81
 728 03c8 AD000000 		.4byte	0xad
 729 03cc 76       		.byte	0x76
 730 03cd 06       		.uleb128 0x6
 731 03ce B4060000 		.4byte	.LASF82
 732 03d2 04       		.byte	0x4
 733 03d3 82       		.byte	0x82
 734 03d4 AD000000 		.4byte	0xad
 735 03d8 78       		.byte	0x78
 736 03d9 06       		.uleb128 0x6
 737 03da B6040000 		.4byte	.LASF83
 738 03de 04       		.byte	0x4
 739 03df 83       		.byte	0x83
 740 03e0 AD000000 		.4byte	0xad
 741 03e4 7A       		.byte	0x7a
 742 03e5 06       		.uleb128 0x6
 743 03e6 FA020000 		.4byte	.LASF84
 744 03ea 04       		.byte	0x4
 745 03eb 86       		.byte	0x86
 746 03ec 97000000 		.4byte	0x97
 747 03f0 7C       		.byte	0x7c
 748 03f1 06       		.uleb128 0x6
 749 03f2 84050000 		.4byte	.LASF85
 750 03f6 04       		.byte	0x4
 751 03f7 87       		.byte	0x87
 752 03f8 97000000 		.4byte	0x97
 753 03fc 7D       		.byte	0x7d
 754 03fd 06       		.uleb128 0x6
 755 03fe 0E060000 		.4byte	.LASF86
 756 0402 04       		.byte	0x4
 757 0403 88       		.byte	0x88
 758 0404 97000000 		.4byte	0x97
 759 0408 7E       		.byte	0x7e
 760 0409 06       		.uleb128 0x6
 761 040a 40000000 		.4byte	.LASF87
ARM GAS  C:\Users\Rolf\AppData\Local\Temp\ccR1DGzV.s 			page 19


 762 040e 04       		.byte	0x4
 763 040f 89       		.byte	0x89
 764 0410 97000000 		.4byte	0x97
 765 0414 7F       		.byte	0x7f
 766 0415 06       		.uleb128 0x6
 767 0416 18020000 		.4byte	.LASF88
 768 041a 04       		.byte	0x4
 769 041b 8A       		.byte	0x8a
 770 041c 97000000 		.4byte	0x97
 771 0420 80       		.byte	0x80
 772 0421 06       		.uleb128 0x6
 773 0422 2D030000 		.4byte	.LASF89
 774 0426 04       		.byte	0x4
 775 0427 8D       		.byte	0x8d
 776 0428 B8000000 		.4byte	0xb8
 777 042c 84       		.byte	0x84
 778 042d 06       		.uleb128 0x6
 779 042e 7D030000 		.4byte	.LASF90
 780 0432 04       		.byte	0x4
 781 0433 8E       		.byte	0x8e
 782 0434 B8000000 		.4byte	0xb8
 783 0438 88       		.byte	0x88
 784 0439 06       		.uleb128 0x6
 785 043a 61000000 		.4byte	.LASF91
 786 043e 04       		.byte	0x4
 787 043f 8F       		.byte	0x8f
 788 0440 B8000000 		.4byte	0xb8
 789 0444 8C       		.byte	0x8c
 790 0445 06       		.uleb128 0x6
 791 0446 77070000 		.4byte	.LASF92
 792 044a 04       		.byte	0x4
 793 044b 90       		.byte	0x90
 794 044c B8000000 		.4byte	0xb8
 795 0450 90       		.byte	0x90
 796 0451 06       		.uleb128 0x6
 797 0452 AF050000 		.4byte	.LASF93
 798 0456 04       		.byte	0x4
 799 0457 91       		.byte	0x91
 800 0458 B8000000 		.4byte	0xb8
 801 045c 94       		.byte	0x94
 802 045d 06       		.uleb128 0x6
 803 045e 11000000 		.4byte	.LASF94
 804 0462 04       		.byte	0x4
 805 0463 92       		.byte	0x92
 806 0464 B8000000 		.4byte	0xb8
 807 0468 98       		.byte	0x98
 808 0469 06       		.uleb128 0x6
 809 046a C9060000 		.4byte	.LASF95
 810 046e 04       		.byte	0x4
 811 046f 93       		.byte	0x93
 812 0470 B8000000 		.4byte	0xb8
 813 0474 9C       		.byte	0x9c
 814 0475 06       		.uleb128 0x6
 815 0476 DB020000 		.4byte	.LASF96
 816 047a 04       		.byte	0x4
 817 047b 94       		.byte	0x94
 818 047c B8000000 		.4byte	0xb8
ARM GAS  C:\Users\Rolf\AppData\Local\Temp\ccR1DGzV.s 			page 20


 819 0480 A0       		.byte	0xa0
 820 0481 06       		.uleb128 0x6
 821 0482 7E020000 		.4byte	.LASF97
 822 0486 04       		.byte	0x4
 823 0487 95       		.byte	0x95
 824 0488 AD000000 		.4byte	0xad
 825 048c A4       		.byte	0xa4
 826 048d 06       		.uleb128 0x6
 827 048e 74060000 		.4byte	.LASF98
 828 0492 04       		.byte	0x4
 829 0493 96       		.byte	0x96
 830 0494 AD000000 		.4byte	0xad
 831 0498 A6       		.byte	0xa6
 832 0499 06       		.uleb128 0x6
 833 049a 10070000 		.4byte	.LASF99
 834 049e 04       		.byte	0x4
 835 049f 97       		.byte	0x97
 836 04a0 AD000000 		.4byte	0xad
 837 04a4 A8       		.byte	0xa8
 838 04a5 06       		.uleb128 0x6
 839 04a6 EA050000 		.4byte	.LASF100
 840 04aa 04       		.byte	0x4
 841 04ab 98       		.byte	0x98
 842 04ac AD000000 		.4byte	0xad
 843 04b0 AA       		.byte	0xaa
 844 04b1 06       		.uleb128 0x6
 845 04b2 03010000 		.4byte	.LASF101
 846 04b6 04       		.byte	0x4
 847 04b7 99       		.byte	0x99
 848 04b8 AD000000 		.4byte	0xad
 849 04bc AC       		.byte	0xac
 850 04bd 06       		.uleb128 0x6
 851 04be BF030000 		.4byte	.LASF102
 852 04c2 04       		.byte	0x4
 853 04c3 9A       		.byte	0x9a
 854 04c4 AD000000 		.4byte	0xad
 855 04c8 AE       		.byte	0xae
 856 04c9 06       		.uleb128 0x6
 857 04ca F1060000 		.4byte	.LASF103
 858 04ce 04       		.byte	0x4
 859 04cf 9D       		.byte	0x9d
 860 04d0 AD000000 		.4byte	0xad
 861 04d4 B0       		.byte	0xb0
 862 04d5 06       		.uleb128 0x6
 863 04d6 A2040000 		.4byte	.LASF104
 864 04da 04       		.byte	0x4
 865 04db 9E       		.byte	0x9e
 866 04dc B8000000 		.4byte	0xb8
 867 04e0 B4       		.byte	0xb4
 868 04e1 00       		.byte	0
 869 04e2 03       		.uleb128 0x3
 870 04e3 21010000 		.4byte	.LASF105
 871 04e7 04       		.byte	0x4
 872 04e8 9F       		.byte	0x9f
 873 04e9 D1000000 		.4byte	0xd1
 874 04ed 07       		.uleb128 0x7
 875 04ee 64040000 		.4byte	.LASF112
ARM GAS  C:\Users\Rolf\AppData\Local\Temp\ccR1DGzV.s 			page 21


 876 04f2 01       		.byte	0x1
 877 04f3 0601     		.2byte	0x106
 878 04f5 00000000 		.4byte	.LFB0
 879 04f9 0C000000 		.4byte	.LFE0-.LFB0
 880 04fd 01       		.uleb128 0x1
 881 04fe 9C       		.byte	0x9c
 882 04ff 12050000 		.4byte	0x512
 883 0503 08       		.uleb128 0x8
 884 0504 9D020000 		.4byte	.LASF113
 885 0508 01       		.byte	0x1
 886 0509 0601     		.2byte	0x106
 887 050b 12050000 		.4byte	0x512
 888 050f 01       		.uleb128 0x1
 889 0510 50       		.byte	0x50
 890 0511 00       		.byte	0
 891 0512 09       		.uleb128 0x9
 892 0513 04       		.byte	0x4
 893 0514 18050000 		.4byte	0x518
 894 0518 0A       		.uleb128 0xa
 895 0519 E2040000 		.4byte	0x4e2
 896 051d 0B       		.uleb128 0xb
 897 051e 2C040000 		.4byte	.LASF106
 898 0522 01       		.byte	0x1
 899 0523 1C       		.byte	0x1c
 900 0524 18050000 		.4byte	0x518
 901 0528 05       		.uleb128 0x5
 902 0529 03       		.byte	0x3
 903 052a 00000000 		.4byte	cy_deviceIpBlockCfgPSoC6_01
 904 052e 0B       		.uleb128 0xb
 905 052f 48040000 		.4byte	.LASF107
 906 0533 01       		.byte	0x1
 907 0534 8A       		.byte	0x8a
 908 0535 18050000 		.4byte	0x518
 909 0539 05       		.uleb128 0x5
 910 053a 03       		.byte	0x3
 911 053b 00000000 		.4byte	cy_deviceIpBlockCfgPSoC6_02
 912 053f 0B       		.uleb128 0xb
 913 0540 21060000 		.4byte	.LASF108
 914 0544 01       		.byte	0x1
 915 0545 19       		.byte	0x19
 916 0546 12050000 		.4byte	0x512
 917 054a 05       		.uleb128 0x5
 918 054b 03       		.byte	0x3
 919 054c 00000000 		.4byte	cy_device
 920 0550 00       		.byte	0
 921              		.section	.debug_abbrev,"",%progbits
 922              	.Ldebug_abbrev0:
 923 0000 01       		.uleb128 0x1
 924 0001 11       		.uleb128 0x11
 925 0002 01       		.byte	0x1
 926 0003 25       		.uleb128 0x25
 927 0004 0E       		.uleb128 0xe
 928 0005 13       		.uleb128 0x13
 929 0006 0B       		.uleb128 0xb
 930 0007 03       		.uleb128 0x3
 931 0008 0E       		.uleb128 0xe
 932 0009 1B       		.uleb128 0x1b
ARM GAS  C:\Users\Rolf\AppData\Local\Temp\ccR1DGzV.s 			page 22


 933 000a 0E       		.uleb128 0xe
 934 000b 55       		.uleb128 0x55
 935 000c 17       		.uleb128 0x17
 936 000d 11       		.uleb128 0x11
 937 000e 01       		.uleb128 0x1
 938 000f 10       		.uleb128 0x10
 939 0010 17       		.uleb128 0x17
 940 0011 00       		.byte	0
 941 0012 00       		.byte	0
 942 0013 02       		.uleb128 0x2
 943 0014 24       		.uleb128 0x24
 944 0015 00       		.byte	0
 945 0016 0B       		.uleb128 0xb
 946 0017 0B       		.uleb128 0xb
 947 0018 3E       		.uleb128 0x3e
 948 0019 0B       		.uleb128 0xb
 949 001a 03       		.uleb128 0x3
 950 001b 0E       		.uleb128 0xe
 951 001c 00       		.byte	0
 952 001d 00       		.byte	0
 953 001e 03       		.uleb128 0x3
 954 001f 16       		.uleb128 0x16
 955 0020 00       		.byte	0
 956 0021 03       		.uleb128 0x3
 957 0022 0E       		.uleb128 0xe
 958 0023 3A       		.uleb128 0x3a
 959 0024 0B       		.uleb128 0xb
 960 0025 3B       		.uleb128 0x3b
 961 0026 0B       		.uleb128 0xb
 962 0027 49       		.uleb128 0x49
 963 0028 13       		.uleb128 0x13
 964 0029 00       		.byte	0
 965 002a 00       		.byte	0
 966 002b 04       		.uleb128 0x4
 967 002c 24       		.uleb128 0x24
 968 002d 00       		.byte	0
 969 002e 0B       		.uleb128 0xb
 970 002f 0B       		.uleb128 0xb
 971 0030 3E       		.uleb128 0x3e
 972 0031 0B       		.uleb128 0xb
 973 0032 03       		.uleb128 0x3
 974 0033 08       		.uleb128 0x8
 975 0034 00       		.byte	0
 976 0035 00       		.byte	0
 977 0036 05       		.uleb128 0x5
 978 0037 13       		.uleb128 0x13
 979 0038 01       		.byte	0x1
 980 0039 0B       		.uleb128 0xb
 981 003a 0B       		.uleb128 0xb
 982 003b 3A       		.uleb128 0x3a
 983 003c 0B       		.uleb128 0xb
 984 003d 3B       		.uleb128 0x3b
 985 003e 0B       		.uleb128 0xb
 986 003f 01       		.uleb128 0x1
 987 0040 13       		.uleb128 0x13
 988 0041 00       		.byte	0
 989 0042 00       		.byte	0
ARM GAS  C:\Users\Rolf\AppData\Local\Temp\ccR1DGzV.s 			page 23


 990 0043 06       		.uleb128 0x6
 991 0044 0D       		.uleb128 0xd
 992 0045 00       		.byte	0
 993 0046 03       		.uleb128 0x3
 994 0047 0E       		.uleb128 0xe
 995 0048 3A       		.uleb128 0x3a
 996 0049 0B       		.uleb128 0xb
 997 004a 3B       		.uleb128 0x3b
 998 004b 0B       		.uleb128 0xb
 999 004c 49       		.uleb128 0x49
 1000 004d 13       		.uleb128 0x13
 1001 004e 38       		.uleb128 0x38
 1002 004f 0B       		.uleb128 0xb
 1003 0050 00       		.byte	0
 1004 0051 00       		.byte	0
 1005 0052 07       		.uleb128 0x7
 1006 0053 2E       		.uleb128 0x2e
 1007 0054 01       		.byte	0x1
 1008 0055 3F       		.uleb128 0x3f
 1009 0056 19       		.uleb128 0x19
 1010 0057 03       		.uleb128 0x3
 1011 0058 0E       		.uleb128 0xe
 1012 0059 3A       		.uleb128 0x3a
 1013 005a 0B       		.uleb128 0xb
 1014 005b 3B       		.uleb128 0x3b
 1015 005c 05       		.uleb128 0x5
 1016 005d 27       		.uleb128 0x27
 1017 005e 19       		.uleb128 0x19
 1018 005f 11       		.uleb128 0x11
 1019 0060 01       		.uleb128 0x1
 1020 0061 12       		.uleb128 0x12
 1021 0062 06       		.uleb128 0x6
 1022 0063 40       		.uleb128 0x40
 1023 0064 18       		.uleb128 0x18
 1024 0065 9742     		.uleb128 0x2117
 1025 0067 19       		.uleb128 0x19
 1026 0068 01       		.uleb128 0x1
 1027 0069 13       		.uleb128 0x13
 1028 006a 00       		.byte	0
 1029 006b 00       		.byte	0
 1030 006c 08       		.uleb128 0x8
 1031 006d 05       		.uleb128 0x5
 1032 006e 00       		.byte	0
 1033 006f 03       		.uleb128 0x3
 1034 0070 0E       		.uleb128 0xe
 1035 0071 3A       		.uleb128 0x3a
 1036 0072 0B       		.uleb128 0xb
 1037 0073 3B       		.uleb128 0x3b
 1038 0074 05       		.uleb128 0x5
 1039 0075 49       		.uleb128 0x49
 1040 0076 13       		.uleb128 0x13
 1041 0077 02       		.uleb128 0x2
 1042 0078 18       		.uleb128 0x18
 1043 0079 00       		.byte	0
 1044 007a 00       		.byte	0
 1045 007b 09       		.uleb128 0x9
 1046 007c 0F       		.uleb128 0xf
ARM GAS  C:\Users\Rolf\AppData\Local\Temp\ccR1DGzV.s 			page 24


 1047 007d 00       		.byte	0
 1048 007e 0B       		.uleb128 0xb
 1049 007f 0B       		.uleb128 0xb
 1050 0080 49       		.uleb128 0x49
 1051 0081 13       		.uleb128 0x13
 1052 0082 00       		.byte	0
 1053 0083 00       		.byte	0
 1054 0084 0A       		.uleb128 0xa
 1055 0085 26       		.uleb128 0x26
 1056 0086 00       		.byte	0
 1057 0087 49       		.uleb128 0x49
 1058 0088 13       		.uleb128 0x13
 1059 0089 00       		.byte	0
 1060 008a 00       		.byte	0
 1061 008b 0B       		.uleb128 0xb
 1062 008c 34       		.uleb128 0x34
 1063 008d 00       		.byte	0
 1064 008e 03       		.uleb128 0x3
 1065 008f 0E       		.uleb128 0xe
 1066 0090 3A       		.uleb128 0x3a
 1067 0091 0B       		.uleb128 0xb
 1068 0092 3B       		.uleb128 0x3b
 1069 0093 0B       		.uleb128 0xb
 1070 0094 49       		.uleb128 0x49
 1071 0095 13       		.uleb128 0x13
 1072 0096 3F       		.uleb128 0x3f
 1073 0097 19       		.uleb128 0x19
 1074 0098 02       		.uleb128 0x2
 1075 0099 18       		.uleb128 0x18
 1076 009a 00       		.byte	0
 1077 009b 00       		.byte	0
 1078 009c 00       		.byte	0
 1079              		.section	.debug_aranges,"",%progbits
 1080 0000 1C000000 		.4byte	0x1c
 1081 0004 0200     		.2byte	0x2
 1082 0006 00000000 		.4byte	.Ldebug_info0
 1083 000a 04       		.byte	0x4
 1084 000b 00       		.byte	0
 1085 000c 0000     		.2byte	0
 1086 000e 0000     		.2byte	0
 1087 0010 00000000 		.4byte	.LFB0
 1088 0014 0C000000 		.4byte	.LFE0-.LFB0
 1089 0018 00000000 		.4byte	0
 1090 001c 00000000 		.4byte	0
 1091              		.section	.debug_ranges,"",%progbits
 1092              	.Ldebug_ranges0:
 1093 0000 00000000 		.4byte	.LFB0
 1094 0004 0C000000 		.4byte	.LFE0
 1095 0008 00000000 		.4byte	0
 1096 000c 00000000 		.4byte	0
 1097              		.section	.debug_line,"",%progbits
 1098              	.Ldebug_line0:
 1099 0000 83010000 		.section	.debug_str,"MS",%progbits,1
 1099      02006B01 
 1099      00000201 
 1099      FB0E0D00 
 1099      01010101 
ARM GAS  C:\Users\Rolf\AppData\Local\Temp\ccR1DGzV.s 			page 25


 1100              	.LASF41:
 1101 0000 63707573 		.ascii	"cpussFlashPaSize\000"
 1101      73466C61 
 1101      73685061 
 1101      53697A65 
 1101      00
 1102              	.LASF94:
 1103 0011 63707573 		.ascii	"cpussTrimRamCtlOffset\000"
 1103      73547269 
 1103      6D52616D 
 1103      43746C4F 
 1103      66667365 
 1104              	.LASF66:
 1105 0027 64774368 		.ascii	"dwChOffset\000"
 1105      4F666673 
 1105      657400
 1106              	.LASF47:
 1107 0032 73727373 		.ascii	"srssNumHfroot\000"
 1107      4E756D48 
 1107      66726F6F 
 1107      7400
 1108              	.LASF87:
 1109 0040 6770696F 		.ascii	"gpioPrtCfgOutOffset\000"
 1109      50727443 
 1109      66674F75 
 1109      744F6666 
 1109      73657400 
 1110              	.LASF34:
 1111 0054 6873696F 		.ascii	"hsiomVersion\000"
 1111      6D566572 
 1111      73696F6E 
 1111      00
 1112              	.LASF91:
 1113 0061 63707573 		.ascii	"cpussCm4StatusOffset\000"
 1113      73436D34 
 1113      53746174 
 1113      75734F66 
 1113      66736574 
 1114              	.LASF40:
 1115 0076 63707573 		.ascii	"cpussDwChNr\000"
 1115      73447743 
 1115      684E7200 
 1116              	.LASF28:
 1117 0082 63727970 		.ascii	"cryptoBase\000"
 1117      746F4261 
 1117      736500
 1118              	.LASF4:
 1119 008d 73686F72 		.ascii	"short int\000"
 1119      7420696E 
 1119      7400
 1120              	.LASF111:
 1121 0097 5C5C4D61 		.ascii	"\\\\Mac\\Data\\VScode\\GIT\\Onethinx_Project_Exampl"
 1121      635C4461 
 1121      74615C56 
 1121      53636F64 
 1121      655C4749 
 1122 00c4 65735C45 		.ascii	"es\\Example_CapSense\\Onethinx_Creator.cydsn\000"
ARM GAS  C:\Users\Rolf\AppData\Local\Temp\ccR1DGzV.s 			page 26


 1122      78616D70 
 1122      6C655F43 
 1122      61705365 
 1122      6E73655C 
 1123              	.LASF18:
 1124 00ef 73697A65 		.ascii	"sizetype\000"
 1124      74797065 
 1124      00
 1125              	.LASF35:
 1126 00f8 69706356 		.ascii	"ipcVersion\000"
 1126      65727369 
 1126      6F6E00
 1127              	.LASF101:
 1128 0103 63707573 		.ascii	"cpussRam1Ctl0\000"
 1128      7352616D 
 1128      3143746C 
 1128      3000
 1129              	.LASF58:
 1130 0111 666C6173 		.ascii	"flashWriteDelay\000"
 1130      68577269 
 1130      74654465 
 1130      6C617900 
 1131              	.LASF105:
 1132 0121 63795F73 		.ascii	"cy_stc_device_t\000"
 1132      74635F64 
 1132      65766963 
 1132      655F7400 
 1133              	.LASF109:
 1134 0131 474E5520 		.ascii	"GNU C11 5.4.1 20160609 (release) [ARM/embedded-5-br"
 1134      43313120 
 1134      352E342E 
 1134      31203230 
 1134      31363036 
 1135 0164 616E6368 		.ascii	"anch revision 237715] -mcpu=cortex-m0plus -mthumb -"
 1135      20726576 
 1135      6973696F 
 1135      6E203233 
 1135      37373135 
 1136 0197 67202D4F 		.ascii	"g -Og -ffunction-sections -ffat-lto-objects\000"
 1136      67202D66 
 1136      66756E63 
 1136      74696F6E 
 1136      2D736563 
 1137              	.LASF37:
 1138 01c3 70726F74 		.ascii	"protVersion\000"
 1138      56657273 
 1138      696F6E00 
 1139              	.LASF8:
 1140 01cf 5F5F7569 		.ascii	"__uint32_t\000"
 1140      6E743332 
 1140      5F7400
 1141              	.LASF19:
 1142 01da 63707573 		.ascii	"cpussBase\000"
 1142      73426173 
 1142      6500
 1143              	.LASF29:
 1144 01e4 63707573 		.ascii	"cpussVersion\000"
ARM GAS  C:\Users\Rolf\AppData\Local\Temp\ccR1DGzV.s 			page 27


 1144      73566572 
 1144      73696F6E 
 1144      00
 1145              	.LASF5:
 1146 01f1 5F5F7569 		.ascii	"__uint16_t\000"
 1146      6E743136 
 1146      5F7400
 1147              	.LASF38:
 1148 01fc 63707573 		.ascii	"cpussIpcNr\000"
 1148      73497063 
 1148      4E7200
 1149              	.LASF56:
 1150 0207 666C6173 		.ascii	"flashRwwRequired\000"
 1150      68527777 
 1150      52657175 
 1150      69726564 
 1150      00
 1151              	.LASF88:
 1152 0218 6770696F 		.ascii	"gpioPrtCfgSioOffset\000"
 1152      50727443 
 1152      66675369 
 1152      6F4F6666 
 1152      73657400 
 1153              	.LASF13:
 1154 022c 75696E74 		.ascii	"uint8_t\000"
 1154      385F7400 
 1155              	.LASF36:
 1156 0234 70657269 		.ascii	"periVersion\000"
 1156      56657273 
 1156      696F6E00 
 1157              	.LASF67:
 1158 0240 64774368 		.ascii	"dwChSize\000"
 1158      53697A65 
 1158      00
 1159              	.LASF60:
 1160 0249 666C6173 		.ascii	"flashEraseDelay\000"
 1160      68457261 
 1160      73654465 
 1160      6C617900 
 1161              	.LASF68:
 1162 0259 64774368 		.ascii	"dwChCtlPrioPos\000"
 1162      43746C50 
 1162      72696F50 
 1162      6F7300
 1163              	.LASF16:
 1164 0268 75696E74 		.ascii	"uint32_t\000"
 1164      33325F74 
 1164      00
 1165              	.LASF42:
 1166 0271 63707573 		.ascii	"cpussIpc0Irq\000"
 1166      73497063 
 1166      30497271 
 1166      00
 1167              	.LASF97:
 1168 027e 63707573 		.ascii	"cpussCm0NmiCtlOffset\000"
 1168      73436D30 
 1168      4E6D6943 
ARM GAS  C:\Users\Rolf\AppData\Local\Temp\ccR1DGzV.s 			page 28


 1168      746C4F66 
 1168      66736574 
 1169              	.LASF24:
 1170 0293 6873696F 		.ascii	"hsiomBase\000"
 1170      6D426173 
 1170      6500
 1171              	.LASF113:
 1172 029d 64657669 		.ascii	"device\000"
 1172      636500
 1173              	.LASF26:
 1174 02a4 70617373 		.ascii	"passBase\000"
 1174      42617365 
 1174      00
 1175              	.LASF10:
 1176 02ad 6C6F6E67 		.ascii	"long long int\000"
 1176      206C6F6E 
 1176      6720696E 
 1176      7400
 1177              	.LASF74:
 1178 02bb 70657269 		.ascii	"periTrGrOffset\000"
 1178      54724772 
 1178      4F666673 
 1178      657400
 1179              	.LASF71:
 1180 02ca 64775374 		.ascii	"dwStatusChIdxMsk\000"
 1180      61747573 
 1180      43684964 
 1180      784D736B 
 1180      00
 1181              	.LASF96:
 1182 02db 63707573 		.ascii	"cpussSysTickCtlOffset\000"
 1182      73537973 
 1182      5469636B 
 1182      43746C4F 
 1182      66667365 
 1183              	.LASF7:
 1184 02f1 6C6F6E67 		.ascii	"long int\000"
 1184      20696E74 
 1184      00
 1185              	.LASF84:
 1186 02fa 6770696F 		.ascii	"gpioPrtIntrCfgOffset\000"
 1186      50727449 
 1186      6E747243 
 1186      66674F66 
 1186      66736574 
 1187              	.LASF61:
 1188 030f 666C6173 		.ascii	"flashCtlMainWs0Freq\000"
 1188      6843746C 
 1188      4D61696E 
 1188      57733046 
 1188      72657100 
 1189              	.LASF2:
 1190 0323 5F5F7569 		.ascii	"__uint8_t\000"
 1190      6E74385F 
 1190      7400
 1191              	.LASF89:
 1192 032d 63707573 		.ascii	"cpussCm0ClockCtlOffset\000"
ARM GAS  C:\Users\Rolf\AppData\Local\Temp\ccR1DGzV.s 			page 29


 1192      73436D30 
 1192      436C6F63 
 1192      6B43746C 
 1192      4F666673 
 1193              	.LASF81:
 1194 0344 70657269 		.ascii	"periDiv16CtlOffset\000"
 1194      44697631 
 1194      3643746C 
 1194      4F666673 
 1194      657400
 1195              	.LASF64:
 1196 0357 666C6173 		.ascii	"flashCtlMainWs3Freq\000"
 1196      6843746C 
 1196      4D61696E 
 1196      57733346 
 1196      72657100 
 1197              	.LASF80:
 1198 036b 70657269 		.ascii	"periDiv8CtlOffset\000"
 1198      44697638 
 1198      43746C4F 
 1198      66667365 
 1198      7400
 1199              	.LASF90:
 1200 037d 63707573 		.ascii	"cpussCm4ClockCtlOffset\000"
 1200      73436D34 
 1200      436C6F63 
 1200      6B43746C 
 1200      4F666673 
 1201              	.LASF73:
 1202 0394 70657269 		.ascii	"periTrCmdGrSelMsk\000"
 1202      5472436D 
 1202      64477253 
 1202      656C4D73 
 1202      6B00
 1203              	.LASF75:
 1204 03a6 70657269 		.ascii	"periTrGrSize\000"
 1204      54724772 
 1204      53697A65 
 1204      00
 1205              	.LASF17:
 1206 03b3 6C6F6E67 		.ascii	"long double\000"
 1206      20646F75 
 1206      626C6500 
 1207              	.LASF102:
 1208 03bf 63707573 		.ascii	"cpussRam2Ctl0\000"
 1208      7352616D 
 1208      3243746C 
 1208      3000
 1209              	.LASF52:
 1210 03cd 75646250 		.ascii	"udbPresent\000"
 1210      72657365 
 1210      6E7400
 1211              	.LASF1:
 1212 03d8 756E7369 		.ascii	"unsigned char\000"
 1212      676E6564 
 1212      20636861 
 1212      7200
ARM GAS  C:\Users\Rolf\AppData\Local\Temp\ccR1DGzV.s 			page 30


 1213              	.LASF53:
 1214 03e6 73797350 		.ascii	"sysPmSimoPresent\000"
 1214      6D53696D 
 1214      6F507265 
 1214      73656E74 
 1214      00
 1215              	.LASF21:
 1216 03f7 70657269 		.ascii	"periBase\000"
 1216      42617365 
 1216      00
 1217              	.LASF0:
 1218 0400 7369676E 		.ascii	"signed char\000"
 1218      65642063 
 1218      68617200 
 1219              	.LASF11:
 1220 040c 6C6F6E67 		.ascii	"long long unsigned int\000"
 1220      206C6F6E 
 1220      6720756E 
 1220      7369676E 
 1220      65642069 
 1221              	.LASF25:
 1222 0423 6770696F 		.ascii	"gpioBase\000"
 1222      42617365 
 1222      00
 1223              	.LASF106:
 1224 042c 63795F64 		.ascii	"cy_deviceIpBlockCfgPSoC6_01\000"
 1224      65766963 
 1224      65497042 
 1224      6C6F636B 
 1224      43666750 
 1225              	.LASF107:
 1226 0448 63795F64 		.ascii	"cy_deviceIpBlockCfgPSoC6_02\000"
 1226      65766963 
 1226      65497042 
 1226      6C6F636B 
 1226      43666750 
 1227              	.LASF112:
 1228 0464 43795F50 		.ascii	"Cy_PDL_Init\000"
 1228      444C5F49 
 1228      6E697400 
 1229              	.LASF59:
 1230 0470 666C6173 		.ascii	"flashProgramDelay\000"
 1230      6850726F 
 1230      6772616D 
 1230      44656C61 
 1230      7900
 1231              	.LASF43:
 1232 0482 63707573 		.ascii	"cpussFmIrq\000"
 1232      73466D49 
 1232      727100
 1233              	.LASF44:
 1234 048d 63707573 		.ascii	"cpussNotConnectedIrq\000"
 1234      734E6F74 
 1234      436F6E6E 
 1234      65637465 
 1234      64497271 
 1235              	.LASF104:
ARM GAS  C:\Users\Rolf\AppData\Local\Temp\ccR1DGzV.s 			page 31


 1236 04a2 6970634C 		.ascii	"ipcLockStatusOffset\000"
 1236      6F636B53 
 1236      74617475 
 1236      734F6666 
 1236      73657400 
 1237              	.LASF83:
 1238 04b6 70657269 		.ascii	"periDiv24_5CtlOffset\000"
 1238      44697632 
 1238      345F3543 
 1238      746C4F66 
 1238      66736574 
 1239              	.LASF32:
 1240 04cb 666C6173 		.ascii	"flashcVersion\000"
 1240      68635665 
 1240      7273696F 
 1240      6E00
 1241              	.LASF6:
 1242 04d9 73686F72 		.ascii	"short unsigned int\000"
 1242      7420756E 
 1242      7369676E 
 1242      65642069 
 1242      6E7400
 1243              	.LASF15:
 1244 04ec 75696E74 		.ascii	"uint16_t\000"
 1244      31365F74 
 1244      00
 1245              	.LASF54:
 1246 04f5 70726F74 		.ascii	"protBusMasterMask\000"
 1246      4275734D 
 1246      61737465 
 1246      724D6173 
 1246      6B00
 1247              	.LASF77:
 1248 0507 70657269 		.ascii	"periDivCmdTypeSelPos\000"
 1248      44697643 
 1248      6D645479 
 1248      70655365 
 1248      6C506F73 
 1249              	.LASF76:
 1250 051c 70657269 		.ascii	"periDivCmdDivSelMsk\000"
 1250      44697643 
 1250      6D644469 
 1250      7653656C 
 1250      4D736B00 
 1251              	.LASF22:
 1252 0530 75646242 		.ascii	"udbBase\000"
 1252      61736500 
 1253              	.LASF48:
 1254 0538 70657269 		.ascii	"periClockNr\000"
 1254      436C6F63 
 1254      6B4E7200 
 1255              	.LASF46:
 1256 0544 73727373 		.ascii	"srssNumPll\000"
 1256      4E756D50 
 1256      6C6C00
 1257              	.LASF14:
 1258 054f 696E7431 		.ascii	"int16_t\000"
ARM GAS  C:\Users\Rolf\AppData\Local\Temp\ccR1DGzV.s 			page 32


 1258      365F7400 
 1259              	.LASF45:
 1260 0557 73727373 		.ascii	"srssNumClkpath\000"
 1260      4E756D43 
 1260      6C6B7061 
 1260      746800
 1261              	.LASF72:
 1262 0566 70657269 		.ascii	"periTrCmdOffset\000"
 1262      5472436D 
 1262      644F6666 
 1262      73657400 
 1263              	.LASF55:
 1264 0576 63727970 		.ascii	"cryptoMemSize\000"
 1264      746F4D65 
 1264      6D53697A 
 1264      6500
 1265              	.LASF85:
 1266 0584 6770696F 		.ascii	"gpioPrtCfgOffset\000"
 1266      50727443 
 1266      66674F66 
 1266      66736574 
 1266      00
 1267              	.LASF30:
 1268 0595 63727970 		.ascii	"cryptoVersion\000"
 1268      746F5665 
 1268      7273696F 
 1268      6E00
 1269              	.LASF33:
 1270 05a3 6770696F 		.ascii	"gpioVersion\000"
 1270      56657273 
 1270      696F6E00 
 1271              	.LASF93:
 1272 05af 63707573 		.ascii	"cpussCm4PwrCtlOffset\000"
 1272      73436D34 
 1272      50777243 
 1272      746C4F66 
 1272      66736574 
 1273              	.LASF62:
 1274 05c4 666C6173 		.ascii	"flashCtlMainWs1Freq\000"
 1274      6843746C 
 1274      4D61696E 
 1274      57733146 
 1274      72657100 
 1275              	.LASF9:
 1276 05d8 6C6F6E67 		.ascii	"long unsigned int\000"
 1276      20756E73 
 1276      69676E65 
 1276      6420696E 
 1276      7400
 1277              	.LASF100:
 1278 05ea 63707573 		.ascii	"cpussRam0Ctl0\000"
 1278      7352616D 
 1278      3043746C 
 1278      3000
 1279              	.LASF31:
 1280 05f8 64775665 		.ascii	"dwVersion\000"
 1280      7273696F 
ARM GAS  C:\Users\Rolf\AppData\Local\Temp\ccR1DGzV.s 			page 33


 1280      6E00
 1281              	.LASF51:
 1282 0602 65704D6F 		.ascii	"epMonitorNr\000"
 1282      6E69746F 
 1282      724E7200 
 1283              	.LASF86:
 1284 060e 6770696F 		.ascii	"gpioPrtCfgInOffset\000"
 1284      50727443 
 1284      6667496E 
 1284      4F666673 
 1284      657400
 1285              	.LASF108:
 1286 0621 63795F64 		.ascii	"cy_device\000"
 1286      65766963 
 1286      6500
 1287              	.LASF20:
 1288 062b 666C6173 		.ascii	"flashcBase\000"
 1288      68634261 
 1288      736500
 1289              	.LASF78:
 1290 0636 70657269 		.ascii	"periDivCmdPaDivSelPos\000"
 1290      44697643 
 1290      6D645061 
 1290      44697653 
 1290      656C506F 
 1291              	.LASF50:
 1292 064c 70617373 		.ascii	"passSarChannels\000"
 1292      53617243 
 1292      68616E6E 
 1292      656C7300 
 1293              	.LASF39:
 1294 065c 63707573 		.ascii	"cpussIpcIrqNr\000"
 1294      73497063 
 1294      4972714E 
 1294      7200
 1295              	.LASF3:
 1296 066a 5F5F696E 		.ascii	"__int16_t\000"
 1296      7431365F 
 1296      7400
 1297              	.LASF98:
 1298 0674 63707573 		.ascii	"cpussCm4NmiCtlOffset\000"
 1298      73436D34 
 1298      4E6D6943 
 1298      746C4F66 
 1298      66736574 
 1299              	.LASF79:
 1300 0689 70657269 		.ascii	"periDivCmdPaTypeSelPos\000"
 1300      44697643 
 1300      6D645061 
 1300      54797065 
 1300      53656C50 
 1301              	.LASF63:
 1302 06a0 666C6173 		.ascii	"flashCtlMainWs2Freq\000"
 1302      6843746C 
 1302      4D61696E 
 1302      57733246 
 1302      72657100 
ARM GAS  C:\Users\Rolf\AppData\Local\Temp\ccR1DGzV.s 			page 34


 1303              	.LASF82:
 1304 06b4 70657269 		.ascii	"periDiv16_5CtlOffset\000"
 1304      44697631 
 1304      365F3543 
 1304      746C4F66 
 1304      66736574 
 1305              	.LASF95:
 1306 06c9 63707573 		.ascii	"cpussTrimRomCtlOffset\000"
 1306      73547269 
 1306      6D526F6D 
 1306      43746C4F 
 1306      66667365 
 1307              	.LASF57:
 1308 06df 666C6173 		.ascii	"flashPipeRequired\000"
 1308      68506970 
 1308      65526571 
 1308      75697265 
 1308      6400
 1309              	.LASF103:
 1310 06f1 69706353 		.ascii	"ipcStructSize\000"
 1310      74727563 
 1310      7453697A 
 1310      6500
 1311              	.LASF27:
 1312 06ff 69706342 		.ascii	"ipcBase\000"
 1312      61736500 
 1313              	.LASF23:
 1314 0707 70726F74 		.ascii	"protBase\000"
 1314      42617365 
 1314      00
 1315              	.LASF99:
 1316 0710 63707573 		.ascii	"cpussRomCtl\000"
 1316      73526F6D 
 1316      43746C00 
 1317              	.LASF12:
 1318 071c 756E7369 		.ascii	"unsigned int\000"
 1318      676E6564 
 1318      20696E74 
 1318      00
 1319              	.LASF49:
 1320 0729 736D6966 		.ascii	"smifDeviceNr\000"
 1320      44657669 
 1320      63654E72 
 1320      00
 1321              	.LASF110:
 1322 0736 47656E65 		.ascii	"Generated_Source\\PSoC6\\pdl\\drivers\\peripheral\\"
 1322      72617465 
 1322      645F536F 
 1322      75726365 
 1322      5C50536F 
 1323 0764 64657669 		.ascii	"device\\cy_device.c\000"
 1323      63655C63 
 1323      795F6465 
 1323      76696365 
 1323      2E6300
 1324              	.LASF92:
 1325 0777 63707573 		.ascii	"cpussCm0StatusOffset\000"
ARM GAS  C:\Users\Rolf\AppData\Local\Temp\ccR1DGzV.s 			page 35


 1325      73436D30 
 1325      53746174 
 1325      75734F66 
 1325      66736574 
 1326              	.LASF65:
 1327 078c 666C6173 		.ascii	"flashCtlMainWs4Freq\000"
 1327      6843746C 
 1327      4D61696E 
 1327      57733446 
 1327      72657100 
 1328              	.LASF70:
 1329 07a0 64775374 		.ascii	"dwStatusChIdxPos\000"
 1329      61747573 
 1329      43684964 
 1329      78506F73 
 1329      00
 1330              	.LASF69:
 1331 07b1 64774368 		.ascii	"dwChCtlPreemptablePos\000"
 1331      43746C50 
 1331      7265656D 
 1331      70746162 
 1331      6C65506F 
 1332              		.ident	"GCC: (GNU Tools for ARM Embedded Processors) 5.4.1 20160609 (release) [ARM/embedded-5-bran
